<?xml version="1.0"?>
<link_info>
   <banner>TI ARM Linker Unix v15.12.1.LTS</banner>
   <copyright>Copyright (c) 1996-2015 Texas Instruments Incorporated</copyright>
   <link_time>0x589a7b2c</link_time>
   <link_errors>0x0</link_errors>
   <output_file>enet_lwip.out</output_file>
   <entry_point>
      <name>_c_int00</name>
      <address>0x4145</address>
   </entry_point>
   <input_file_list>
      <input_file id="fl-2">
         <path>./</path>
         <kind>object</kind>
         <file>enet_fs.obj</file>
         <name>enet_fs.obj</name>
      </input_file>
      <input_file id="fl-3">
         <path>./</path>
         <kind>object</kind>
         <file>enet_lwip.obj</file>
         <name>enet_lwip.obj</name>
      </input_file>
      <input_file id="fl-4">
         <path>./</path>
         <kind>object</kind>
         <file>startup_ccs.obj</file>
         <name>startup_ccs.obj</name>
      </input_file>
      <input_file id="fl-5">
         <path>./drivers/</path>
         <kind>object</kind>
         <file>frame.obj</file>
         <name>frame.obj</name>
      </input_file>
      <input_file id="fl-6">
         <path>./drivers/</path>
         <kind>object</kind>
         <file>kentec320x240x16_ssd2119.obj</file>
         <name>kentec320x240x16_ssd2119.obj</name>
      </input_file>
      <input_file id="fl-7">
         <path>./drivers/</path>
         <kind>object</kind>
         <file>pinout.obj</file>
         <name>pinout.obj</name>
      </input_file>
      <input_file id="fl-8">
         <path>./third_party/fatfs/port/</path>
         <kind>object</kind>
         <file>mmc-dk-tm4c129x.obj</file>
         <name>mmc-dk-tm4c129x.obj</name>
      </input_file>
      <input_file id="fl-9">
         <path>./third_party/fatfs/src/</path>
         <kind>object</kind>
         <file>ff.obj</file>
         <name>ff.obj</name>
      </input_file>
      <input_file id="fl-a">
         <path>./third_party/lwip-1.4.1/apps/httpserver_raw/</path>
         <kind>object</kind>
         <file>httpd.obj</file>
         <name>httpd.obj</name>
      </input_file>
      <input_file id="fl-b">
         <path>./utils/</path>
         <kind>object</kind>
         <file>locator.obj</file>
         <name>locator.obj</name>
      </input_file>
      <input_file id="fl-c">
         <path>./utils/</path>
         <kind>object</kind>
         <file>lwiplib.obj</file>
         <name>lwiplib.obj</name>
      </input_file>
      <input_file id="fl-d">
         <path>./utils/</path>
         <kind>object</kind>
         <file>ustdlib.obj</file>
         <name>ustdlib.obj</name>
      </input_file>
      <input_file id="fl-c9">
         <path>/Applications/ti/ccsv6/tools/compiler/ti-cgt-arm_15.12.1.LTS/lib/</path>
         <kind>archive</kind>
         <file>rtsv7M4_T_le_v4SPD16_eabi.lib</file>
         <name>boot.obj</name>
      </input_file>
      <input_file id="fl-ca">
         <path>/Applications/ti/ccsv6/tools/compiler/ti-cgt-arm_15.12.1.LTS/lib/</path>
         <kind>archive</kind>
         <file>rtsv7M4_T_le_v4SPD16_eabi.lib</file>
         <name>copy_decompress_none.obj</name>
      </input_file>
      <input_file id="fl-cb">
         <path>/Applications/ti/ccsv6/tools/compiler/ti-cgt-arm_15.12.1.LTS/lib/</path>
         <kind>archive</kind>
         <file>rtsv7M4_T_le_v4SPD16_eabi.lib</file>
         <name>copy_decompress_rle.obj</name>
      </input_file>
      <input_file id="fl-cc">
         <path>/Applications/ti/ccsv6/tools/compiler/ti-cgt-arm_15.12.1.LTS/lib/</path>
         <kind>archive</kind>
         <file>rtsv7M4_T_le_v4SPD16_eabi.lib</file>
         <name>copy_zero_init.obj</name>
      </input_file>
      <input_file id="fl-cd">
         <path>/Applications/ti/ccsv6/tools/compiler/ti-cgt-arm_15.12.1.LTS/lib/</path>
         <kind>archive</kind>
         <file>rtsv7M4_T_le_v4SPD16_eabi.lib</file>
         <name>exit.obj</name>
      </input_file>
      <input_file id="fl-ce">
         <path>/Applications/ti/ccsv6/tools/compiler/ti-cgt-arm_15.12.1.LTS/lib/</path>
         <kind>archive</kind>
         <file>rtsv7M4_T_le_v4SPD16_eabi.lib</file>
         <name>memcmp.obj</name>
      </input_file>
      <input_file id="fl-cf">
         <path>/Applications/ti/ccsv6/tools/compiler/ti-cgt-arm_15.12.1.LTS/lib/</path>
         <kind>archive</kind>
         <file>rtsv7M4_T_le_v4SPD16_eabi.lib</file>
         <name>memcpy_t2.obj</name>
      </input_file>
      <input_file id="fl-d0">
         <path>/Applications/ti/ccsv6/tools/compiler/ti-cgt-arm_15.12.1.LTS/lib/</path>
         <kind>archive</kind>
         <file>rtsv7M4_T_le_v4SPD16_eabi.lib</file>
         <name>memset_t2.obj</name>
      </input_file>
      <input_file id="fl-d1">
         <path>/Applications/ti/ccsv6/tools/compiler/ti-cgt-arm_15.12.1.LTS/lib/</path>
         <kind>archive</kind>
         <file>rtsv7M4_T_le_v4SPD16_eabi.lib</file>
         <name>mpu_init.obj</name>
      </input_file>
      <input_file id="fl-d2">
         <path>/Applications/ti/ccsv6/tools/compiler/ti-cgt-arm_15.12.1.LTS/lib/</path>
         <kind>archive</kind>
         <file>rtsv7M4_T_le_v4SPD16_eabi.lib</file>
         <name>pre_init.obj</name>
      </input_file>
      <input_file id="fl-d3">
         <path>/Applications/ti/ccsv6/tools/compiler/ti-cgt-arm_15.12.1.LTS/lib/</path>
         <kind>archive</kind>
         <file>rtsv7M4_T_le_v4SPD16_eabi.lib</file>
         <name>stkdepth_vars.obj</name>
      </input_file>
      <input_file id="fl-d4">
         <path>/Applications/ti/ccsv6/tools/compiler/ti-cgt-arm_15.12.1.LTS/lib/</path>
         <kind>archive</kind>
         <file>rtsv7M4_T_le_v4SPD16_eabi.lib</file>
         <name>strchr.obj</name>
      </input_file>
      <input_file id="fl-d5">
         <path>/Applications/ti/ccsv6/tools/compiler/ti-cgt-arm_15.12.1.LTS/lib/</path>
         <kind>archive</kind>
         <file>rtsv7M4_T_le_v4SPD16_eabi.lib</file>
         <name>strcmp.obj</name>
      </input_file>
      <input_file id="fl-d6">
         <path>/Applications/ti/ccsv6/tools/compiler/ti-cgt-arm_15.12.1.LTS/lib/</path>
         <kind>archive</kind>
         <file>rtsv7M4_T_le_v4SPD16_eabi.lib</file>
         <name>strlen.obj</name>
      </input_file>
      <input_file id="fl-d7">
         <path>/Applications/ti/ccsv6/tools/compiler/ti-cgt-arm_15.12.1.LTS/lib/</path>
         <kind>archive</kind>
         <file>rtsv7M4_T_le_v4SPD16_eabi.lib</file>
         <name>strncmp.obj</name>
      </input_file>
      <input_file id="fl-d8">
         <path>/Applications/ti/ccsv6/tools/compiler/ti-cgt-arm_15.12.1.LTS/lib/</path>
         <kind>archive</kind>
         <file>rtsv7M4_T_le_v4SPD16_eabi.lib</file>
         <name>strstr.obj</name>
      </input_file>
      <input_file id="fl-d9">
         <path>/Applications/ti/ccsv6/tools/compiler/ti-cgt-arm_15.12.1.LTS/lib/</path>
         <kind>archive</kind>
         <file>rtsv7M4_T_le_v4SPD16_eabi.lib</file>
         <name>u_divt2.obj</name>
      </input_file>
      <input_file id="fl-da">
         <path>/Applications/ti/ccsv6/tools/compiler/ti-cgt-arm_15.12.1.LTS/lib/</path>
         <kind>archive</kind>
         <file>rtsv7M4_T_le_v4SPD16_eabi.lib</file>
         <name>_lock.obj</name>
      </input_file>
      <input_file id="fl-db">
         <path>/Applications/ti/ccsv6/tools/compiler/ti-cgt-arm_15.12.1.LTS/lib/</path>
         <kind>archive</kind>
         <file>rtsv7M4_T_le_v4SPD16_eabi.lib</file>
         <name>args_main.obj</name>
      </input_file>
      <input_file id="fl-dc">
         <path>/Applications/ti/ccsv6/tools/compiler/ti-cgt-arm_15.12.1.LTS/lib/</path>
         <kind>archive</kind>
         <file>rtsv7M4_T_le_v4SPD16_eabi.lib</file>
         <name>autoinit.obj</name>
      </input_file>
      <input_file id="fl-dd">
         <path>/Applications/ti/ccsv6/tools/compiler/ti-cgt-arm_15.12.1.LTS/lib/</path>
         <kind>archive</kind>
         <file>rtsv7M4_T_le_v4SPD16_eabi.lib</file>
         <name>cpy_tbl.obj</name>
      </input_file>
      <input_file id="fl-de">
         <path>/Applications/ti/ccsv6/tools/compiler/ti-cgt-arm_15.12.1.LTS/lib/</path>
         <kind>archive</kind>
         <file>rtsv7M4_T_le_v4SPD16_eabi.lib</file>
         <name>i_div0.obj</name>
      </input_file>
      <input_file id="fl-df">
         <path>/Applications/ti/ccsv6/tools/compiler/ti-cgt-arm_15.12.1.LTS/lib/</path>
         <kind>archive</kind>
         <file>rtsv7M4_T_le_v4SPD16_eabi.lib</file>
         <name>startup.obj</name>
      </input_file>
      <input_file id="fl-e0">
         <path>/Users/ceylon/Code/TI/SW-TM4C-2.1.3.156/driverlib/ccs/Debug/</path>
         <kind>archive</kind>
         <file>driverlib.lib</file>
         <name>emac.obj</name>
      </input_file>
      <input_file id="fl-e1">
         <path>/Users/ceylon/Code/TI/SW-TM4C-2.1.3.156/driverlib/ccs/Debug/</path>
         <kind>archive</kind>
         <file>driverlib.lib</file>
         <name>gpio.obj</name>
      </input_file>
      <input_file id="fl-e2">
         <path>/Users/ceylon/Code/TI/SW-TM4C-2.1.3.156/driverlib/ccs/Debug/</path>
         <kind>archive</kind>
         <file>driverlib.lib</file>
         <name>interrupt.obj</name>
      </input_file>
      <input_file id="fl-e3">
         <path>/Users/ceylon/Code/TI/SW-TM4C-2.1.3.156/driverlib/ccs/Debug/</path>
         <kind>archive</kind>
         <file>driverlib.lib</file>
         <name>lcd.obj</name>
      </input_file>
      <input_file id="fl-e4">
         <path>/Users/ceylon/Code/TI/SW-TM4C-2.1.3.156/driverlib/ccs/Debug/</path>
         <kind>archive</kind>
         <file>driverlib.lib</file>
         <name>sw_crc.obj</name>
      </input_file>
      <input_file id="fl-e5">
         <path>/Users/ceylon/Code/TI/SW-TM4C-2.1.3.156/driverlib/ccs/Debug/</path>
         <kind>archive</kind>
         <file>driverlib.lib</file>
         <name>sysctl.obj</name>
      </input_file>
      <input_file id="fl-e6">
         <path>/Users/ceylon/Code/TI/SW-TM4C-2.1.3.156/driverlib/ccs/Debug/</path>
         <kind>archive</kind>
         <file>driverlib.lib</file>
         <name>cpu.obj</name>
      </input_file>
      <input_file id="fl-e7">
         <path>/Users/ceylon/Code/TI/SW-TM4C-2.1.3.156/grlib/ccs/Debug/</path>
         <kind>archive</kind>
         <file>grlib.lib</file>
         <name>circle.obj</name>
      </input_file>
      <input_file id="fl-e8">
         <path>/Users/ceylon/Code/TI/SW-TM4C-2.1.3.156/grlib/ccs/Debug/</path>
         <kind>archive</kind>
         <file>grlib.lib</file>
         <name>context.obj</name>
      </input_file>
      <input_file id="fl-e9">
         <path>/Users/ceylon/Code/TI/SW-TM4C-2.1.3.156/grlib/ccs/Debug/</path>
         <kind>archive</kind>
         <file>grlib.lib</file>
         <name>image.obj</name>
      </input_file>
      <input_file id="fl-ea">
         <path>/Users/ceylon/Code/TI/SW-TM4C-2.1.3.156/grlib/ccs/Debug/</path>
         <kind>archive</kind>
         <file>grlib.lib</file>
         <name>line.obj</name>
      </input_file>
      <input_file id="fl-eb">
         <path>/Users/ceylon/Code/TI/SW-TM4C-2.1.3.156/grlib/ccs/Debug/</path>
         <kind>archive</kind>
         <file>grlib.lib</file>
         <name>rectangle.obj</name>
      </input_file>
      <input_file id="fl-ec">
         <path>/Users/ceylon/Code/TI/SW-TM4C-2.1.3.156/grlib/ccs/Debug/</path>
         <kind>archive</kind>
         <file>grlib.lib</file>
         <name>string.obj</name>
      </input_file>
      <input_file id="fl-ed">
         <path>/Users/ceylon/Code/TI/SW-TM4C-2.1.3.156/grlib/ccs/Debug/</path>
         <kind>archive</kind>
         <file>grlib.lib</file>
         <name>fontcmss18b.obj</name>
      </input_file>
      <input_file id="fl-ee">
         <path>/Users/ceylon/Code/TI/SW-TM4C-2.1.3.156/grlib/ccs/Debug/</path>
         <kind>archive</kind>
         <file>grlib.lib</file>
         <name>charmap.obj</name>
      </input_file>
   </input_file_list>
   <object_component_list>
      <object_component id="oc-f">
         <name>.intvecs</name>
         <load_address>0x0</load_address>
         <run_address>0x0</run_address>
         <size>0x200</size>
         <input_file_ref idref="fl-4"/>
      </object_component>
      <object_component id="oc-5e0">
         <name>.text:tcp_receive</name>
         <load_address>0x200</load_address>
         <run_address>0x200</run_address>
         <size>0x7bc</size>
         <input_file_ref idref="fl-c"/>
      </object_component>
      <object_component id="oc-40a">
         <name>.text:tcp_input</name>
         <load_address>0x9bc</load_address>
         <run_address>0x9bc</run_address>
         <size>0x3b0</size>
         <input_file_ref idref="fl-c"/>
      </object_component>
      <object_component id="oc-4ca">
         <name>.text:tcp_process</name>
         <load_address>0xd6c</load_address>
         <run_address>0xd6c</run_address>
         <size>0x3b0</size>
         <input_file_ref idref="fl-c"/>
      </object_component>
      <object_component id="oc-26a">
         <name>.text:tcp_slowtmr</name>
         <load_address>0x111c</load_address>
         <run_address>0x111c</run_address>
         <size>0x2c8</size>
         <input_file_ref idref="fl-c"/>
      </object_component>
      <object_component id="oc-1c1">
         <name>.text:SysCtlClockFreqSet</name>
         <load_address>0x13e4</load_address>
         <run_address>0x13e4</run_address>
         <size>0x1ec</size>
         <input_file_ref idref="fl-e5"/>
      </object_component>
      <object_component id="oc-300">
         <name>.text:ip_input</name>
         <load_address>0x15d0</load_address>
         <run_address>0x15d0</run_address>
         <size>0x1a8</size>
         <input_file_ref idref="fl-c"/>
      </object_component>
      <object_component id="oc-404">
         <name>.text:udp_input</name>
         <load_address>0x1778</load_address>
         <run_address>0x1778</run_address>
         <size>0x194</size>
         <input_file_ref idref="fl-c"/>
      </object_component>
      <object_component id="oc-320">
         <name>.text:tcp_output</name>
         <load_address>0x190c</load_address>
         <run_address>0x190c</run_address>
         <size>0x190</size>
         <input_file_ref idref="fl-c"/>
      </object_component>
      <object_component id="oc-410">
         <name>.text:icmp_input</name>
         <load_address>0x1a9c</load_address>
         <run_address>0x1a9c</run_address>
         <size>0x184</size>
         <input_file_ref idref="fl-c"/>
      </object_component>
      <object_component id="oc-f2">
         <name>.text:main</name>
         <load_address>0x1c20</load_address>
         <run_address>0x1c20</run_address>
         <size>0x174</size>
         <input_file_ref idref="fl-3"/>
      </object_component>
      <object_component id="oc-5fd">
         <name>.text:tcp_close_shutdown</name>
         <load_address>0x1d94</load_address>
         <run_address>0x1d94</run_address>
         <size>0x148</size>
         <input_file_ref idref="fl-c"/>
      </object_component>
      <object_component id="oc-128">
         <name>.text:tivaif_receive</name>
         <load_address>0x1edc</load_address>
         <run_address>0x1edc</run_address>
         <size>0x140</size>
         <input_file_ref idref="fl-c"/>
      </object_component>
      <object_component id="oc-253">
         <name>.text:pbuf_alloc</name>
         <load_address>0x201c</load_address>
         <run_address>0x201c</run_address>
         <size>0x136</size>
         <input_file_ref idref="fl-c"/>
      </object_component>
      <object_component id="oc-37">
         <name>.text:FaultISR</name>
         <load_address>0x2152</load_address>
         <run_address>0x2152</run_address>
         <size>0x2</size>
         <input_file_ref idref="fl-4"/>
      </object_component>
      <object_component id="oc-2f4">
         <name>.text:etharp_arp_input</name>
         <load_address>0x2154</load_address>
         <run_address>0x2154</run_address>
         <size>0x124</size>
         <input_file_ref idref="fl-c"/>
      </object_component>
      <object_component id="oc-487">
         <name>.text:etharp_output</name>
         <load_address>0x2278</load_address>
         <run_address>0x2278</run_address>
         <size>0x118</size>
         <input_file_ref idref="fl-c"/>
      </object_component>
      <object_component id="oc-596">
         <name>.text:etharp_query</name>
         <load_address>0x2390</load_address>
         <run_address>0x2390</run_address>
         <size>0x114</size>
         <input_file_ref idref="fl-c"/>
      </object_component>
      <object_component id="oc-4be">
         <name>.text:tcp_listen_input</name>
         <load_address>0x24a4</load_address>
         <run_address>0x24a4</run_address>
         <size>0x114</size>
         <input_file_ref idref="fl-c"/>
      </object_component>
      <object_component id="oc-48d">
         <name>.text:tivaif_transmit</name>
         <load_address>0x25b8</load_address>
         <run_address>0x25b8</run_address>
         <size>0x100</size>
         <input_file_ref idref="fl-c"/>
      </object_component>
      <object_component id="oc-316">
         <name>.text:mem_malloc</name>
         <load_address>0x26b8</load_address>
         <run_address>0x26b8</run_address>
         <size>0xf8</size>
         <input_file_ref idref="fl-c"/>
      </object_component>
      <object_component id="oc-4ac">
         <name>.text:mem_trim</name>
         <load_address>0x27b0</load_address>
         <run_address>0x27b0</run_address>
         <size>0xe8</size>
         <input_file_ref idref="fl-c"/>
      </object_component>
      <object_component id="oc-1c7">
         <name>.text:lwIPInit</name>
         <load_address>0x2898</load_address>
         <run_address>0x2898</run_address>
         <size>0xe4</size>
         <input_file_ref idref="fl-c"/>
      </object_component>
      <object_component id="oc-49e">
         <name>.text:etharp_find_entry</name>
         <load_address>0x297c</load_address>
         <run_address>0x297c</run_address>
         <size>0xe0</size>
         <input_file_ref idref="fl-c"/>
      </object_component>
      <object_component id="oc-5c0">
         <name>.text:tcp_alloc</name>
         <load_address>0x2a5c</load_address>
         <run_address>0x2a5c</run_address>
         <size>0xd0</size>
         <input_file_ref idref="fl-c"/>
      </object_component>
      <object_component id="oc-54b">
         <name>.text:InitDMADescriptors</name>
         <load_address>0x2b2c</load_address>
         <run_address>0x2b2c</run_address>
         <size>0xc4</size>
         <input_file_ref idref="fl-c"/>
      </object_component>
      <object_component id="oc-3c5">
         <name>.text:etharp_raw</name>
         <load_address>0x2bf0</load_address>
         <run_address>0x2bf0</run_address>
         <size>0xc4</size>
         <input_file_ref idref="fl-c"/>
      </object_component>
      <object_component id="oc-428">
         <name>.text:tcp_output_segment</name>
         <load_address>0x2cb4</load_address>
         <run_address>0x2cb4</run_address>
         <size>0xc0</size>
         <input_file_ref idref="fl-c"/>
      </object_component>
      <object_component id="oc-65c">
         <name>.text:tcp_create_segment</name>
         <load_address>0x2d74</load_address>
         <run_address>0x2d74</run_address>
         <size>0xbc</size>
         <input_file_ref idref="fl-c"/>
      </object_component>
      <object_component id="oc-47e">
         <name>.text:tivaif_hwinit</name>
         <load_address>0x2e30</load_address>
         <run_address>0x2e30</run_address>
         <size>0xbc</size>
         <input_file_ref idref="fl-c"/>
      </object_component>
      <object_component id="oc-5d2">
         <name>.text:tcp_enqueue_flags</name>
         <load_address>0x2eec</load_address>
         <run_address>0x2eec</run_address>
         <size>0xa8</size>
         <input_file_ref idref="fl-c"/>
      </object_component>
      <object_component id="oc-24d">
         <name>.text:ethernet_input</name>
         <load_address>0x2f94</load_address>
         <run_address>0x2f94</run_address>
         <size>0xa4</size>
         <input_file_ref idref="fl-c"/>
      </object_component>
      <object_component id="oc-4ed">
         <name>.text:ip_output_if</name>
         <load_address>0x3038</load_address>
         <run_address>0x3038</run_address>
         <size>0xa4</size>
         <input_file_ref idref="fl-c"/>
      </object_component>
      <object_component id="oc-52">
         <name>.text</name>
         <load_address>0x30dc</load_address>
         <run_address>0x30dc</run_address>
         <size>0x9c</size>
         <input_file_ref idref="fl-cf"/>
      </object_component>
      <object_component id="oc-4e7">
         <name>.text:pbuf_copy</name>
         <load_address>0x3178</load_address>
         <run_address>0x3178</run_address>
         <size>0x92</size>
         <input_file_ref idref="fl-c"/>
      </object_component>
      <object_component id="oc-3d">
         <name>.text:IntDefaultHandler</name>
         <load_address>0x320a</load_address>
         <run_address>0x320a</run_address>
         <size>0x2</size>
         <input_file_ref idref="fl-4"/>
      </object_component>
      <object_component id="oc-5d8">
         <name>.text:tcp_abandon</name>
         <load_address>0x320c</load_address>
         <run_address>0x320c</run_address>
         <size>0x90</size>
         <input_file_ref idref="fl-c"/>
      </object_component>
      <object_component id="oc-335">
         <name>.text:tcp_zero_window_probe</name>
         <load_address>0x329c</load_address>
         <run_address>0x329c</run_address>
         <size>0x8c</size>
         <input_file_ref idref="fl-c"/>
      </object_component>
      <object_component id="oc-4c4">
         <name>.text:tcp_timewait_input</name>
         <load_address>0x3328</load_address>
         <run_address>0x3328</run_address>
         <size>0x84</size>
         <input_file_ref idref="fl-c"/>
      </object_component>
      <object_component id="oc-29e">
         <name>.text:lwIPPrivateInit</name>
         <load_address>0x33ac</load_address>
         <run_address>0x33ac</run_address>
         <size>0x80</size>
         <input_file_ref idref="fl-c"/>
      </object_component>
      <object_component id="oc-5cc">
         <name>.text:tcp_parseopt</name>
         <load_address>0x342c</load_address>
         <run_address>0x342c</run_address>
         <size>0x80</size>
         <input_file_ref idref="fl-c"/>
      </object_component>
      <object_component id="oc-34d">
         <name>.text:tcp_rst</name>
         <load_address>0x34ac</load_address>
         <run_address>0x34ac</run_address>
         <size>0x7c</size>
         <input_file_ref idref="fl-c"/>
      </object_component>
      <object_component id="oc-11c">
         <name>.text:tivaif_process_phy_interrupt</name>
         <load_address>0x3528</load_address>
         <run_address>0x3528</run_address>
         <size>0x7c</size>
         <input_file_ref idref="fl-c"/>
      </object_component>
      <object_component id="oc-6b">
         <name>.text</name>
         <load_address>0x35a4</load_address>
         <run_address>0x35a4</run_address>
         <size>0x7a</size>
         <input_file_ref idref="fl-d0"/>
      </object_component>
      <object_component id="oc-31">
         <name>.text:NmiSR</name>
         <load_address>0x361e</load_address>
         <run_address>0x361e</run_address>
         <size>0x2</size>
         <input_file_ref idref="fl-4"/>
      </object_component>
      <object_component id="oc-298">
         <name>.text:EMACInit</name>
         <load_address>0x3620</load_address>
         <run_address>0x3620</run_address>
         <size>0x78</size>
         <input_file_ref idref="fl-e0"/>
      </object_component>
      <object_component id="oc-670">
         <name>.text:tcp_oos_insert_segment</name>
         <load_address>0x3698</load_address>
         <run_address>0x3698</run_address>
         <size>0x78</size>
         <input_file_ref idref="fl-c"/>
      </object_component>
      <object_component id="oc-3de">
         <name>.text:etharp_update_arp_entry</name>
         <load_address>0x3710</load_address>
         <run_address>0x3710</run_address>
         <size>0x74</size>
         <input_file_ref idref="fl-c"/>
      </object_component>
      <object_component id="oc-3f8">
         <name>.text:raw_input</name>
         <load_address>0x3784</load_address>
         <run_address>0x3784</run_address>
         <size>0x74</size>
         <input_file_ref idref="fl-c"/>
      </object_component>
      <object_component id="oc-83">
         <name>.text</name>
         <load_address>0x37f8</load_address>
         <run_address>0x37f8</run_address>
         <size>0x70</size>
         <input_file_ref idref="fl-dc"/>
      </object_component>
      <object_component id="oc-264">
         <name>.text:tcp_fasttmr</name>
         <load_address>0x3868</load_address>
         <run_address>0x3868</run_address>
         <size>0x70</size>
         <input_file_ref idref="fl-c"/>
      </object_component>
      <object_component id="oc-4b5">
         <name>.text:icmp_send_response</name>
         <load_address>0x38d8</load_address>
         <run_address>0x38d8</run_address>
         <size>0x6c</size>
         <input_file_ref idref="fl-c"/>
      </object_component>
      <object_component id="oc-466">
         <name>.text:memp_init</name>
         <load_address>0x3944</load_address>
         <run_address>0x3944</run_address>
         <size>0x6c</size>
         <input_file_ref idref="fl-c"/>
      </object_component>
      <object_component id="oc-5e">
         <name>.text</name>
         <load_address>0x39b0</load_address>
         <run_address>0x39b0</run_address>
         <size>0x6a</size>
         <input_file_ref idref="fl-cb"/>
      </object_component>
      <object_component id="oc-1cd">
         <name>.text:GrStringWidthGet</name>
         <load_address>0x3a1a</load_address>
         <run_address>0x3a1a</run_address>
         <size>0x68</size>
         <input_file_ref idref="fl-ec"/>
      </object_component>
      <object_component id="oc-77">
         <name>.text</name>
         <load_address>0x3a82</load_address>
         <run_address>0x3a82</run_address>
         <size>0x2</size>
         <input_file_ref idref="fl-d1"/>
      </object_component>
      <object_component id="oc-57b">
         <name>.text:IntEnable</name>
         <load_address>0x3a84</load_address>
         <run_address>0x3a84</run_address>
         <size>0x68</size>
         <input_file_ref idref="fl-e2"/>
      </object_component>
      <object_component id="oc-444">
         <name>.text:pbuf_copy_partial</name>
         <load_address>0x3aec</load_address>
         <run_address>0x3aec</run_address>
         <size>0x68</size>
         <input_file_ref idref="fl-c"/>
      </object_component>
      <object_component id="oc-51f">
         <name>.text:sys_timeout</name>
         <load_address>0x3b54</load_address>
         <run_address>0x3b54</run_address>
         <size>0x68</size>
         <input_file_ref idref="fl-c"/>
      </object_component>
      <object_component id="oc-43e">
         <name>.text:tcp_output_alloc_header</name>
         <load_address>0x3bbc</load_address>
         <run_address>0x3bbc</run_address>
         <size>0x68</size>
         <input_file_ref idref="fl-c"/>
      </object_component>
      <object_component id="oc-326">
         <name>.text:tcp_process_refused_data</name>
         <load_address>0x3c24</load_address>
         <run_address>0x3c24</run_address>
         <size>0x68</size>
         <input_file_ref idref="fl-c"/>
      </object_component>
      <object_component id="oc-2e0">
         <name>.text:mem_free</name>
         <load_address>0x3c8c</load_address>
         <run_address>0x3c8c</run_address>
         <size>0x64</size>
         <input_file_ref idref="fl-c"/>
      </object_component>
      <object_component id="oc-3d1">
         <name>.text:plug_holes</name>
         <load_address>0x3cf0</load_address>
         <run_address>0x3cf0</run_address>
         <size>0x64</size>
         <input_file_ref idref="fl-c"/>
      </object_component>
      <object_component id="oc-2fa">
         <name>.text:pbuf_header</name>
         <load_address>0x3d54</load_address>
         <run_address>0x3d54</run_address>
         <size>0x62</size>
         <input_file_ref idref="fl-c"/>
      </object_component>
      <object_component id="oc-5f2">
         <name>.text:lwip_standard_chksum</name>
         <load_address>0x3db6</load_address>
         <run_address>0x3db6</run_address>
         <size>0x60</size>
         <input_file_ref idref="fl-c"/>
      </object_component>
      <object_component id="oc-ea">
         <name>.text</name>
         <load_address>0x3e16</load_address>
         <run_address>0x3e16</run_address>
         <size>0x2</size>
         <input_file_ref idref="fl-df"/>
      </object_component>
      <object_component id="oc-49">
         <name>.text:lwIPEthernetIntHandler</name>
         <load_address>0x3e18</load_address>
         <run_address>0x3e18</run_address>
         <size>0x5c</size>
         <input_file_ref idref="fl-c"/>
      </object_component>
      <object_component id="oc-460">
         <name>.text:mem_init</name>
         <load_address>0x3e74</load_address>
         <run_address>0x3e74</run_address>
         <size>0x5c</size>
         <input_file_ref idref="fl-c"/>
      </object_component>
      <object_component id="oc-532">
         <name>.text:netif_set_ipaddr</name>
         <load_address>0x3ed0</load_address>
         <run_address>0x3ed0</run_address>
         <size>0x5c</size>
         <input_file_ref idref="fl-c"/>
      </object_component>
      <object_component id="oc-4d6">
         <name>.text:tcp_pcb_remove</name>
         <load_address>0x3f2c</load_address>
         <run_address>0x3f2c</run_address>
         <size>0x5c</size>
         <input_file_ref idref="fl-c"/>
      </object_component>
      <object_component id="oc-3ae">
         <name>.text:FontWideGlyphDataGet</name>
         <load_address>0x3f88</load_address>
         <run_address>0x3f88</run_address>
         <size>0x5a</size>
         <input_file_ref idref="fl-ec"/>
      </object_component>
      <object_component id="oc-3ec">
         <name>.text:pbuf_realloc</name>
         <load_address>0x3fe2</load_address>
         <run_address>0x3fe2</run_address>
         <size>0x5a</size>
         <input_file_ref idref="fl-c"/>
      </object_component>
      <object_component id="oc-292">
         <name>.text:EMACPHYConfigSet</name>
         <load_address>0x403c</load_address>
         <run_address>0x403c</run_address>
         <size>0x58</size>
         <input_file_ref idref="fl-e0"/>
      </object_component>
      <object_component id="oc-30a">
         <name>.text:memp_malloc</name>
         <load_address>0x4094</load_address>
         <run_address>0x4094</run_address>
         <size>0x58</size>
         <input_file_ref idref="fl-c"/>
      </object_component>
      <object_component id="oc-5e6">
         <name>.text:tcp_rexmit</name>
         <load_address>0x40ec</load_address>
         <run_address>0x40ec</run_address>
         <size>0x56</size>
         <input_file_ref idref="fl-c"/>
      </object_component>
      <object_component id="oc-24">
         <name>.text</name>
         <load_address>0x4144</load_address>
         <run_address>0x4144</run_address>
         <size>0x54</size>
         <input_file_ref idref="fl-c9"/>
      </object_component>
      <object_component id="oc-8f">
         <name>.text</name>
         <load_address>0x4198</load_address>
         <run_address>0x4198</run_address>
         <size>0x54</size>
         <input_file_ref idref="fl-cd"/>
      </object_component>
      <object_component id="oc-122">
         <name>.text:tivaif_process_transmit</name>
         <load_address>0x41ec</load_address>
         <run_address>0x41ec</run_address>
         <size>0x52</size>
         <input_file_ref idref="fl-c"/>
      </object_component>
      <object_component id="oc-370">
         <name>.text:SysCtlPeripheralReset</name>
         <load_address>0x4240</load_address>
         <run_address>0x4240</run_address>
         <size>0x50</size>
         <input_file_ref idref="fl-e5"/>
      </object_component>
      <object_component id="oc-394">
         <name>.text:netif_add</name>
         <load_address>0x4290</load_address>
         <run_address>0x4290</run_address>
         <size>0x50</size>
         <input_file_ref idref="fl-c"/>
      </object_component>
      <object_component id="oc-240">
         <name>.text:pbuf_free</name>
         <load_address>0x42e0</load_address>
         <run_address>0x42e0</run_address>
         <size>0x4e</size>
         <input_file_ref idref="fl-c"/>
      </object_component>
      <object_component id="oc-4fb">
         <name>.text:ip_route</name>
         <load_address>0x4330</load_address>
         <run_address>0x4330</run_address>
         <size>0x4c</size>
         <input_file_ref idref="fl-c"/>
      </object_component>
      <object_component id="oc-b6">
         <name>.text:lwIPServiceTimers</name>
         <load_address>0x437c</load_address>
         <run_address>0x437c</run_address>
         <size>0x4c</size>
         <input_file_ref idref="fl-c"/>
      </object_component>
      <object_component id="oc-e4">
         <name>.text</name>
         <load_address>0x43c8</load_address>
         <run_address>0x43c8</run_address>
         <size>0x4c</size>
         <input_file_ref idref="fl-dd"/>
      </object_component>
      <object_component id="oc-b0">
         <name>.text:tivaif_interrupt</name>
         <load_address>0x4414</load_address>
         <run_address>0x4414</run_address>
         <size>0x4c</size>
         <input_file_ref idref="fl-c"/>
      </object_component>
      <object_component id="oc-281">
         <name>.text:_SysCtlFrequencyGet</name>
         <load_address>0x4460</load_address>
         <run_address>0x4460</run_address>
         <size>0x48</size>
         <input_file_ref idref="fl-e5"/>
      </object_component>
      <object_component id="oc-590">
         <name>.text:etharp_output_to_arp_index</name>
         <load_address>0x44a8</load_address>
         <run_address>0x44a8</run_address>
         <size>0x48</size>
         <input_file_ref idref="fl-c"/>
      </object_component>
      <object_component id="oc-44a">
         <name>.text:ip_output</name>
         <load_address>0x44f0</load_address>
         <run_address>0x44f0</run_address>
         <size>0x48</size>
         <input_file_ref idref="fl-c"/>
      </object_component>
      <object_component id="oc-64b">
         <name>.text:tcp_kill_prio</name>
         <load_address>0x4538</load_address>
         <run_address>0x4538</run_address>
         <size>0x48</size>
         <input_file_ref idref="fl-c"/>
      </object_component>
      <object_component id="oc-664">
         <name>.text:tcp_rexmit_fast</name>
         <load_address>0x4580</load_address>
         <run_address>0x4580</run_address>
         <size>0x48</size>
         <input_file_ref idref="fl-c"/>
      </object_component>
      <object_component id="oc-5a3">
         <name>.text:tivaif_check_pbuf</name>
         <load_address>0x45c8</load_address>
         <run_address>0x45c8</run_address>
         <size>0x48</size>
         <input_file_ref idref="fl-c"/>
      </object_component>
      <object_component id="oc-422">
         <name>.text:tcp_send_empty_ack</name>
         <load_address>0x4610</load_address>
         <run_address>0x4610</run_address>
         <size>0x46</size>
         <input_file_ref idref="fl-c"/>
      </object_component>
      <object_component id="oc-679">
         <name>.text:tcp_send_fin</name>
         <load_address>0x4656</load_address>
         <run_address>0x4656</run_address>
         <size>0x46</size>
         <input_file_ref idref="fl-c"/>
      </object_component>
      <object_component id="oc-33b">
         <name>.text:tcp_keepalive</name>
         <load_address>0x469c</load_address>
         <run_address>0x469c</run_address>
         <size>0x44</size>
         <input_file_ref idref="fl-c"/>
      </object_component>
      <object_component id="oc-347">
         <name>.text:tcp_pcb_purge</name>
         <load_address>0x46e0</load_address>
         <run_address>0x46e0</run_address>
         <size>0x42</size>
         <input_file_ref idref="fl-c"/>
      </object_component>
      <object_component id="oc-12e">
         <name>.text:etharp_tmr</name>
         <load_address>0x4724</load_address>
         <run_address>0x4724</run_address>
         <size>0x40</size>
         <input_file_ref idref="fl-c"/>
      </object_component>
      <object_component id="oc-4e1">
         <name>.text:inet_chksum_pbuf</name>
         <load_address>0x4764</load_address>
         <run_address>0x4764</run_address>
         <size>0x3e</size>
         <input_file_ref idref="fl-c"/>
      </object_component>
      <object_component id="oc-575">
         <name>.text:EMACIntEnable</name>
         <load_address>0x47a2</load_address>
         <run_address>0x47a2</run_address>
         <size>0x3a</size>
         <input_file_ref idref="fl-e0"/>
      </object_component>
      <object_component id="oc-3b4">
         <name>.text:FontGlyphDataGet</name>
         <load_address>0x47dc</load_address>
         <run_address>0x47dc</run_address>
         <size>0x3a</size>
         <input_file_ref idref="fl-ec"/>
      </object_component>
      <object_component id="oc-239">
         <name>.text:EMACConfigSet</name>
         <load_address>0x4818</load_address>
         <run_address>0x4818</run_address>
         <size>0x38</size>
         <input_file_ref idref="fl-e0"/>
      </object_component>
      <object_component id="oc-376">
         <name>.text:SysCtlPeripheralReady</name>
         <load_address>0x4850</load_address>
         <run_address>0x4850</run_address>
         <size>0x38</size>
         <input_file_ref idref="fl-e5"/>
      </object_component>
      <object_component id="oc-2e6">
         <name>.text:memp_free</name>
         <load_address>0x4888</load_address>
         <run_address>0x4888</run_address>
         <size>0x38</size>
         <input_file_ref idref="fl-c"/>
      </object_component>
      <object_component id="oc-654">
         <name>.text:tcpip_tcp_timer</name>
         <load_address>0x48c0</load_address>
         <run_address>0x48c0</run_address>
         <size>0x38</size>
         <input_file_ref idref="fl-c"/>
      </object_component>
      <object_component id="oc-233">
         <name>.text:EMACConfigGet</name>
         <load_address>0x48f8</load_address>
         <run_address>0x48f8</run_address>
         <size>0x34</size>
         <input_file_ref idref="fl-e0"/>
      </object_component>
      <object_component id="oc-563">
         <name>.text:EMACIntClear</name>
         <load_address>0x492c</load_address>
         <run_address>0x492c</run_address>
         <size>0x34</size>
         <input_file_ref idref="fl-e0"/>
      </object_component>
      <object_component id="oc-645">
         <name>.text:tcp_kill_timewait</name>
         <load_address>0x4960</load_address>
         <run_address>0x4960</run_address>
         <size>0x34</size>
         <input_file_ref idref="fl-c"/>
      </object_component>
      <object_component id="oc-5c6">
         <name>.text:tcp_timer_needed</name>
         <load_address>0x4994</load_address>
         <run_address>0x4994</run_address>
         <size>0x34</size>
         <input_file_ref idref="fl-c"/>
      </object_component>
      <object_component id="oc-3a6">
         <name>.text:tivaif_init</name>
         <load_address>0x49c8</load_address>
         <run_address>0x49c8</run_address>
         <size>0x34</size>
         <input_file_ref idref="fl-c"/>
      </object_component>
      <object_component id="oc-3f2">
         <name>.text:ip4_addr_isbroadcast</name>
         <load_address>0x49fc</load_address>
         <run_address>0x49fc</run_address>
         <size>0x32</size>
         <input_file_ref idref="fl-c"/>
      </object_component>
      <object_component id="oc-509">
         <name>.text:tcp_recved</name>
         <load_address>0x4a2e</load_address>
         <run_address>0x4a2e</run_address>
         <size>0x32</size>
         <input_file_ref idref="fl-c"/>
      </object_component>
      <object_component id="oc-604">
         <name>.text:tcp_update_rcv_ann_wnd</name>
         <load_address>0x4a60</load_address>
         <run_address>0x4a60</run_address>
         <size>0x30</size>
         <input_file_ref idref="fl-c"/>
      </object_component>
      <object_component id="oc-2a5">
         <name>.text:GrStringNextCharGet</name>
         <load_address>0x4a90</load_address>
         <run_address>0x4a90</run_address>
         <size>0x2e</size>
         <input_file_ref idref="fl-ec"/>
      </object_component>
      <object_component id="oc-32f">
         <name>.text:tcp_rexmit_rto</name>
         <load_address>0x4abe</load_address>
         <run_address>0x4abe</run_address>
         <size>0x2e</size>
         <input_file_ref idref="fl-c"/>
      </object_component>
      <object_component id="oc-55d">
         <name>.text:EMACIntStatus</name>
         <load_address>0x4aec</load_address>
         <run_address>0x4aec</run_address>
         <size>0x2c</size>
         <input_file_ref idref="fl-e0"/>
      </object_component>
      <object_component id="oc-1d3">
         <name>.text:GrFontBaselineGet</name>
         <load_address>0x4b18</load_address>
         <run_address>0x4b18</run_address>
         <size>0x2c</size>
         <input_file_ref idref="fl-ec"/>
      </object_component>
      <object_component id="oc-2cb">
         <name>.text:etharp_request</name>
         <load_address>0x4b44</load_address>
         <run_address>0x4b44</run_address>
         <size>0x2c</size>
         <input_file_ref idref="fl-c"/>
      </object_component>
      <object_component id="oc-247">
         <name>.text:pbuf_cat</name>
         <load_address>0x4b70</load_address>
         <run_address>0x4b70</run_address>
         <size>0x28</size>
         <input_file_ref idref="fl-c"/>
      </object_component>
      <object_component id="oc-221">
         <name>.text:EMACPHYRead</name>
         <load_address>0x4b98</load_address>
         <run_address>0x4b98</run_address>
         <size>0x26</size>
         <input_file_ref idref="fl-e0"/>
      </object_component>
      <object_component id="oc-551">
         <name>.text:EMACPHYWrite</name>
         <load_address>0x4bbe</load_address>
         <run_address>0x4bbe</run_address>
         <size>0x26</size>
         <input_file_ref idref="fl-e0"/>
      </object_component>
      <object_component id="oc-2b1">
         <name>.text:GrFontInfoGet</name>
         <load_address>0x4be4</load_address>
         <run_address>0x4be4</run_address>
         <size>0x26</size>
         <input_file_ref idref="fl-ec"/>
      </object_component>
      <object_component id="oc-436">
         <name>.text:tcp_recv_null</name>
         <load_address>0x4c0a</load_address>
         <run_address>0x4c0a</run_address>
         <size>0x26</size>
         <input_file_ref idref="fl-c"/>
      </object_component>
      <object_component id="oc-10f">
         <name>.text:disk_timerproc</name>
         <load_address>0x4c30</load_address>
         <run_address>0x4c30</run_address>
         <size>0x24</size>
         <input_file_ref idref="fl-8"/>
      </object_component>
      <object_component id="oc-25a">
         <name>.text:etharp_free_entry</name>
         <load_address>0x4c54</load_address>
         <run_address>0x4c54</run_address>
         <size>0x24</size>
         <input_file_ref idref="fl-c"/>
      </object_component>
      <object_component id="oc-22d">
         <name>.text:netif_set_link_up</name>
         <load_address>0x4c78</load_address>
         <run_address>0x4c78</run_address>
         <size>0x24</size>
         <input_file_ref idref="fl-c"/>
      </object_component>
      <object_component id="oc-3a0">
         <name>.text:netif_set_up</name>
         <load_address>0x4c9c</load_address>
         <run_address>0x4c9c</run_address>
         <size>0x24</size>
         <input_file_ref idref="fl-c"/>
      </object_component>
      <object_component id="oc-66a">
         <name>.text:tcp_seg_copy</name>
         <load_address>0x4cc0</load_address>
         <run_address>0x4cc0</run_address>
         <size>0x24</size>
         <input_file_ref idref="fl-c"/>
      </object_component>
      <object_component id="oc-2ab">
         <name>.text:GrFontGlyphDataGet</name>
         <load_address>0x4ce4</load_address>
         <run_address>0x4ce4</run_address>
         <size>0x22</size>
         <input_file_ref idref="fl-ec"/>
      </object_component>
      <object_component id="oc-2ee">
         <name>.text</name>
         <load_address>0x4d06</load_address>
         <run_address>0x4d06</run_address>
         <size>0x22</size>
         <input_file_ref idref="fl-ce"/>
      </object_component>
      <object_component id="oc-27b">
         <name>.text:_SysCtlMemTimingGet</name>
         <load_address>0x4d28</load_address>
         <run_address>0x4d28</run_address>
         <size>0x20</size>
         <input_file_ref idref="fl-e5"/>
      </object_component>
      <object_component id="oc-4a4">
         <name>.text:etharp_send_ip</name>
         <load_address>0x4d48</load_address>
         <run_address>0x4d48</run_address>
         <size>0x20</size>
         <input_file_ref idref="fl-c"/>
      </object_component>
      <object_component id="oc-9d">
         <name>.text:lwIPTimer</name>
         <load_address>0x4d68</load_address>
         <run_address>0x4d68</run_address>
         <size>0x20</size>
         <input_file_ref idref="fl-c"/>
      </object_component>
      <object_component id="oc-46c">
         <name>.text:sys_timeouts_init</name>
         <load_address>0x4d88</load_address>
         <run_address>0x4d88</run_address>
         <size>0x20</size>
         <input_file_ref idref="fl-c"/>
      </object_component>
      <object_component id="oc-4f5">
         <name>.text:tcp_eff_send_mss</name>
         <load_address>0x4da8</load_address>
         <run_address>0x4da8</run_address>
         <size>0x20</size>
         <input_file_ref idref="fl-c"/>
      </object_component>
      <object_component id="oc-134">
         <name>.text:tcp_tmr</name>
         <load_address>0x4dc8</load_address>
         <run_address>0x4dc8</run_address>
         <size>0x20</size>
         <input_file_ref idref="fl-c"/>
      </object_component>
      <object_component id="oc-545">
         <name>.text:EMACAddrGet</name>
         <load_address>0x4de8</load_address>
         <run_address>0x4de8</run_address>
         <size>0x1e</size>
         <input_file_ref idref="fl-e0"/>
      </object_component>
      <object_component id="oc-a3">
         <name>.text:fs_tick</name>
         <load_address>0x4e08</load_address>
         <run_address>0x4e08</run_address>
         <size>0x1c</size>
         <input_file_ref idref="fl-2"/>
      </object_component>
      <object_component id="oc-474">
         <name>.text:netif_set_addr</name>
         <load_address>0x4e24</load_address>
         <run_address>0x4e24</run_address>
         <size>0x1c</size>
         <input_file_ref idref="fl-c"/>
      </object_component>
      <object_component id="oc-38e">
         <name>.text:lwip_htonl</name>
         <load_address>0x4e40</load_address>
         <run_address>0x4e40</run_address>
         <size>0x1a</size>
         <input_file_ref idref="fl-c"/>
      </object_component>
      <object_component id="oc-52b">
         <name>.text:arp_timer</name>
         <load_address>0x4e5c</load_address>
         <run_address>0x4e5c</run_address>
         <size>0x18</size>
         <input_file_ref idref="fl-c"/>
      </object_component>
      <object_component id="oc-310">
         <name>.text:pbuf_pool_is_empty</name>
         <load_address>0x4e74</load_address>
         <run_address>0x4e74</run_address>
         <size>0x18</size>
         <input_file_ref idref="fl-c"/>
      </object_component>
      <object_component id="oc-89">
         <name>.text</name>
         <load_address>0x4e8c</load_address>
         <run_address>0x4e8c</run_address>
         <size>0x18</size>
         <input_file_ref idref="fl-db"/>
      </object_component>
      <object_component id="oc-651">
         <name>.text:tcp_next_iss</name>
         <load_address>0x4ea4</load_address>
         <run_address>0x4ea4</run_address>
         <size>0x18</size>
         <input_file_ref idref="fl-c"/>
      </object_component>
      <object_component id="oc-42e">
         <name>.text:tcp_seg_free</name>
         <load_address>0x4ebc</load_address>
         <run_address>0x4ebc</run_address>
         <size>0x18</size>
         <input_file_ref idref="fl-c"/>
      </object_component>
      <object_component id="oc-37d">
         <name>.text:EMACReset</name>
         <load_address>0x4ed4</load_address>
         <run_address>0x4ed4</run_address>
         <size>0x16</size>
         <input_file_ref idref="fl-e0"/>
      </object_component>
      <object_component id="oc-56f">
         <name>.text:EMACRxEnable</name>
         <load_address>0x4eea</load_address>
         <run_address>0x4eea</run_address>
         <size>0x16</size>
         <input_file_ref idref="fl-e0"/>
      </object_component>
      <object_component id="oc-569">
         <name>.text:EMACTxEnable</name>
         <load_address>0x4f00</load_address>
         <run_address>0x4f00</run_address>
         <size>0x16</size>
         <input_file_ref idref="fl-e0"/>
      </object_component>
      <object_component id="oc-1d9">
         <name>.text:GrStringDraw</name>
         <load_address>0x4f16</load_address>
         <run_address>0x4f16</run_address>
         <size>0x16</size>
         <input_file_ref idref="fl-ec"/>
      </object_component>
      <object_component id="oc-59d">
         <name>.text:pbuf_ref</name>
         <load_address>0x4f2c</load_address>
         <run_address>0x4f2c</run_address>
         <size>0x16</size>
         <input_file_ref idref="fl-c"/>
      </object_component>
      <object_component id="oc-1ed">
         <name>.text</name>
         <load_address>0x4f44</load_address>
         <run_address>0x4f44</run_address>
         <size>0x14</size>
         <input_file_ref idref="fl-da"/>
      </object_component>
      <object_component id="oc-2da">
         <name>.text:sys_arch_unprotect</name>
         <load_address>0x4f58</load_address>
         <run_address>0x4f58</run_address>
         <size>0x14</size>
         <input_file_ref idref="fl-c"/>
      </object_component>
      <object_component id="oc-503">
         <name>.text:tcp_close</name>
         <load_address>0x4f6c</load_address>
         <run_address>0x4f6c</run_address>
         <size>0x14</size>
         <input_file_ref idref="fl-c"/>
      </object_component>
      <object_component id="oc-227">
         <name>.text:netif_set_link_down</name>
         <load_address>0x4f80</load_address>
         <run_address>0x4f80</run_address>
         <size>0x12</size>
         <input_file_ref idref="fl-c"/>
      </object_component>
      <object_component id="oc-5a9">
         <name>.text:pbuf_clen</name>
         <load_address>0x4f92</load_address>
         <run_address>0x4f92</run_address>
         <size>0x12</size>
         <input_file_ref idref="fl-c"/>
      </object_component>
      <object_component id="oc-341">
         <name>.text:tcp_segs_free</name>
         <load_address>0x4fa4</load_address>
         <run_address>0x4fa4</run_address>
         <size>0x12</size>
         <input_file_ref idref="fl-c"/>
      </object_component>
      <object_component id="oc-557">
         <name>.text:EMACFrameFilterSet</name>
         <load_address>0x4fb8</load_address>
         <run_address>0x4fb8</run_address>
         <size>0x10</size>
         <input_file_ref idref="fl-e0"/>
      </object_component>
      <object_component id="oc-581">
         <name>.text:IntMasterEnable</name>
         <load_address>0x4fc8</load_address>
         <run_address>0x4fc8</run_address>
         <size>0x10</size>
         <input_file_ref idref="fl-e2"/>
      </object_component>
      <object_component id="oc-43">
         <name>.text:SysTickIntHandler</name>
         <load_address>0x4fd8</load_address>
         <run_address>0x4fd8</run_address>
         <size>0x10</size>
         <input_file_ref idref="fl-3"/>
      </object_component>
      <object_component id="oc-5b9">
         <name>.text:inet_chksum</name>
         <load_address>0x4fe8</load_address>
         <run_address>0x4fe8</run_address>
         <size>0x10</size>
         <input_file_ref idref="fl-c"/>
      </object_component>
      <object_component id="oc-388">
         <name>.text:lwip_init</name>
         <load_address>0x4ff8</load_address>
         <run_address>0x4ff8</run_address>
         <size>0x10</size>
         <input_file_ref idref="fl-c"/>
      </object_component>
      <object_component id="oc-2d4">
         <name>.text:sys_arch_protect</name>
         <load_address>0x5008</load_address>
         <run_address>0x5008</run_address>
         <size>0x10</size>
         <input_file_ref idref="fl-c"/>
      </object_component>
      <object_component id="oc-12">
         <name>.text:decompress:none</name>
         <load_address>0x5018</load_address>
         <run_address>0x5018</run_address>
         <size>0xe</size>
         <input_file_ref idref="fl-ca"/>
      </object_component>
      <object_component id="oc-633">
         <name>.text:CPUcpsie</name>
         <load_address>0x5026</load_address>
         <run_address>0x5026</run_address>
         <size>0xc</size>
         <input_file_ref idref="fl-e6"/>
      </object_component>
      <object_component id="oc-3e4">
         <name>.text:lwip_htons</name>
         <load_address>0x5032</load_address>
         <run_address>0x5032</run_address>
         <size>0xc</size>
         <input_file_ref idref="fl-c"/>
      </object_component>
      <object_component id="oc-39a">
         <name>.text:netif_set_default</name>
         <load_address>0x5040</load_address>
         <run_address>0x5040</run_address>
         <size>0xc</size>
         <input_file_ref idref="fl-c"/>
      </object_component>
      <object_component id="oc-53e">
         <name>.text:netif_set_gw</name>
         <load_address>0x504c</load_address>
         <run_address>0x504c</run_address>
         <size>0xc</size>
         <input_file_ref idref="fl-c"/>
      </object_component>
      <object_component id="oc-538">
         <name>.text:netif_set_netmask</name>
         <load_address>0x5058</load_address>
         <run_address>0x5058</run_address>
         <size>0xc</size>
         <input_file_ref idref="fl-c"/>
      </object_component>
      <object_component id="oc-525">
         <name>.text:sys_now</name>
         <load_address>0x5064</load_address>
         <run_address>0x5064</run_address>
         <size>0xc</size>
         <input_file_ref idref="fl-c"/>
      </object_component>
      <object_component id="oc-5af">
         <name>.text:EMACTxDMAPollDemand</name>
         <load_address>0x5070</load_address>
         <run_address>0x5070</run_address>
         <size>0x8</size>
         <input_file_ref idref="fl-e0"/>
      </object_component>
      <object_component id="oc-3fe">
         <name>.text:icmp_dest_unreach</name>
         <load_address>0x5078</load_address>
         <run_address>0x5078</run_address>
         <size>0x8</size>
         <input_file_ref idref="fl-c"/>
      </object_component>
      <object_component id="oc-618">
         <name>.text:EMACRxDMADescriptorListSet</name>
         <load_address>0x5080</load_address>
         <run_address>0x5080</run_address>
         <size>0x6</size>
         <input_file_ref idref="fl-e0"/>
      </object_component>
      <object_component id="oc-aa">
         <name>.text:EMACTimestampIntStatus</name>
         <load_address>0x5086</load_address>
         <run_address>0x5086</run_address>
         <size>0x6</size>
         <input_file_ref idref="fl-e0"/>
      </object_component>
      <object_component id="oc-61e">
         <name>.text:EMACTxDMADescriptorListSet</name>
         <load_address>0x508c</load_address>
         <run_address>0x508c</run_address>
         <size>0x6</size>
         <input_file_ref idref="fl-e0"/>
      </object_component>
      <object_component id="oc-2b">
         <name>.text:ResetISR</name>
         <load_address>0x5092</load_address>
         <run_address>0x5092</run_address>
         <size>0x6</size>
         <input_file_ref idref="fl-4"/>
      </object_component>
      <object_component id="oc-37c">
         <name>.text:SysCtlDelay</name>
         <load_address>0x5098</load_address>
         <run_address>0x5098</run_address>
         <size>0x6</size>
         <input_file_ref idref="fl-e5"/>
      </object_component>
      <object_component id="oc-18">
         <name>.text:decompress:rle24</name>
         <load_address>0x509e</load_address>
         <run_address>0x509e</run_address>
         <size>0x6</size>
         <input_file_ref idref="fl-cb"/>
      </object_component>
      <object_component id="oc-4d0">
         <name>.text:tcp_abort</name>
         <load_address>0x50a4</load_address>
         <run_address>0x50a4</run_address>
         <size>0x6</size>
         <input_file_ref idref="fl-c"/>
      </object_component>
      <object_component id="oc-7d">
         <name>.text</name>
         <load_address>0x50aa</load_address>
         <run_address>0x50aa</run_address>
         <size>0x4</size>
         <input_file_ref idref="fl-d2"/>
      </object_component>
      <object_component id="oc-28a">
         <name>.const:g_pppui32XTALtoVCO</name>
         <load_address>0x50b0</load_address>
         <run_address>0x50b0</run_address>
         <size>0x1b0</size>
         <input_file_ref idref="fl-e5"/>
      </object_component>
      <object_component id="oc-62e">
         <name>.const</name>
         <load_address>0x5260</load_address>
         <run_address>0x5260</run_address>
         <size>0x70</size>
         <input_file_ref idref="fl-e2"/>
      </object_component>
      <object_component id="oc-287">
         <name>.const:g_pui32Xtals</name>
         <load_address>0x52d0</load_address>
         <run_address>0x52d0</run_address>
         <size>0x6c</size>
         <input_file_ref idref="fl-e5"/>
      </object_component>
      <object_component id="oc-35e">
         <name>.const:g_sXTALtoMEMTIM</name>
         <load_address>0x533c</load_address>
         <run_address>0x533c</run_address>
         <size>0x30</size>
         <input_file_ref idref="fl-e5"/>
      </object_component>
      <object_component id="oc-384">
         <name>.const</name>
         <load_address>0x536c</load_address>
         <run_address>0x536c</run_address>
         <size>0x18</size>
         <input_file_ref idref="fl-e0"/>
      </object_component>
      <object_component id="oc-515">
         <name>.const:memp_num</name>
         <load_address>0x5384</load_address>
         <run_address>0x5384</run_address>
         <size>0x10</size>
         <input_file_ref idref="fl-c"/>
      </object_component>
      <object_component id="oc-51b">
         <name>.const:memp_sizes</name>
         <load_address>0x5394</load_address>
         <run_address>0x5394</run_address>
         <size>0x10</size>
         <input_file_ref idref="fl-c"/>
      </object_component>
      <object_component id="oc-354">
         <name>.const:.string:tcp_backoff</name>
         <load_address>0x53a4</load_address>
         <run_address>0x53a4</run_address>
         <size>0xd</size>
         <input_file_ref idref="fl-c"/>
      </object_component>
      <object_component id="oc-28d">
         <name>.const</name>
         <load_address>0x53b4</load_address>
         <run_address>0x53b4</run_address>
         <size>0x8</size>
         <input_file_ref idref="fl-e5"/>
      </object_component>
      <object_component id="oc-357">
         <name>.const:.string:tcp_persist_backoff</name>
         <load_address>0x53bc</load_address>
         <run_address>0x53bc</run_address>
         <size>0x7</size>
         <input_file_ref idref="fl-c"/>
      </object_component>
      <object_component id="oc-306">
         <name>.const:ethbroadcast</name>
         <load_address>0x53c3</load_address>
         <run_address>0x53c3</run_address>
         <size>0x6</size>
         <input_file_ref idref="fl-c"/>
      </object_component>
      <object_component id="oc-3cb">
         <name>.const:ethzero</name>
         <load_address>0x53c9</load_address>
         <run_address>0x53c9</run_address>
         <size>0x6</size>
         <input_file_ref idref="fl-c"/>
      </object_component>
      <object_component id="oc-6b2">
         <name>.cinit..data.load</name>
         <load_address>0x53d0</load_address>
         <run_address>0x53d0</run_address>
         <size>0x37</size>
      </object_component>
      <object_component id="oc-6b3">
         <name>.cinit..bss.load</name>
         <load_address>0x5408</load_address>
         <run_address>0x5408</run_address>
         <size>0xd</size>
      </object_component>
      <object_component id="oc-6b0">
         <name>__TI_handler_table</name>
         <load_address>0x5418</load_address>
         <run_address>0x5418</run_address>
         <size>0x8</size>
      </object_component>
      <object_component id="oc-6b1">
         <name>__TI_cinit_table</name>
         <load_address>0x5420</load_address>
         <run_address>0x5420</run_address>
         <size>0x10</size>
      </object_component>
      <object_component id="oc-115">
         <name>.data</name>
         <load_address>0x200182e4</load_address>
         <run_address>0x200182e4</run_address>
         <size>0x4</size>
         <input_file_ref idref="fl-2"/>
      </object_component>
      <object_component id="oc-105">
         <name>.data</name>
         <load_address>0x20018284</load_address>
         <run_address>0x20018284</run_address>
         <size>0x20</size>
         <input_file_ref idref="fl-c"/>
      </object_component>
      <object_component id="oc-588">
         <name>.data:g_TxDescList</name>
         <load_address>0x200182b4</load_address>
         <run_address>0x200182b4</run_address>
         <size>0x10</size>
         <input_file_ref idref="fl-c"/>
      </object_component>
      <object_component id="oc-58b">
         <name>.data:g_RxDescList</name>
         <load_address>0x200182a4</load_address>
         <run_address>0x200182a4</run_address>
         <size>0x10</size>
         <input_file_ref idref="fl-c"/>
      </object_component>
      <object_component id="oc-484">
         <name>.data:g_StellarisIFData</name>
         <load_address>0x200182d0</load_address>
         <run_address>0x200182d0</run_address>
         <size>0xc</size>
         <input_file_ref idref="fl-c"/>
      </object_component>
      <object_component id="oc-fa">
         <name>.data:$O1$$</name>
         <load_address>0x200182c4</load_address>
         <run_address>0x200182c4</run_address>
         <size>0xc</size>
         <input_file_ref idref="fl-cd"/>
      </object_component>
      <object_component id="oc-95">
         <name>.data</name>
         <load_address>0x200182e8</load_address>
         <run_address>0x200182e8</run_address>
         <size>0x4</size>
         <input_file_ref idref="fl-d3"/>
      </object_component>
      <object_component id="oc-fd">
         <name>.data:$O1$$</name>
         <load_address>0x200182dc</load_address>
         <run_address>0x200182dc</run_address>
         <size>0x8</size>
         <input_file_ref idref="fl-da"/>
      </object_component>
      <object_component id="oc-1fe">
         <name>.bss</name>
         <uninitialized>true</uninitialized>
         <run_address>0x20017a7c</run_address>
         <size>0x3</size>
         <input_file_ref idref="fl-8"/>
      </object_component>
      <object_component id="oc-270">
         <name>.bss</name>
         <uninitialized>true</uninitialized>
         <run_address>0x20017958</run_address>
         <size>0x50</size>
         <input_file_ref idref="fl-c"/>
      </object_component>
      <object_component id="oc-3d8">
         <name>.bss:memp_tab</name>
         <uninitialized>true</uninitialized>
         <run_address>0x20017a04</run_address>
         <size>0x20</size>
         <input_file_ref idref="fl-c"/>
      </object_component>
      <object_component id="oc-518">
         <name>.bss:memp_memory</name>
         <uninitialized>true</uninitialized>
         <run_address>0x2001001c</run_address>
         <size>0x72d4</size>
         <input_file_ref idref="fl-c"/>
      </object_component>
      <object_component id="oc-4dd">
         <name>.bss:inseg</name>
         <uninitialized>true</uninitialized>
         <run_address>0x20017a24</run_address>
         <size>0x10</size>
         <input_file_ref idref="fl-c"/>
      </object_component>
      <object_component id="oc-260">
         <name>.bss:arp_table</name>
         <uninitialized>true</uninitialized>
         <run_address>0x20017890</run_address>
         <size>0xc8</size>
         <input_file_ref idref="fl-c"/>
      </object_component>
      <object_component id="oc-bf">
         <name>.bss:g_sNetIF</name>
         <uninitialized>true</uninitialized>
         <run_address>0x200179a8</run_address>
         <size>0x30</size>
         <input_file_ref idref="fl-c"/>
      </object_component>
      <object_component id="oc-1e2">
         <name>.common:g_sContext</name>
         <uninitialized>true</uninitialized>
         <run_address>0x200179d8</run_address>
         <size>0x2c</size>
      </object_component>
      <object_component id="oc-1df">
         <name>.common:g_ui32SysClock</name>
         <uninitialized>true</uninitialized>
         <run_address>0x20017a50</run_address>
         <size>0x4</size>
      </object_component>
      <object_component id="oc-513">
         <name>.common:ram_heap</name>
         <uninitialized>true</uninitialized>
         <run_address>0x20000000</run_address>
         <size>0x1001c</size>
      </object_component>
      <object_component id="oc-418">
         <name>.common:netif_list</name>
         <uninitialized>true</uninitialized>
         <run_address>0x20017a58</run_address>
         <size>0x4</size>
      </object_component>
      <object_component id="oc-47b">
         <name>.common:netif_default</name>
         <uninitialized>true</uninitialized>
         <run_address>0x20017a54</run_address>
         <size>0x4</size>
      </object_component>
      <object_component id="oc-41f">
         <name>.common:pbuf_free_ooseq_pending</name>
         <uninitialized>true</uninitialized>
         <run_address>0x20017a7f</run_address>
         <size>0x1</size>
      </object_component>
      <object_component id="oc-259">
         <name>.common:lwip_stats</name>
         <uninitialized>true</uninitialized>
         <run_address>0x20017770</run_address>
         <size>0x120</size>
      </object_component>
      <object_component id="oc-353">
         <name>.common:tcp_ticks</name>
         <uninitialized>true</uninitialized>
         <run_address>0x20017a6c</run_address>
         <size>0x4</size>
      </object_component>
      <object_component id="oc-67f">
         <name>.common:tcp_bound_pcbs</name>
         <uninitialized>true</uninitialized>
         <run_address>0x20017a60</run_address>
         <size>0x4</size>
      </object_component>
      <object_component id="oc-4dc">
         <name>.common:tcp_listen_pcbs</name>
         <uninitialized>true</uninitialized>
         <run_address>0x20017a68</run_address>
         <size>0x4</size>
      </object_component>
      <object_component id="oc-32c">
         <name>.common:tcp_active_pcbs</name>
         <uninitialized>true</uninitialized>
         <run_address>0x20017a5c</run_address>
         <size>0x4</size>
      </object_component>
      <object_component id="oc-35a">
         <name>.common:tcp_tw_pcbs</name>
         <uninitialized>true</uninitialized>
         <run_address>0x20017a74</run_address>
         <size>0x4</size>
      </object_component>
      <object_component id="oc-5ec">
         <name>.common:tcp_tmp_pcb</name>
         <uninitialized>true</uninitialized>
         <run_address>0x20017a70</run_address>
         <size>0x4</size>
      </object_component>
      <object_component id="oc-32d">
         <name>.common:tcp_active_pcbs_changed</name>
         <uninitialized>true</uninitialized>
         <run_address>0x20017a80</run_address>
         <size>0x1</size>
      </object_component>
      <object_component id="oc-434">
         <name>.common:tcp_input_pcb</name>
         <uninitialized>true</uninitialized>
         <run_address>0x20017a64</run_address>
         <size>0x4</size>
      </object_component>
      <object_component id="oc-4bc">
         <name>.common:udp_pcbs</name>
         <uninitialized>true</uninitialized>
         <run_address>0x20017a78</run_address>
         <size>0x4</size>
      </object_component>
      <object_component id="oc-419">
         <name>.common:current_netif</name>
         <uninitialized>true</uninitialized>
         <run_address>0x20017a40</run_address>
         <size>0x4</size>
      </object_component>
      <object_component id="oc-41a">
         <name>.common:current_header</name>
         <uninitialized>true</uninitialized>
         <run_address>0x20017a34</run_address>
         <size>0x4</size>
      </object_component>
      <object_component id="oc-417">
         <name>.common:current_iphdr_src</name>
         <uninitialized>true</uninitialized>
         <run_address>0x20017a3c</run_address>
         <size>0x4</size>
      </object_component>
      <object_component id="oc-416">
         <name>.common:current_iphdr_dest</name>
         <uninitialized>true</uninitialized>
         <run_address>0x20017a38</run_address>
         <size>0x4</size>
      </object_component>
      <object_component id="oc-624">
         <name>.common:g_pTxDescriptors</name>
         <uninitialized>true</uninitialized>
         <run_address>0x200172f0</run_address>
         <size>0x360</size>
      </object_component>
      <object_component id="oc-625">
         <name>.common:g_pRxDescriptors</name>
         <uninitialized>true</uninitialized>
         <run_address>0x20017650</run_address>
         <size>0x120</size>
      </object_component>
      <object_component id="oc-12b">
         <name>.common:g_ui32NormalInts</name>
         <uninitialized>true</uninitialized>
         <run_address>0x20017a4c</run_address>
         <size>0x4</size>
      </object_component>
      <object_component id="oc-12c">
         <name>.common:g_ui32AbnormalInts</name>
         <uninitialized>true</uninitialized>
         <run_address>0x20017a48</run_address>
         <size>0x4</size>
      </object_component>
      <object_component id="oc-bc">
         <name>.common:g_pfnTimerHandler</name>
         <uninitialized>true</uninitialized>
         <run_address>0x20017a44</run_address>
         <size>0x4</size>
      </object_component>
      <object_component id="oc-2a">
         <name>.stack</name>
         <uninitialized>true</uninitialized>
         <run_address>0x20017a84</run_address>
         <size>0x0</size>
         <input_file_ref idref="fl-c9"/>
      </object_component>
      <object_component id="oc-6b4">
         <name>.stack</name>
         <uninitialized>true</uninitialized>
         <run_address>0x20017a84</run_address>
         <size>0x0</size>
      </object_component>
      <object_component id="oc-119">
         <name>.debug_info</name>
         <load_address>0x0</load_address>
         <run_address>0x0</run_address>
         <size>0x56d</size>
         <input_file_ref idref="fl-2"/>
      </object_component>
      <object_component id="oc-116">
         <name>.debug_info</name>
         <load_address>0x56d</load_address>
         <run_address>0x56d</run_address>
         <size>0xde</size>
         <input_file_ref idref="fl-2"/>
      </object_component>
      <object_component id="oc-a4">
         <name>.debug_info</name>
         <load_address>0x64b</load_address>
         <run_address>0x64b</run_address>
         <size>0x14f</size>
         <input_file_ref idref="fl-2"/>
      </object_component>
      <object_component id="oc-20b">
         <name>.debug_info</name>
         <load_address>0x79a</load_address>
         <run_address>0x79a</run_address>
         <size>0x4c5</size>
         <input_file_ref idref="fl-2"/>
      </object_component>
      <object_component id="oc-160">
         <name>.debug_info</name>
         <load_address>0xc5f</load_address>
         <run_address>0xc5f</run_address>
         <size>0x12f</size>
         <input_file_ref idref="fl-2"/>
      </object_component>
      <object_component id="oc-15b">
         <name>.debug_info</name>
         <load_address>0xd8e</load_address>
         <run_address>0xd8e</run_address>
         <size>0x87</size>
         <input_file_ref idref="fl-2"/>
      </object_component>
      <object_component id="oc-202">
         <name>.debug_info</name>
         <load_address>0xe15</load_address>
         <run_address>0xe15</run_address>
         <size>0xe4</size>
         <input_file_ref idref="fl-2"/>
      </object_component>
      <object_component id="oc-3c0">
         <name>.debug_info</name>
         <load_address>0xef9</load_address>
         <run_address>0xef9</run_address>
         <size>0x70</size>
         <input_file_ref idref="fl-2"/>
      </object_component>
      <object_component id="oc-d2">
         <name>.debug_info</name>
         <load_address>0xf69</load_address>
         <run_address>0xf69</run_address>
         <size>0x84</size>
         <input_file_ref idref="fl-2"/>
      </object_component>
      <object_component id="oc-165">
         <name>.debug_info</name>
         <load_address>0xfed</load_address>
         <run_address>0xfed</run_address>
         <size>0x8a</size>
         <input_file_ref idref="fl-2"/>
      </object_component>
      <object_component id="oc-16f">
         <name>.debug_info</name>
         <load_address>0x1077</load_address>
         <run_address>0x1077</run_address>
         <size>0x651</size>
         <input_file_ref idref="fl-2"/>
      </object_component>
      <object_component id="oc-174">
         <name>.debug_info</name>
         <load_address>0x16c8</load_address>
         <run_address>0x16c8</run_address>
         <size>0x174</size>
         <input_file_ref idref="fl-2"/>
      </object_component>
      <object_component id="oc-1a6">
         <name>.debug_info</name>
         <load_address>0x183c</load_address>
         <run_address>0x183c</run_address>
         <size>0x193</size>
         <input_file_ref idref="fl-2"/>
      </object_component>
      <object_component id="oc-179">
         <name>.debug_info</name>
         <load_address>0x19cf</load_address>
         <run_address>0x19cf</run_address>
         <size>0x2c</size>
         <input_file_ref idref="fl-2"/>
      </object_component>
      <object_component id="oc-c3">
         <name>.debug_info</name>
         <load_address>0x19fb</load_address>
         <run_address>0x19fb</run_address>
         <size>0x18b</size>
         <input_file_ref idref="fl-2"/>
      </object_component>
      <object_component id="oc-151">
         <name>.debug_info</name>
         <load_address>0x1b86</load_address>
         <run_address>0x1b86</run_address>
         <size>0x87</size>
         <input_file_ref idref="fl-2"/>
      </object_component>
      <object_component id="oc-16a">
         <name>.debug_info</name>
         <load_address>0x1c0d</load_address>
         <run_address>0x1c0d</run_address>
         <size>0x2c</size>
         <input_file_ref idref="fl-2"/>
      </object_component>
      <object_component id="oc-da">
         <name>.debug_info</name>
         <load_address>0x1c39</load_address>
         <run_address>0x1c39</run_address>
         <size>0x2c</size>
         <input_file_ref idref="fl-2"/>
      </object_component>
      <object_component id="oc-183">
         <name>.debug_info</name>
         <load_address>0x1c65</load_address>
         <run_address>0x1c65</run_address>
         <size>0x2c</size>
         <input_file_ref idref="fl-2"/>
      </object_component>
      <object_component id="oc-210">
         <name>.debug_info</name>
         <load_address>0x1c91</load_address>
         <run_address>0x1c91</run_address>
         <size>0x91</size>
         <input_file_ref idref="fl-2"/>
      </object_component>
      <object_component id="oc-215">
         <name>.debug_info</name>
         <load_address>0x1d22</load_address>
         <run_address>0x1d22</run_address>
         <size>0x91</size>
         <input_file_ref idref="fl-2"/>
      </object_component>
      <object_component id="oc-192">
         <name>.debug_info</name>
         <load_address>0x1db3</load_address>
         <run_address>0x1db3</run_address>
         <size>0xf5</size>
         <input_file_ref idref="fl-2"/>
      </object_component>
      <object_component id="oc-147">
         <name>.debug_info</name>
         <load_address>0x1ea8</load_address>
         <run_address>0x1ea8</run_address>
         <size>0x9f</size>
         <input_file_ref idref="fl-2"/>
      </object_component>
      <object_component id="oc-197">
         <name>.debug_info</name>
         <load_address>0x1f47</load_address>
         <run_address>0x1f47</run_address>
         <size>0x167</size>
         <input_file_ref idref="fl-2"/>
      </object_component>
      <object_component id="oc-14c">
         <name>.debug_info</name>
         <load_address>0x20ae</load_address>
         <run_address>0x20ae</run_address>
         <size>0x3fa</size>
         <input_file_ref idref="fl-2"/>
      </object_component>
      <object_component id="oc-156">
         <name>.debug_info</name>
         <load_address>0x24a8</load_address>
         <run_address>0x24a8</run_address>
         <size>0x17e</size>
         <input_file_ref idref="fl-2"/>
      </object_component>
      <object_component id="oc-1e0">
         <name>.debug_info</name>
         <load_address>0x2626</load_address>
         <run_address>0x2626</run_address>
         <size>0x84c</size>
         <input_file_ref idref="fl-3"/>
      </object_component>
      <object_component id="oc-f3">
         <name>.debug_info</name>
         <load_address>0x2e72</load_address>
         <run_address>0x2e72</run_address>
         <size>0x237</size>
         <input_file_ref idref="fl-3"/>
      </object_component>
      <object_component id="oc-44">
         <name>.debug_info</name>
         <load_address>0x30a9</load_address>
         <run_address>0x30a9</run_address>
         <size>0x13a</size>
         <input_file_ref idref="fl-3"/>
      </object_component>
      <object_component id="oc-2be">
         <name>.debug_info</name>
         <load_address>0x31e3</load_address>
         <run_address>0x31e3</run_address>
         <size>0x6bd</size>
         <input_file_ref idref="fl-3"/>
      </object_component>
      <object_component id="oc-13d">
         <name>.debug_info</name>
         <load_address>0x38a0</load_address>
         <run_address>0x38a0</run_address>
         <size>0x8b</size>
         <input_file_ref idref="fl-3"/>
      </object_component>
      <object_component id="oc-51">
         <name>.debug_info</name>
         <load_address>0x392b</load_address>
         <run_address>0x392b</run_address>
         <size>0x150</size>
         <input_file_ref idref="fl-4"/>
      </object_component>
      <object_component id="oc-10">
[...]
      <symbol id="sm-99f">
         <name>pbuf_free</name>
         <value>0x42e1</value>
         <object_component_ref idref="oc-240"/>
      </symbol>
      <symbol id="sm-9a0">
         <name>etharp_query</name>
         <value>0x2391</value>
         <object_component_ref idref="oc-596"/>
      </symbol>
      <symbol id="sm-9a1">
         <name>tcp_backoff</name>
         <value>0x53a4</value>
         <object_component_ref idref="oc-354"/>
      </symbol>
      <symbol id="sm-9a2">
         <name>mem_malloc</name>
         <value>0x26b9</value>
         <object_component_ref idref="oc-316"/>
      </symbol>
      <symbol id="sm-9a3">
         <name>pbuf_clen</name>
         <value>0x4f93</value>
         <object_component_ref idref="oc-5a9"/>
      </symbol>
      <symbol id="sm-9a4">
         <name>tcp_persist_backoff</name>
         <value>0x53bc</value>
         <object_component_ref idref="oc-357"/>
      </symbol>
      <symbol id="sm-9a5">
         <name>inet_chksum</name>
         <value>0x4fe9</value>
         <object_component_ref idref="oc-5b9"/>
      </symbol>
      <symbol id="sm-9a6">
         <name>sys_arch_protect</name>
         <value>0x5009</value>
         <object_component_ref idref="oc-2d4"/>
      </symbol>
      <symbol id="sm-9a7">
         <name>tcp_alloc</name>
         <value>0x2a5d</value>
         <object_component_ref idref="oc-5c0"/>
      </symbol>
      <symbol id="sm-9a8">
         <name>pbuf_ref</name>
         <value>0x4f2d</value>
         <object_component_ref idref="oc-59d"/>
      </symbol>
      <symbol id="sm-9a9">
         <name>tcp_send_empty_ack</name>
         <value>0x4611</value>
         <object_component_ref idref="oc-422"/>
      </symbol>
      <symbol id="sm-9aa">
         <name>ip_output_if</name>
         <value>0x3039</value>
         <object_component_ref idref="oc-4ed"/>
      </symbol>
      <symbol id="sm-9ab">
         <name>pbuf_cat</name>
         <value>0x4b71</value>
         <object_component_ref idref="oc-247"/>
      </symbol>
      <symbol id="sm-9ac">
         <name>lwip_ntohs</name>
         <value>0x5033</value>
         <object_component_ref idref="oc-3e4"/>
      </symbol>
      <symbol id="sm-9ad">
         <name>ip4_addr_isbroadcast</name>
         <value>0x49fd</value>
         <object_component_ref idref="oc-3f2"/>
      </symbol>
      <symbol id="sm-9ae">
         <name>lwip_ntohl</name>
         <value>0x4e41</value>
         <object_component_ref idref="oc-38e"/>
      </symbol>
      <symbol id="sm-9af">
         <name>memp_malloc</name>
         <value>0x4095</value>
         <object_component_ref idref="oc-30a"/>
      </symbol>
      <symbol id="sm-9b0">
         <name>ip_input</name>
         <value>0x15d1</value>
         <object_component_ref idref="oc-300"/>
      </symbol>
      <symbol id="sm-9b1">
         <name>tcp_enqueue_flags</name>
         <value>0x2eed</value>
         <object_component_ref idref="oc-5d2"/>
      </symbol>
      <symbol id="sm-9b2">
         <name>tcp_input</name>
         <value>0x9bd</value>
         <object_component_ref idref="oc-40a"/>
      </symbol>
      <symbol id="sm-9b3">
         <name>sys_timeouts_init</name>
         <value>0x4d89</value>
         <object_component_ref idref="oc-46c"/>
      </symbol>
      <symbol id="sm-9b4">
         <name>netif_set_addr</name>
         <value>0x4e25</value>
         <object_component_ref idref="oc-474"/>
      </symbol>
      <symbol id="sm-9b5">
         <name>udp_input</name>
         <value>0x1779</value>
         <object_component_ref idref="oc-404"/>
      </symbol>
      <symbol id="sm-9b6">
         <name>tcp_send_fin</name>
         <value>0x4657</value>
         <object_component_ref idref="oc-679"/>
      </symbol>
      <symbol id="sm-9b7">
         <name>lwIPInit</name>
         <value>0x2899</value>
         <object_component_ref idref="oc-1c7"/>
      </symbol>
      <symbol id="sm-9b8">
         <name>raw_input</name>
         <value>0x3785</value>
         <object_component_ref idref="oc-3f8"/>
      </symbol>
      <symbol id="sm-9b9">
         <name>tcp_next_iss</name>
         <value>0x4ea5</value>
         <object_component_ref idref="oc-651"/>
      </symbol>
      <symbol id="sm-9ba">
         <name>tcp_zero_window_probe</name>
         <value>0x329d</value>
         <object_component_ref idref="oc-335"/>
      </symbol>
      <symbol id="sm-9bb">
         <name>pbuf_copy_partial</name>
         <value>0x3aed</value>
         <object_component_ref idref="oc-444"/>
      </symbol>
      <symbol id="sm-9bc">
         <name>pbuf_alloc</name>
         <value>0x201d</value>
         <object_component_ref idref="oc-253"/>
      </symbol>
      <symbol id="sm-9bd">
         <name>icmp_input</name>
         <value>0x1a9d</value>
         <object_component_ref idref="oc-410"/>
      </symbol>
      <symbol id="sm-9be">
         <name>netif_set_gw</name>
         <value>0x504d</value>
         <object_component_ref idref="oc-53e"/>
      </symbol>
      <symbol id="sm-9bf">
         <name>inet_chksum_pbuf</name>
         <value>0x4765</value>
         <object_component_ref idref="oc-4e1"/>
      </symbol>
      <symbol id="sm-9c0">
         <name>ip_output</name>
         <value>0x44f1</value>
         <object_component_ref idref="oc-44a"/>
      </symbol>
      <symbol id="sm-9c1">
         <name>pbuf_copy</name>
         <value>0x3179</value>
         <object_component_ref idref="oc-4e7"/>
      </symbol>
      <symbol id="sm-9c2">
         <name>tcp_segs_free</name>
         <value>0x4fa5</value>
         <object_component_ref idref="oc-341"/>
      </symbol>
      <symbol id="sm-9c3">
         <name>tcp_close</name>
         <value>0x4f6d</value>
         <object_component_ref idref="oc-503"/>
      </symbol>
      <symbol id="sm-9c4">
         <name>tivaif_interrupt</name>
         <value>0x4415</value>
         <object_component_ref idref="oc-b0"/>
      </symbol>
      <symbol id="sm-9c5">
         <name>ethzero</name>
         <value>0x53c9</value>
         <object_component_ref idref="oc-3cb"/>
      </symbol>
      <symbol id="sm-9c6">
         <name>lwIPTimer</name>
         <value>0x4d69</value>
         <object_component_ref idref="oc-9d"/>
      </symbol>
      <symbol id="sm-9c7">
         <name>tcp_update_rcv_ann_wnd</name>
         <value>0x4a61</value>
         <object_component_ref idref="oc-604"/>
      </symbol>
      <symbol id="sm-9c8">
         <name>ethbroadcast</name>
         <value>0x53c3</value>
         <object_component_ref idref="oc-306"/>
      </symbol>
      <symbol id="sm-9c9">
         <name>lwip_init</name>
         <value>0x4ff9</value>
         <object_component_ref idref="oc-388"/>
      </symbol>
      <symbol id="sm-9ca">
         <name>lwIPEthernetIntHandler</name>
         <value>0x3e19</value>
         <object_component_ref idref="oc-49"/>
      </symbol>
      <symbol id="sm-9cb">
         <name>tcp_tmr</name>
         <value>0x4dc9</value>
         <object_component_ref idref="oc-134"/>
      </symbol>
      <symbol id="sm-9cc">
         <name>tcp_eff_send_mss</name>
         <value>0x4da9</value>
         <object_component_ref idref="oc-4f5"/>
      </symbol>
      <symbol id="sm-9cd">
         <name>tcp_process_refused_data</name>
         <value>0x3c25</value>
         <object_component_ref idref="oc-326"/>
      </symbol>
      <symbol id="sm-9ce">
         <name>netif_add</name>
         <value>0x4291</value>
         <object_component_ref idref="oc-394"/>
      </symbol>
      <symbol id="sm-9cf">
         <name>tcp_seg_copy</name>
         <value>0x4cc1</value>
         <object_component_ref idref="oc-66a"/>
      </symbol>
      <symbol id="sm-9d0">
         <name>netif_set_default</name>
         <value>0x5041</value>
         <object_component_ref idref="oc-39a"/>
      </symbol>
      <symbol id="sm-9d1">
         <name>sys_now</name>
         <value>0x5065</value>
         <object_component_ref idref="oc-525"/>
      </symbol>
      <symbol id="sm-9d2">
         <name>ip_route</name>
         <value>0x4331</value>
         <object_component_ref idref="oc-4fb"/>
      </symbol>
      <symbol id="sm-9d3">
         <name>tcp_pcb_remove</name>
         <value>0x3f2d</value>
         <object_component_ref idref="oc-4d6"/>
      </symbol>
      <symbol id="sm-9d4">
         <name>g_RxDescList</name>
         <value>0x200182a4</value>
         <object_component_ref idref="oc-58b"/>
      </symbol>
      <symbol id="sm-9d5">
         <name>g_TxDescList</name>
         <value>0x200182b4</value>
         <object_component_ref idref="oc-588"/>
      </symbol>
      <symbol id="sm-9d6">
         <name>sys_timeout</name>
         <value>0x3b55</value>
         <object_component_ref idref="oc-51f"/>
      </symbol>
      <symbol id="sm-9d7">
         <name>etharp_tmr</name>
         <value>0x4725</value>
         <object_component_ref idref="oc-12e"/>
      </symbol>
      <symbol id="sm-9d8">
         <name>tcp_abort</name>
         <value>0x50a5</value>
         <object_component_ref idref="oc-4d0"/>
      </symbol>
      <symbol id="sm-9d9">
         <name>mem_trim</name>
         <value>0x27b1</value>
         <object_component_ref idref="oc-4ac"/>
      </symbol>
      <symbol id="sm-9eb">
         <name>_c_int00</name>
         <value>0x4145</value>
         <object_component_ref idref="oc-24"/>
      </symbol>
      <symbol id="sm-9ec">
         <name>__stack</name>
         <value>0x20017a84</value>
         <object_component_ref idref="oc-2a"/>
      </symbol>
      <symbol id="sm-a03">
         <name>__TI_decompress_none</name>
         <value>0x5019</value>
         <object_component_ref idref="oc-12"/>
      </symbol>
      <symbol id="sm-a26">
         <name>__TI_decompress_rle24</name>
         <value>0x509f</value>
         <object_component_ref idref="oc-18"/>
      </symbol>
      <symbol id="sm-a48">
         <name>C$$EXIT</name>
         <value>0x4199</value>
         <object_component_ref idref="oc-8f"/>
      </symbol>
      <symbol id="sm-a49">
         <name>abort</name>
         <value>0x419d</value>
         <object_component_ref idref="oc-8f"/>
      </symbol>
      <symbol id="sm-a4a">
         <name>exit</name>
         <value>0x41a5</value>
         <object_component_ref idref="oc-8f"/>
      </symbol>
      <symbol id="sm-a4b">
         <name>__TI_dtors_ptr</name>
         <value>0x200182c8</value>
         <object_component_ref idref="oc-fa"/>
      </symbol>
      <symbol id="sm-a4c">
         <name>__TI_cleanup_ptr</name>
         <value>0x200182c4</value>
         <object_component_ref idref="oc-fa"/>
      </symbol>
      <symbol id="sm-a4d">
         <name>__TI_enable_exit_profile_output</name>
         <value>0x200182cc</value>
         <object_component_ref idref="oc-fa"/>
      </symbol>
      <symbol id="sm-a5d">
         <name>memcmp</name>
         <value>0x4d07</value>
         <object_component_ref idref="oc-2ee"/>
      </symbol>
      <symbol id="sm-a78">
         <name>memcpy</name>
         <value>0x30dd</value>
         <object_component_ref idref="oc-52"/>
      </symbol>
      <symbol id="sm-a79">
         <name>__aeabi_memcpy</name>
         <value>0x30dd</value>
         <object_component_ref idref="oc-52"/>
      </symbol>
      <symbol id="sm-a7a">
         <name>__aeabi_memcpy8</name>
         <value>0x30dd</value>
         <object_component_ref idref="oc-52"/>
      </symbol>
      <symbol id="sm-a7b">
         <name>__aeabi_memcpy4</name>
         <value>0x30dd</value>
         <object_component_ref idref="oc-52"/>
      </symbol>
      <symbol id="sm-a8a">
         <name>__aeabi_memset</name>
         <value>0x35a7</value>
         <object_component_ref idref="oc-6b"/>
      </symbol>
      <symbol id="sm-a8b">
         <name>memset</name>
         <value>0x35ad</value>
         <object_component_ref idref="oc-6b"/>
      </symbol>
      <symbol id="sm-a8c">
         <name>__aeabi_memset8</name>
         <value>0x35a7</value>
         <object_component_ref idref="oc-6b"/>
      </symbol>
      <symbol id="sm-a8d">
         <name>__aeabi_memset4</name>
         <value>0x35a7</value>
         <object_component_ref idref="oc-6b"/>
      </symbol>
      <symbol id="sm-a8e">
         <name>__aeabi_memclr8</name>
         <value>0x35a5</value>
         <object_component_ref idref="oc-6b"/>
      </symbol>
      <symbol id="sm-a8f">
         <name>__aeabi_memclr4</name>
         <value>0x35a5</value>
         <object_component_ref idref="oc-6b"/>
      </symbol>
      <symbol id="sm-a90">
         <name>__aeabi_memclr</name>
         <value>0x35a5</value>
         <object_component_ref idref="oc-6b"/>
      </symbol>
      <symbol id="sm-a9a">
         <name>__mpu_init</name>
         <value>0x3a83</value>
         <object_component_ref idref="oc-77"/>
      </symbol>
      <symbol id="sm-aa4">
         <name>_system_pre_init</name>
         <value>0x50ab</value>
         <object_component_ref idref="oc-7d"/>
      </symbol>
      <symbol id="sm-aac">
         <name>main_func_sp</name>
         <value>0x200182e8</value>
         <object_component_ref idref="oc-95"/>
      </symbol>
      <symbol id="sm-acb">
         <name>_nop</name>
         <value>0x4f53</value>
         <object_component_ref idref="oc-1ed"/>
      </symbol>
      <symbol id="sm-acc">
         <name>_lock</name>
         <value>0x200182dc</value>
         <object_component_ref idref="oc-fd"/>
      </symbol>
      <symbol id="sm-acd">
         <name>_unlock</name>
         <value>0x200182e0</value>
         <object_component_ref idref="oc-fd"/>
      </symbol>
      <symbol id="sm-ace">
         <name>_register_lock</name>
         <value>0x4f4b</value>
         <object_component_ref idref="oc-1ed"/>
      </symbol>
      <symbol id="sm-acf">
         <name>_register_unlock</name>
         <value>0x4f45</value>
         <object_component_ref idref="oc-1ed"/>
      </symbol>
      <symbol id="sm-ae3">
         <name>_args_main</name>
         <value>0x4e8d</value>
         <object_component_ref idref="oc-89"/>
      </symbol>
      <symbol id="sm-b08">
         <name>__TI_auto_init</name>
         <value>0x37f9</value>
         <object_component_ref idref="oc-83"/>
      </symbol>
      <symbol id="sm-b22">
         <name>copy_in</name>
         <value>0x43c9</value>
         <object_component_ref idref="oc-e4"/>
      </symbol>
      <symbol id="sm-b2d">
         <name>_system_post_cinit</name>
         <value>0x3e17</value>
         <object_component_ref idref="oc-ea"/>
      </symbol>
      <symbol id="sm-bee">
         <name>EMACConfigSet</name>
         <value>0x4819</value>
         <object_component_ref idref="oc-239"/>
      </symbol>
      <symbol id="sm-bef">
         <name>EMACTxEnable</name>
         <value>0x4f01</value>
         <object_component_ref idref="oc-569"/>
      </symbol>
      <symbol id="sm-bf0">
         <name>EMACRxDMADescriptorListSet</name>
         <value>0x5081</value>
         <object_component_ref idref="oc-618"/>
      </symbol>
      <symbol id="sm-bf1">
         <name>EMACPHYConfigSet</name>
         <value>0x403d</value>
         <object_component_ref idref="oc-292"/>
      </symbol>
      <symbol id="sm-bf2">
         <name>EMACPHYRead</name>
         <value>0x4b99</value>
         <object_component_ref idref="oc-221"/>
      </symbol>
      <symbol id="sm-bf3">
         <name>EMACTimestampIntStatus</name>
         <value>0x5087</value>
         <object_component_ref idref="oc-aa"/>
      </symbol>
      <symbol id="sm-bf4">
         <name>EMACRxEnable</name>
         <value>0x4eeb</value>
         <object_component_ref idref="oc-56f"/>
      </symbol>
      <symbol id="sm-bf5">
         <name>EMACIntClear</name>
         <value>0x492d</value>
         <object_component_ref idref="oc-563"/>
      </symbol>
      <symbol id="sm-bf6">
         <name>EMACConfigGet</name>
         <value>0x48f9</value>
         <object_component_ref idref="oc-233"/>
      </symbol>
      <symbol id="sm-bf7">
         <name>EMACInit</name>
         <value>0x3621</value>
         <object_component_ref idref="oc-298"/>
      </symbol>
      <symbol id="sm-bf8">
         <name>EMACIntEnable</name>
         <value>0x47a3</value>
         <object_component_ref idref="oc-575"/>
      </symbol>
      <symbol id="sm-bf9">
         <name>EMACPHYWrite</name>
         <value>0x4bbf</value>
         <object_component_ref idref="oc-551"/>
      </symbol>
      <symbol id="sm-bfa">
         <name>EMACReset</name>
         <value>0x4ed5</value>
         <object_component_ref idref="oc-37d"/>
      </symbol>
      <symbol id="sm-bfb">
         <name>EMACFrameFilterSet</name>
         <value>0x4fb9</value>
         <object_component_ref idref="oc-557"/>
      </symbol>
      <symbol id="sm-bfc">
         <name>EMACTxDMAPollDemand</name>
         <value>0x5071</value>
         <object_component_ref idref="oc-5af"/>
      </symbol>
      <symbol id="sm-bfd">
         <name>EMACAddrGet</name>
         <value>0x4de9</value>
         <object_component_ref idref="oc-545"/>
      </symbol>
      <symbol id="sm-bfe">
         <name>EMACTxDMADescriptorListSet</name>
         <value>0x508d</value>
         <object_component_ref idref="oc-61e"/>
      </symbol>
      <symbol id="sm-bff">
         <name>EMACIntStatus</name>
         <value>0x4aed</value>
         <object_component_ref idref="oc-55d"/>
      </symbol>
      <symbol id="sm-c30">
         <name>IntEnable</name>
         <value>0x3a85</value>
         <object_component_ref idref="oc-57b"/>
      </symbol>
      <symbol id="sm-c31">
         <name>IntMasterEnable</name>
         <value>0x4fc9</value>
         <object_component_ref idref="oc-581"/>
      </symbol>
      <symbol id="sm-caf">
         <name>SysCtlDelay</name>
         <value>0x5099</value>
         <object_component_ref idref="oc-37c"/>
      </symbol>
      <symbol id="sm-cb0">
         <name>SysCtlPeripheralReady</name>
         <value>0x4851</value>
         <object_component_ref idref="oc-376"/>
      </symbol>
      <symbol id="sm-cb1">
         <name>SysCtlClockFreqSet</name>
         <value>0x13e5</value>
         <object_component_ref idref="oc-1c1"/>
      </symbol>
      <symbol id="sm-cb2">
         <name>SysCtlPeripheralReset</name>
         <value>0x4241</value>
         <object_component_ref idref="oc-370"/>
      </symbol>
      <symbol id="sm-cbc">
         <name>CPUcpsie</name>
         <value>0x5027</value>
         <object_component_ref idref="oc-633"/>
      </symbol>
      <symbol id="sm-d1b">
         <name>GrFontInfoGet</name>
         <value>0x4be5</value>
         <object_component_ref idref="oc-2b1"/>
      </symbol>
      <symbol id="sm-d1c">
         <name>GrFontGlyphDataGet</name>
         <value>0x4ce5</value>
         <object_component_ref idref="oc-2ab"/>
      </symbol>
      <symbol id="sm-d1d">
         <name>GrStringDraw</name>
         <value>0x4f17</value>
         <object_component_ref idref="oc-1d9"/>
      </symbol>
      <symbol id="sm-d1e">
         <name>GrStringNextCharGet</name>
         <value>0x4a91</value>
         <object_component_ref idref="oc-2a5"/>
      </symbol>
      <symbol id="sm-d1f">
         <name>GrStringWidthGet</name>
         <value>0x3a1b</value>
         <object_component_ref idref="oc-1cd"/>
      </symbol>
      <symbol id="sm-d20">
         <name>GrFontBaselineGet</name>
         <value>0x4b19</value>
         <object_component_ref idref="oc-1d3"/>
      </symbol>
      <symbol id="sm-d23">
         <name>__TI_static_base__</name>
         <value>0x0</value>
      </symbol>
      <symbol id="sm-d26">
         <name>SHT$$INIT_ARRAY$$Limit</name>
         <value>0x0</value>
      </symbol>
      <symbol id="sm-d27">
         <name>SHT$$INIT_ARRAY$$Base</name>
         <value>0x0</value>
      </symbol>
   </symbol_table>
   <title>Link successful</title>
</link_info>
