<?xml version="1.0"?>
<link_info>
   <banner>TI ARM Linker Unix v15.12.1.LTS</banner>
   <copyright>Copyright (c) 1996-2015 Texas Instruments Incorporated</copyright>
   <link_time>0x589a804c</link_time>
   <link_errors>0x0</link_errors>
   <output_file>enet_example.out</output_file>
   <entry_point>
      <name>_c_int00</name>
      <address>0x3fcd</address>
   </entry_point>
   <input_file_list>
      <input_file id="fl-2">
         <path>./</path>
         <kind>object</kind>
         <file>enet_lwip.obj</file>
         <name>enet_lwip.obj</name>
      </input_file>
      <input_file id="fl-3">
         <path>./</path>
         <kind>object</kind>
         <file>startup_ccs.obj</file>
         <name>startup_ccs.obj</name>
      </input_file>
      <input_file id="fl-4">
         <path>./third_party/lwip-1.4.1/apps/httpserver_raw/</path>
         <kind>object</kind>
         <file>httpd.obj</file>
         <name>httpd.obj</name>
      </input_file>
      <input_file id="fl-5">
         <path>./utils/</path>
         <kind>object</kind>
         <file>lwiplib.obj</file>
         <name>lwiplib.obj</name>
      </input_file>
      <input_file id="fl-c1">
         <path>/Applications/ti/ccsv6/tools/compiler/ti-cgt-arm_15.12.1.LTS/lib/</path>
         <kind>archive</kind>
         <file>rtsv7M4_T_le_v4SPD16_eabi.lib</file>
         <name>boot.obj</name>
      </input_file>
      <input_file id="fl-c2">
         <path>/Applications/ti/ccsv6/tools/compiler/ti-cgt-arm_15.12.1.LTS/lib/</path>
         <kind>archive</kind>
         <file>rtsv7M4_T_le_v4SPD16_eabi.lib</file>
         <name>copy_decompress_none.obj</name>
      </input_file>
      <input_file id="fl-c3">
         <path>/Applications/ti/ccsv6/tools/compiler/ti-cgt-arm_15.12.1.LTS/lib/</path>
         <kind>archive</kind>
         <file>rtsv7M4_T_le_v4SPD16_eabi.lib</file>
         <name>copy_decompress_rle.obj</name>
      </input_file>
      <input_file id="fl-c4">
         <path>/Applications/ti/ccsv6/tools/compiler/ti-cgt-arm_15.12.1.LTS/lib/</path>
         <kind>archive</kind>
         <file>rtsv7M4_T_le_v4SPD16_eabi.lib</file>
         <name>copy_zero_init.obj</name>
      </input_file>
      <input_file id="fl-c5">
         <path>/Applications/ti/ccsv6/tools/compiler/ti-cgt-arm_15.12.1.LTS/lib/</path>
         <kind>archive</kind>
         <file>rtsv7M4_T_le_v4SPD16_eabi.lib</file>
         <name>exit.obj</name>
      </input_file>
      <input_file id="fl-c6">
         <path>/Applications/ti/ccsv6/tools/compiler/ti-cgt-arm_15.12.1.LTS/lib/</path>
         <kind>archive</kind>
         <file>rtsv7M4_T_le_v4SPD16_eabi.lib</file>
         <name>memcmp.obj</name>
      </input_file>
      <input_file id="fl-c7">
         <path>/Applications/ti/ccsv6/tools/compiler/ti-cgt-arm_15.12.1.LTS/lib/</path>
         <kind>archive</kind>
         <file>rtsv7M4_T_le_v4SPD16_eabi.lib</file>
         <name>memcpy_t2.obj</name>
      </input_file>
      <input_file id="fl-c8">
         <path>/Applications/ti/ccsv6/tools/compiler/ti-cgt-arm_15.12.1.LTS/lib/</path>
         <kind>archive</kind>
         <file>rtsv7M4_T_le_v4SPD16_eabi.lib</file>
         <name>memset_t2.obj</name>
      </input_file>
      <input_file id="fl-c9">
         <path>/Applications/ti/ccsv6/tools/compiler/ti-cgt-arm_15.12.1.LTS/lib/</path>
         <kind>archive</kind>
         <file>rtsv7M4_T_le_v4SPD16_eabi.lib</file>
         <name>mpu_init.obj</name>
      </input_file>
      <input_file id="fl-ca">
         <path>/Applications/ti/ccsv6/tools/compiler/ti-cgt-arm_15.12.1.LTS/lib/</path>
         <kind>archive</kind>
         <file>rtsv7M4_T_le_v4SPD16_eabi.lib</file>
         <name>pre_init.obj</name>
      </input_file>
      <input_file id="fl-cb">
         <path>/Applications/ti/ccsv6/tools/compiler/ti-cgt-arm_15.12.1.LTS/lib/</path>
         <kind>archive</kind>
         <file>rtsv7M4_T_le_v4SPD16_eabi.lib</file>
         <name>stkdepth_vars.obj</name>
      </input_file>
      <input_file id="fl-cc">
         <path>/Applications/ti/ccsv6/tools/compiler/ti-cgt-arm_15.12.1.LTS/lib/</path>
         <kind>archive</kind>
         <file>rtsv7M4_T_le_v4SPD16_eabi.lib</file>
         <name>strchr.obj</name>
      </input_file>
      <input_file id="fl-cd">
         <path>/Applications/ti/ccsv6/tools/compiler/ti-cgt-arm_15.12.1.LTS/lib/</path>
         <kind>archive</kind>
         <file>rtsv7M4_T_le_v4SPD16_eabi.lib</file>
         <name>strcmp.obj</name>
      </input_file>
      <input_file id="fl-ce">
         <path>/Applications/ti/ccsv6/tools/compiler/ti-cgt-arm_15.12.1.LTS/lib/</path>
         <kind>archive</kind>
         <file>rtsv7M4_T_le_v4SPD16_eabi.lib</file>
         <name>strlen.obj</name>
      </input_file>
      <input_file id="fl-cf">
         <path>/Applications/ti/ccsv6/tools/compiler/ti-cgt-arm_15.12.1.LTS/lib/</path>
         <kind>archive</kind>
         <file>rtsv7M4_T_le_v4SPD16_eabi.lib</file>
         <name>strncmp.obj</name>
      </input_file>
      <input_file id="fl-d0">
         <path>/Applications/ti/ccsv6/tools/compiler/ti-cgt-arm_15.12.1.LTS/lib/</path>
         <kind>archive</kind>
         <file>rtsv7M4_T_le_v4SPD16_eabi.lib</file>
         <name>strstr.obj</name>
      </input_file>
      <input_file id="fl-d1">
         <path>/Applications/ti/ccsv6/tools/compiler/ti-cgt-arm_15.12.1.LTS/lib/</path>
         <kind>archive</kind>
         <file>rtsv7M4_T_le_v4SPD16_eabi.lib</file>
         <name>_lock.obj</name>
      </input_file>
      <input_file id="fl-d2">
         <path>/Applications/ti/ccsv6/tools/compiler/ti-cgt-arm_15.12.1.LTS/lib/</path>
         <kind>archive</kind>
         <file>rtsv7M4_T_le_v4SPD16_eabi.lib</file>
         <name>args_main.obj</name>
      </input_file>
      <input_file id="fl-d3">
         <path>/Applications/ti/ccsv6/tools/compiler/ti-cgt-arm_15.12.1.LTS/lib/</path>
         <kind>archive</kind>
         <file>rtsv7M4_T_le_v4SPD16_eabi.lib</file>
         <name>autoinit.obj</name>
      </input_file>
      <input_file id="fl-d4">
         <path>/Applications/ti/ccsv6/tools/compiler/ti-cgt-arm_15.12.1.LTS/lib/</path>
         <kind>archive</kind>
         <file>rtsv7M4_T_le_v4SPD16_eabi.lib</file>
         <name>cpy_tbl.obj</name>
      </input_file>
      <input_file id="fl-d5">
         <path>/Applications/ti/ccsv6/tools/compiler/ti-cgt-arm_15.12.1.LTS/lib/</path>
         <kind>archive</kind>
         <file>rtsv7M4_T_le_v4SPD16_eabi.lib</file>
         <name>startup.obj</name>
      </input_file>
      <input_file id="fl-d6">
         <path>/Users/ceylon/Code/TI/SW-TM4C-2.1.3.156/driverlib/ccs/Debug/</path>
         <kind>archive</kind>
         <file>driverlib.lib</file>
         <name>emac.obj</name>
      </input_file>
      <input_file id="fl-d7">
         <path>/Users/ceylon/Code/TI/SW-TM4C-2.1.3.156/driverlib/ccs/Debug/</path>
         <kind>archive</kind>
         <file>driverlib.lib</file>
         <name>interrupt.obj</name>
      </input_file>
      <input_file id="fl-d8">
         <path>/Users/ceylon/Code/TI/SW-TM4C-2.1.3.156/driverlib/ccs/Debug/</path>
         <kind>archive</kind>
         <file>driverlib.lib</file>
         <name>sw_crc.obj</name>
      </input_file>
      <input_file id="fl-d9">
         <path>/Users/ceylon/Code/TI/SW-TM4C-2.1.3.156/driverlib/ccs/Debug/</path>
         <kind>archive</kind>
         <file>driverlib.lib</file>
         <name>sysctl.obj</name>
      </input_file>
      <input_file id="fl-da">
         <path>/Users/ceylon/Code/TI/SW-TM4C-2.1.3.156/driverlib/ccs/Debug/</path>
         <kind>archive</kind>
         <file>driverlib.lib</file>
         <name>cpu.obj</name>
      </input_file>
      <input_file id="fl-db">
         <path>/Users/ceylon/Code/TI/SW-TM4C-2.1.3.156/grlib/ccs/Debug/</path>
         <kind>archive</kind>
         <file>grlib.lib</file>
         <name>circle.obj</name>
      </input_file>
      <input_file id="fl-dc">
         <path>/Users/ceylon/Code/TI/SW-TM4C-2.1.3.156/grlib/ccs/Debug/</path>
         <kind>archive</kind>
         <file>grlib.lib</file>
         <name>line.obj</name>
      </input_file>
      <input_file id="fl-dd">
         <path>/Users/ceylon/Code/TI/SW-TM4C-2.1.3.156/grlib/ccs/Debug/</path>
         <kind>archive</kind>
         <file>grlib.lib</file>
         <name>rectangle.obj</name>
      </input_file>
      <input_file id="fl-de">
         <path>/Users/ceylon/Code/TI/SW-TM4C-2.1.3.156/grlib/ccs/Debug/</path>
         <kind>archive</kind>
         <file>grlib.lib</file>
         <name>string.obj</name>
      </input_file>
   </input_file_list>
   <object_component_list>
      <object_component id="oc-f">
         <name>.intvecs</name>
         <load_address>0x0</load_address>
         <run_address>0x0</run_address>
         <size>0x200</size>
         <input_file_ref idref="fl-3"/>
      </object_component>
      <object_component id="oc-56c">
         <name>.text:tcp_receive</name>
         <load_address>0x200</load_address>
         <run_address>0x200</run_address>
         <size>0x7bc</size>
         <input_file_ref idref="fl-5"/>
      </object_component>
      <object_component id="oc-398">
         <name>.text:tcp_input</name>
         <load_address>0x9bc</load_address>
         <run_address>0x9bc</run_address>
         <size>0x3b0</size>
         <input_file_ref idref="fl-5"/>
      </object_component>
      <object_component id="oc-456">
         <name>.text:tcp_process</name>
         <load_address>0xd6c</load_address>
         <run_address>0xd6c</run_address>
         <size>0x3b0</size>
         <input_file_ref idref="fl-5"/>
      </object_component>
      <object_component id="oc-22a">
         <name>.text:tcp_slowtmr</name>
         <load_address>0x111c</load_address>
         <run_address>0x111c</run_address>
         <size>0x2c8</size>
         <input_file_ref idref="fl-5"/>
      </object_component>
      <object_component id="oc-1b0">
         <name>.text:SysCtlClockFreqSet</name>
         <load_address>0x13e4</load_address>
         <run_address>0x13e4</run_address>
         <size>0x1ec</size>
         <input_file_ref idref="fl-d9"/>
      </object_component>
      <object_component id="oc-2a6">
         <name>.text:ip_input</name>
         <load_address>0x15d0</load_address>
         <run_address>0x15d0</run_address>
         <size>0x1a8</size>
         <input_file_ref idref="fl-5"/>
      </object_component>
      <object_component id="oc-392">
         <name>.text:udp_input</name>
         <load_address>0x1778</load_address>
         <run_address>0x1778</run_address>
         <size>0x194</size>
         <input_file_ref idref="fl-5"/>
      </object_component>
      <object_component id="oc-2c6">
         <name>.text:tcp_output</name>
         <load_address>0x190c</load_address>
         <run_address>0x190c</run_address>
         <size>0x190</size>
         <input_file_ref idref="fl-5"/>
      </object_component>
      <object_component id="oc-39e">
         <name>.text:icmp_input</name>
         <load_address>0x1a9c</load_address>
         <run_address>0x1a9c</run_address>
         <size>0x184</size>
         <input_file_ref idref="fl-5"/>
      </object_component>
      <object_component id="oc-589">
         <name>.text:tcp_close_shutdown</name>
         <load_address>0x1c20</load_address>
         <run_address>0x1c20</run_address>
         <size>0x148</size>
         <input_file_ref idref="fl-5"/>
      </object_component>
      <object_component id="oc-117">
         <name>.text:tivaif_receive</name>
         <load_address>0x1d68</load_address>
         <run_address>0x1d68</run_address>
         <size>0x140</size>
         <input_file_ref idref="fl-5"/>
      </object_component>
      <object_component id="oc-213">
         <name>.text:pbuf_alloc</name>
         <load_address>0x1ea8</load_address>
         <run_address>0x1ea8</run_address>
         <size>0x136</size>
         <input_file_ref idref="fl-5"/>
      </object_component>
      <object_component id="oc-37">
         <name>.text:FaultISR</name>
         <load_address>0x1fde</load_address>
         <run_address>0x1fde</run_address>
         <size>0x2</size>
         <input_file_ref idref="fl-3"/>
      </object_component>
      <object_component id="oc-29a">
         <name>.text:etharp_arp_input</name>
         <load_address>0x1fe0</load_address>
         <run_address>0x1fe0</run_address>
         <size>0x124</size>
         <input_file_ref idref="fl-5"/>
      </object_component>
      <object_component id="oc-415">
         <name>.text:etharp_output</name>
         <load_address>0x2104</load_address>
         <run_address>0x2104</run_address>
         <size>0x118</size>
         <input_file_ref idref="fl-5"/>
      </object_component>
      <object_component id="oc-522">
         <name>.text:etharp_query</name>
         <load_address>0x221c</load_address>
         <run_address>0x221c</run_address>
         <size>0x114</size>
         <input_file_ref idref="fl-5"/>
      </object_component>
      <object_component id="oc-44a">
         <name>.text:tcp_listen_input</name>
         <load_address>0x2330</load_address>
         <run_address>0x2330</run_address>
         <size>0x114</size>
         <input_file_ref idref="fl-5"/>
      </object_component>
      <object_component id="oc-41b">
         <name>.text:tivaif_transmit</name>
         <load_address>0x2444</load_address>
         <run_address>0x2444</run_address>
         <size>0x100</size>
         <input_file_ref idref="fl-5"/>
      </object_component>
      <object_component id="oc-2bc">
         <name>.text:mem_malloc</name>
         <load_address>0x2544</load_address>
         <run_address>0x2544</run_address>
         <size>0xf8</size>
         <input_file_ref idref="fl-5"/>
      </object_component>
      <object_component id="oc-438">
         <name>.text:mem_trim</name>
         <load_address>0x263c</load_address>
         <run_address>0x263c</run_address>
         <size>0xe8</size>
         <input_file_ref idref="fl-5"/>
      </object_component>
      <object_component id="oc-1b6">
         <name>.text:lwIPInit</name>
         <load_address>0x2724</load_address>
         <run_address>0x2724</run_address>
         <size>0xe4</size>
         <input_file_ref idref="fl-5"/>
      </object_component>
      <object_component id="oc-42a">
         <name>.text:etharp_find_entry</name>
         <load_address>0x2808</load_address>
         <run_address>0x2808</run_address>
         <size>0xe0</size>
         <input_file_ref idref="fl-5"/>
      </object_component>
      <object_component id="oc-54c">
         <name>.text:tcp_alloc</name>
         <load_address>0x28e8</load_address>
         <run_address>0x28e8</run_address>
         <size>0xd0</size>
         <input_file_ref idref="fl-5"/>
      </object_component>
      <object_component id="oc-4d7">
         <name>.text:InitDMADescriptors</name>
         <load_address>0x29b8</load_address>
         <run_address>0x29b8</run_address>
         <size>0xc4</size>
         <input_file_ref idref="fl-5"/>
      </object_component>
      <object_component id="oc-353">
         <name>.text:etharp_raw</name>
         <load_address>0x2a7c</load_address>
         <run_address>0x2a7c</run_address>
         <size>0xc4</size>
         <input_file_ref idref="fl-5"/>
      </object_component>
      <object_component id="oc-3b6">
         <name>.text:tcp_output_segment</name>
         <load_address>0x2b40</load_address>
         <run_address>0x2b40</run_address>
         <size>0xc0</size>
         <input_file_ref idref="fl-5"/>
      </object_component>
      <object_component id="oc-ec">
         <name>.text:main</name>
         <load_address>0x2c00</load_address>
         <run_address>0x2c00</run_address>
         <size>0xbc</size>
         <input_file_ref idref="fl-2"/>
      </object_component>
      <object_component id="oc-5e8">
         <name>.text:tcp_create_segment</name>
         <load_address>0x2cbc</load_address>
         <run_address>0x2cbc</run_address>
         <size>0xbc</size>
         <input_file_ref idref="fl-5"/>
      </object_component>
      <object_component id="oc-40c">
         <name>.text:tivaif_hwinit</name>
         <load_address>0x2d78</load_address>
         <run_address>0x2d78</run_address>
         <size>0xbc</size>
         <input_file_ref idref="fl-5"/>
      </object_component>
      <object_component id="oc-55e">
         <name>.text:tcp_enqueue_flags</name>
         <load_address>0x2e34</load_address>
         <run_address>0x2e34</run_address>
         <size>0xa8</size>
         <input_file_ref idref="fl-5"/>
      </object_component>
      <object_component id="oc-20d">
         <name>.text:ethernet_input</name>
         <load_address>0x2edc</load_address>
         <run_address>0x2edc</run_address>
         <size>0xa4</size>
         <input_file_ref idref="fl-5"/>
      </object_component>
      <object_component id="oc-479">
         <name>.text:ip_output_if</name>
         <load_address>0x2f80</load_address>
         <run_address>0x2f80</run_address>
         <size>0xa4</size>
         <input_file_ref idref="fl-5"/>
      </object_component>
      <object_component id="oc-52">
         <name>.text</name>
         <load_address>0x3024</load_address>
         <run_address>0x3024</run_address>
         <size>0x9c</size>
         <input_file_ref idref="fl-c7"/>
      </object_component>
      <object_component id="oc-473">
         <name>.text:pbuf_copy</name>
         <load_address>0x30c0</load_address>
         <run_address>0x30c0</run_address>
         <size>0x92</size>
         <input_file_ref idref="fl-5"/>
      </object_component>
      <object_component id="oc-3d">
         <name>.text:IntDefaultHandler</name>
         <load_address>0x3152</load_address>
         <run_address>0x3152</run_address>
         <size>0x2</size>
         <input_file_ref idref="fl-3"/>
      </object_component>
      <object_component id="oc-564">
         <name>.text:tcp_abandon</name>
         <load_address>0x3154</load_address>
         <run_address>0x3154</run_address>
         <size>0x90</size>
         <input_file_ref idref="fl-5"/>
      </object_component>
      <object_component id="oc-2db">
         <name>.text:tcp_zero_window_probe</name>
         <load_address>0x31e4</load_address>
         <run_address>0x31e4</run_address>
         <size>0x8c</size>
         <input_file_ref idref="fl-5"/>
      </object_component>
      <object_component id="oc-450">
         <name>.text:tcp_timewait_input</name>
         <load_address>0x3270</load_address>
         <run_address>0x3270</run_address>
         <size>0x84</size>
         <input_file_ref idref="fl-5"/>
      </object_component>
      <object_component id="oc-25e">
         <name>.text:lwIPPrivateInit</name>
         <load_address>0x32f4</load_address>
         <run_address>0x32f4</run_address>
         <size>0x80</size>
         <input_file_ref idref="fl-5"/>
      </object_component>
      <object_component id="oc-558">
         <name>.text:tcp_parseopt</name>
         <load_address>0x3374</load_address>
         <run_address>0x3374</run_address>
         <size>0x80</size>
         <input_file_ref idref="fl-5"/>
      </object_component>
      <object_component id="oc-2f3">
         <name>.text:tcp_rst</name>
         <load_address>0x33f4</load_address>
         <run_address>0x33f4</run_address>
         <size>0x7c</size>
         <input_file_ref idref="fl-5"/>
      </object_component>
      <object_component id="oc-10b">
         <name>.text:tivaif_process_phy_interrupt</name>
         <load_address>0x3470</load_address>
         <run_address>0x3470</run_address>
         <size>0x7c</size>
         <input_file_ref idref="fl-5"/>
      </object_component>
      <object_component id="oc-6b">
         <name>.text</name>
         <load_address>0x34ec</load_address>
         <run_address>0x34ec</run_address>
         <size>0x7a</size>
         <input_file_ref idref="fl-c8"/>
      </object_component>
      <object_component id="oc-31">
         <name>.text:NmiSR</name>
         <load_address>0x3566</load_address>
         <run_address>0x3566</run_address>
         <size>0x2</size>
         <input_file_ref idref="fl-3"/>
      </object_component>
      <object_component id="oc-258">
         <name>.text:EMACInit</name>
         <load_address>0x3568</load_address>
         <run_address>0x3568</run_address>
         <size>0x78</size>
         <input_file_ref idref="fl-d6"/>
      </object_component>
      <object_component id="oc-5fc">
         <name>.text:tcp_oos_insert_segment</name>
         <load_address>0x35e0</load_address>
         <run_address>0x35e0</run_address>
         <size>0x78</size>
         <input_file_ref idref="fl-5"/>
      </object_component>
      <object_component id="oc-36c">
         <name>.text:etharp_update_arp_entry</name>
         <load_address>0x3658</load_address>
         <run_address>0x3658</run_address>
         <size>0x74</size>
         <input_file_ref idref="fl-5"/>
      </object_component>
      <object_component id="oc-386">
         <name>.text:raw_input</name>
         <load_address>0x36cc</load_address>
         <run_address>0x36cc</run_address>
         <size>0x74</size>
         <input_file_ref idref="fl-5"/>
      </object_component>
      <object_component id="oc-83">
         <name>.text</name>
         <load_address>0x3740</load_address>
         <run_address>0x3740</run_address>
         <size>0x70</size>
         <input_file_ref idref="fl-d3"/>
      </object_component>
      <object_component id="oc-224">
         <name>.text:tcp_fasttmr</name>
         <load_address>0x37b0</load_address>
         <run_address>0x37b0</run_address>
         <size>0x70</size>
         <input_file_ref idref="fl-5"/>
      </object_component>
      <object_component id="oc-441">
         <name>.text:icmp_send_response</name>
         <load_address>0x3820</load_address>
         <run_address>0x3820</run_address>
         <size>0x6c</size>
         <input_file_ref idref="fl-5"/>
      </object_component>
      <object_component id="oc-3f4">
         <name>.text:memp_init</name>
         <load_address>0x388c</load_address>
         <run_address>0x388c</run_address>
         <size>0x6c</size>
         <input_file_ref idref="fl-5"/>
      </object_component>
      <object_component id="oc-5e">
         <name>.text</name>
         <load_address>0x38f8</load_address>
         <run_address>0x38f8</run_address>
         <size>0x6a</size>
         <input_file_ref idref="fl-c3"/>
      </object_component>
      <object_component id="oc-77">
         <name>.text</name>
         <load_address>0x3962</load_address>
         <run_address>0x3962</run_address>
         <size>0x2</size>
         <input_file_ref idref="fl-c9"/>
      </object_component>
      <object_component id="oc-507">
         <name>.text:IntEnable</name>
         <load_address>0x3964</load_address>
         <run_address>0x3964</run_address>
         <size>0x68</size>
         <input_file_ref idref="fl-d7"/>
      </object_component>
      <object_component id="oc-3d2">
         <name>.text:pbuf_copy_partial</name>
         <load_address>0x39cc</load_address>
         <run_address>0x39cc</run_address>
         <size>0x68</size>
         <input_file_ref idref="fl-5"/>
      </object_component>
      <object_component id="oc-4ab">
         <name>.text:sys_timeout</name>
         <load_address>0x3a34</load_address>
         <run_address>0x3a34</run_address>
         <size>0x68</size>
         <input_file_ref idref="fl-5"/>
      </object_component>
      <object_component id="oc-3cc">
         <name>.text:tcp_output_alloc_header</name>
         <load_address>0x3a9c</load_address>
         <run_address>0x3a9c</run_address>
         <size>0x68</size>
         <input_file_ref idref="fl-5"/>
      </object_component>
      <object_component id="oc-2cc">
         <name>.text:tcp_process_refused_data</name>
         <load_address>0x3b04</load_address>
         <run_address>0x3b04</run_address>
         <size>0x68</size>
         <input_file_ref idref="fl-5"/>
      </object_component>
      <object_component id="oc-286">
         <name>.text:mem_free</name>
         <load_address>0x3b6c</load_address>
         <run_address>0x3b6c</run_address>
         <size>0x64</size>
         <input_file_ref idref="fl-5"/>
      </object_component>
      <object_component id="oc-35f">
         <name>.text:plug_holes</name>
         <load_address>0x3bd0</load_address>
         <run_address>0x3bd0</run_address>
         <size>0x64</size>
         <input_file_ref idref="fl-5"/>
      </object_component>
      <object_component id="oc-2a0">
         <name>.text:pbuf_header</name>
         <load_address>0x3c34</load_address>
         <run_address>0x3c34</run_address>
         <size>0x62</size>
         <input_file_ref idref="fl-5"/>
      </object_component>
      <object_component id="oc-57e">
         <name>.text:lwip_standard_chksum</name>
         <load_address>0x3c96</load_address>
         <run_address>0x3c96</run_address>
         <size>0x60</size>
         <input_file_ref idref="fl-5"/>
      </object_component>
      <object_component id="oc-e4">
         <name>.text</name>
         <load_address>0x3cf6</load_address>
         <run_address>0x3cf6</run_address>
         <size>0x2</size>
         <input_file_ref idref="fl-d5"/>
      </object_component>
      <object_component id="oc-49">
         <name>.text:lwIPEthernetIntHandler</name>
         <load_address>0x3cf8</load_address>
         <run_address>0x3cf8</run_address>
         <size>0x5c</size>
         <input_file_ref idref="fl-5"/>
      </object_component>
      <object_component id="oc-3ee">
         <name>.text:mem_init</name>
         <load_address>0x3d54</load_address>
         <run_address>0x3d54</run_address>
         <size>0x5c</size>
         <input_file_ref idref="fl-5"/>
      </object_component>
      <object_component id="oc-4be">
         <name>.text:netif_set_ipaddr</name>
         <load_address>0x3db0</load_address>
         <run_address>0x3db0</run_address>
         <size>0x5c</size>
         <input_file_ref idref="fl-5"/>
      </object_component>
      <object_component id="oc-462">
         <name>.text:tcp_pcb_remove</name>
         <load_address>0x3e0c</load_address>
         <run_address>0x3e0c</run_address>
         <size>0x5c</size>
         <input_file_ref idref="fl-5"/>
      </object_component>
      <object_component id="oc-37a">
         <name>.text:pbuf_realloc</name>
         <load_address>0x3e68</load_address>
         <run_address>0x3e68</run_address>
         <size>0x5a</size>
         <input_file_ref idref="fl-5"/>
      </object_component>
      <object_component id="oc-252">
         <name>.text:EMACPHYConfigSet</name>
         <load_address>0x3ec4</load_address>
         <run_address>0x3ec4</run_address>
         <size>0x58</size>
         <input_file_ref idref="fl-d6"/>
      </object_component>
      <object_component id="oc-2b0">
         <name>.text:memp_malloc</name>
         <load_address>0x3f1c</load_address>
         <run_address>0x3f1c</run_address>
         <size>0x58</size>
         <input_file_ref idref="fl-5"/>
      </object_component>
      <object_component id="oc-572">
         <name>.text:tcp_rexmit</name>
         <load_address>0x3f74</load_address>
         <run_address>0x3f74</run_address>
         <size>0x56</size>
         <input_file_ref idref="fl-5"/>
      </object_component>
      <object_component id="oc-24">
         <name>.text</name>
         <load_address>0x3fcc</load_address>
         <run_address>0x3fcc</run_address>
         <size>0x54</size>
         <input_file_ref idref="fl-c1"/>
      </object_component>
      <object_component id="oc-8f">
         <name>.text</name>
         <load_address>0x4020</load_address>
         <run_address>0x4020</run_address>
         <size>0x54</size>
         <input_file_ref idref="fl-c5"/>
      </object_component>
      <object_component id="oc-111">
         <name>.text:tivaif_process_transmit</name>
         <load_address>0x4074</load_address>
         <run_address>0x4074</run_address>
         <size>0x52</size>
         <input_file_ref idref="fl-5"/>
      </object_component>
      <object_component id="oc-316">
         <name>.text:SysCtlPeripheralReset</name>
         <load_address>0x40c8</load_address>
         <run_address>0x40c8</run_address>
         <size>0x50</size>
         <input_file_ref idref="fl-d9"/>
      </object_component>
      <object_component id="oc-33a">
         <name>.text:netif_add</name>
         <load_address>0x4118</load_address>
         <run_address>0x4118</run_address>
         <size>0x50</size>
         <input_file_ref idref="fl-5"/>
      </object_component>
      <object_component id="oc-200">
         <name>.text:pbuf_free</name>
         <load_address>0x4168</load_address>
         <run_address>0x4168</run_address>
         <size>0x4e</size>
         <input_file_ref idref="fl-5"/>
      </object_component>
      <object_component id="oc-487">
         <name>.text:ip_route</name>
         <load_address>0x41b8</load_address>
         <run_address>0x41b8</run_address>
         <size>0x4c</size>
         <input_file_ref idref="fl-5"/>
      </object_component>
      <object_component id="oc-b0">
         <name>.text:lwIPServiceTimers</name>
         <load_address>0x4204</load_address>
         <run_address>0x4204</run_address>
         <size>0x4c</size>
         <input_file_ref idref="fl-5"/>
      </object_component>
      <object_component id="oc-de">
         <name>.text</name>
         <load_address>0x4250</load_address>
         <run_address>0x4250</run_address>
         <size>0x4c</size>
         <input_file_ref idref="fl-d4"/>
      </object_component>
      <object_component id="oc-aa">
         <name>.text:tivaif_interrupt</name>
         <load_address>0x429c</load_address>
         <run_address>0x429c</run_address>
         <size>0x4c</size>
         <input_file_ref idref="fl-5"/>
      </object_component>
      <object_component id="oc-241">
         <name>.text:_SysCtlFrequencyGet</name>
         <load_address>0x42e8</load_address>
         <run_address>0x42e8</run_address>
         <size>0x48</size>
         <input_file_ref idref="fl-d9"/>
      </object_component>
      <object_component id="oc-51c">
         <name>.text:etharp_output_to_arp_index</name>
         <load_address>0x4330</load_address>
         <run_address>0x4330</run_address>
         <size>0x48</size>
         <input_file_ref idref="fl-5"/>
      </object_component>
      <object_component id="oc-3d8">
         <name>.text:ip_output</name>
         <load_address>0x4378</load_address>
         <run_address>0x4378</run_address>
         <size>0x48</size>
         <input_file_ref idref="fl-5"/>
      </object_component>
      <object_component id="oc-5d7">
         <name>.text:tcp_kill_prio</name>
         <load_address>0x43c0</load_address>
         <run_address>0x43c0</run_address>
         <size>0x48</size>
         <input_file_ref idref="fl-5"/>
      </object_component>
      <object_component id="oc-5f0">
         <name>.text:tcp_rexmit_fast</name>
         <load_address>0x4408</load_address>
         <run_address>0x4408</run_address>
         <size>0x48</size>
         <input_file_ref idref="fl-5"/>
      </object_component>
      <object_component id="oc-52f">
         <name>.text:tivaif_check_pbuf</name>
         <load_address>0x4450</load_address>
         <run_address>0x4450</run_address>
         <size>0x48</size>
         <input_file_ref idref="fl-5"/>
      </object_component>
      <object_component id="oc-3b0">
         <name>.text:tcp_send_empty_ack</name>
         <load_address>0x4498</load_address>
         <run_address>0x4498</run_address>
         <size>0x46</size>
         <input_file_ref idref="fl-5"/>
      </object_component>
      <object_component id="oc-605">
         <name>.text:tcp_send_fin</name>
         <load_address>0x44de</load_address>
         <run_address>0x44de</run_address>
         <size>0x46</size>
         <input_file_ref idref="fl-5"/>
      </object_component>
      <object_component id="oc-2e1">
         <name>.text:tcp_keepalive</name>
         <load_address>0x4524</load_address>
         <run_address>0x4524</run_address>
         <size>0x44</size>
         <input_file_ref idref="fl-5"/>
      </object_component>
      <object_component id="oc-2ed">
         <name>.text:tcp_pcb_purge</name>
         <load_address>0x4568</load_address>
         <run_address>0x4568</run_address>
         <size>0x42</size>
         <input_file_ref idref="fl-5"/>
      </object_component>
      <object_component id="oc-11d">
         <name>.text:etharp_tmr</name>
         <load_address>0x45ac</load_address>
         <run_address>0x45ac</run_address>
         <size>0x40</size>
         <input_file_ref idref="fl-5"/>
      </object_component>
      <object_component id="oc-46d">
         <name>.text:inet_chksum_pbuf</name>
         <load_address>0x45ec</load_address>
         <run_address>0x45ec</run_address>
         <size>0x3e</size>
         <input_file_ref idref="fl-5"/>
      </object_component>
      <object_component id="oc-501">
         <name>.text:EMACIntEnable</name>
         <load_address>0x462a</load_address>
         <run_address>0x462a</run_address>
         <size>0x3a</size>
         <input_file_ref idref="fl-d6"/>
      </object_component>
      <object_component id="oc-1f9">
         <name>.text:EMACConfigSet</name>
         <load_address>0x4664</load_address>
         <run_address>0x4664</run_address>
         <size>0x38</size>
         <input_file_ref idref="fl-d6"/>
      </object_component>
      <object_component id="oc-31c">
         <name>.text:SysCtlPeripheralReady</name>
         <load_address>0x469c</load_address>
         <run_address>0x469c</run_address>
         <size>0x38</size>
         <input_file_ref idref="fl-d9"/>
      </object_component>
      <object_component id="oc-28c">
         <name>.text:memp_free</name>
         <load_address>0x46d4</load_address>
         <run_address>0x46d4</run_address>
         <size>0x38</size>
         <input_file_ref idref="fl-5"/>
      </object_component>
      <object_component id="oc-5e0">
         <name>.text:tcpip_tcp_timer</name>
         <load_address>0x470c</load_address>
         <run_address>0x470c</run_address>
         <size>0x38</size>
         <input_file_ref idref="fl-5"/>
      </object_component>
      <object_component id="oc-1f3">
         <name>.text:EMACConfigGet</name>
         <load_address>0x4744</load_address>
         <run_address>0x4744</run_address>
         <size>0x34</size>
         <input_file_ref idref="fl-d6"/>
      </object_component>
      <object_component id="oc-4ef">
         <name>.text:EMACIntClear</name>
         <load_address>0x4778</load_address>
         <run_address>0x4778</run_address>
         <size>0x34</size>
         <input_file_ref idref="fl-d6"/>
      </object_component>
      <object_component id="oc-5d1">
         <name>.text:tcp_kill_timewait</name>
         <load_address>0x47ac</load_address>
         <run_address>0x47ac</run_address>
         <size>0x34</size>
         <input_file_ref idref="fl-5"/>
      </object_component>
      <object_component id="oc-552">
         <name>.text:tcp_timer_needed</name>
         <load_address>0x47e0</load_address>
         <run_address>0x47e0</run_address>
         <size>0x34</size>
         <input_file_ref idref="fl-5"/>
      </object_component>
      <object_component id="oc-34c">
         <name>.text:tivaif_init</name>
         <load_address>0x4814</load_address>
         <run_address>0x4814</run_address>
         <size>0x34</size>
         <input_file_ref idref="fl-5"/>
      </object_component>
      <object_component id="oc-380">
         <name>.text:ip4_addr_isbroadcast</name>
         <load_address>0x4848</load_address>
         <run_address>0x4848</run_address>
         <size>0x32</size>
         <input_file_ref idref="fl-5"/>
      </object_component>
      <object_component id="oc-495">
         <name>.text:tcp_recved</name>
         <load_address>0x487a</load_address>
         <run_address>0x487a</run_address>
         <size>0x32</size>
         <input_file_ref idref="fl-5"/>
      </object_component>
      <object_component id="oc-590">
         <name>.text:tcp_update_rcv_ann_wnd</name>
         <load_address>0x48ac</load_address>
         <run_address>0x48ac</run_address>
         <size>0x30</size>
         <input_file_ref idref="fl-5"/>
      </object_component>
      <object_component id="oc-2d5">
         <name>.text:tcp_rexmit_rto</name>
         <load_address>0x48dc</load_address>
         <run_address>0x48dc</run_address>
         <size>0x2e</size>
         <input_file_ref idref="fl-5"/>
      </object_component>
      <object_component id="oc-4e9">
         <name>.text:EMACIntStatus</name>
         <load_address>0x490a</load_address>
         <run_address>0x490a</run_address>
         <size>0x2c</size>
         <input_file_ref idref="fl-d6"/>
      </object_component>
      <object_component id="oc-271">
         <name>.text:etharp_request</name>
         <load_address>0x4938</load_address>
         <run_address>0x4938</run_address>
         <size>0x2c</size>
         <input_file_ref idref="fl-5"/>
      </object_component>
      <object_component id="oc-207">
         <name>.text:pbuf_cat</name>
         <load_address>0x4964</load_address>
         <run_address>0x4964</run_address>
         <size>0x28</size>
         <input_file_ref idref="fl-5"/>
      </object_component>
      <object_component id="oc-1e1">
         <name>.text:EMACPHYRead</name>
         <load_address>0x498c</load_address>
         <run_address>0x498c</run_address>
         <size>0x26</size>
         <input_file_ref idref="fl-d6"/>
      </object_component>
      <object_component id="oc-4dd">
         <name>.text:EMACPHYWrite</name>
         <load_address>0x49b2</load_address>
         <run_address>0x49b2</run_address>
         <size>0x26</size>
         <input_file_ref idref="fl-d6"/>
      </object_component>
      <object_component id="oc-3c4">
         <name>.text:tcp_recv_null</name>
         <load_address>0x49d8</load_address>
         <run_address>0x49d8</run_address>
         <size>0x26</size>
         <input_file_ref idref="fl-5"/>
      </object_component>
      <object_component id="oc-21a">
         <name>.text:etharp_free_entry</name>
         <load_address>0x4a00</load_address>
         <run_address>0x4a00</run_address>
         <size>0x24</size>
         <input_file_ref idref="fl-5"/>
      </object_component>
      <object_component id="oc-1ed">
         <name>.text:netif_set_link_up</name>
         <load_address>0x4a24</load_address>
         <run_address>0x4a24</run_address>
         <size>0x24</size>
         <input_file_ref idref="fl-5"/>
      </object_component>
      <object_component id="oc-346">
         <name>.text:netif_set_up</name>
         <load_address>0x4a48</load_address>
         <run_address>0x4a48</run_address>
         <size>0x24</size>
         <input_file_ref idref="fl-5"/>
      </object_component>
      <object_component id="oc-5f6">
         <name>.text:tcp_seg_copy</name>
         <load_address>0x4a6c</load_address>
         <run_address>0x4a6c</run_address>
         <size>0x24</size>
         <input_file_ref idref="fl-5"/>
      </object_component>
      <object_component id="oc-294">
         <name>.text</name>
         <load_address>0x4a90</load_address>
         <run_address>0x4a90</run_address>
         <size>0x22</size>
         <input_file_ref idref="fl-c6"/>
      </object_component>
      <object_component id="oc-23b">
         <name>.text:_SysCtlMemTimingGet</name>
         <load_address>0x4ab4</load_address>
         <run_address>0x4ab4</run_address>
         <size>0x20</size>
         <input_file_ref idref="fl-d9"/>
      </object_component>
      <object_component id="oc-430">
         <name>.text:etharp_send_ip</name>
         <load_address>0x4ad4</load_address>
         <run_address>0x4ad4</run_address>
         <size>0x20</size>
         <input_file_ref idref="fl-5"/>
      </object_component>
      <object_component id="oc-9d">
         <name>.text:lwIPTimer</name>
         <load_address>0x4af4</load_address>
         <run_address>0x4af4</run_address>
         <size>0x20</size>
         <input_file_ref idref="fl-5"/>
      </object_component>
      <object_component id="oc-3fa">
         <name>.text:sys_timeouts_init</name>
         <load_address>0x4b14</load_address>
         <run_address>0x4b14</run_address>
         <size>0x20</size>
         <input_file_ref idref="fl-5"/>
      </object_component>
      <object_component id="oc-481">
         <name>.text:tcp_eff_send_mss</name>
         <load_address>0x4b34</load_address>
         <run_address>0x4b34</run_address>
         <size>0x20</size>
         <input_file_ref idref="fl-5"/>
      </object_component>
      <object_component id="oc-123">
         <name>.text:tcp_tmr</name>
         <load_address>0x4b54</load_address>
         <run_address>0x4b54</run_address>
         <size>0x20</size>
         <input_file_ref idref="fl-5"/>
      </object_component>
      <object_component id="oc-4d1">
         <name>.text:EMACAddrGet</name>
         <load_address>0x4b74</load_address>
         <run_address>0x4b74</run_address>
         <size>0x1e</size>
         <input_file_ref idref="fl-d6"/>
      </object_component>
      <object_component id="oc-402">
         <name>.text:netif_set_addr</name>
         <load_address>0x4b92</load_address>
         <run_address>0x4b92</run_address>
         <size>0x1c</size>
         <input_file_ref idref="fl-5"/>
      </object_component>
      <object_component id="oc-334">
         <name>.text:lwip_htonl</name>
         <load_address>0x4bae</load_address>
         <run_address>0x4bae</run_address>
         <size>0x1a</size>
         <input_file_ref idref="fl-5"/>
      </object_component>
      <object_component id="oc-4b7">
         <name>.text:arp_timer</name>
         <load_address>0x4bc8</load_address>
         <run_address>0x4bc8</run_address>
         <size>0x18</size>
         <input_file_ref idref="fl-5"/>
      </object_component>
      <object_component id="oc-2b6">
         <name>.text:pbuf_pool_is_empty</name>
         <load_address>0x4be0</load_address>
         <run_address>0x4be0</run_address>
         <size>0x18</size>
         <input_file_ref idref="fl-5"/>
      </object_component>
      <object_component id="oc-89">
         <name>.text</name>
         <load_address>0x4bf8</load_address>
         <run_address>0x4bf8</run_address>
         <size>0x18</size>
         <input_file_ref idref="fl-d2"/>
      </object_component>
      <object_component id="oc-5dd">
         <name>.text:tcp_next_iss</name>
         <load_address>0x4c10</load_address>
         <run_address>0x4c10</run_address>
         <size>0x18</size>
         <input_file_ref idref="fl-5"/>
      </object_component>
      <object_component id="oc-3bc">
         <name>.text:tcp_seg_free</name>
         <load_address>0x4c28</load_address>
         <run_address>0x4c28</run_address>
         <size>0x18</size>
         <input_file_ref idref="fl-5"/>
      </object_component>
      <object_component id="oc-323">
         <name>.text:EMACReset</name>
         <load_address>0x4c40</load_address>
         <run_address>0x4c40</run_address>
         <size>0x16</size>
         <input_file_ref idref="fl-d6"/>
      </object_component>
      <object_component id="oc-4fb">
         <name>.text:EMACRxEnable</name>
         <load_address>0x4c56</load_address>
         <run_address>0x4c56</run_address>
         <size>0x16</size>
         <input_file_ref idref="fl-d6"/>
      </object_component>
      <object_component id="oc-4f5">
         <name>.text:EMACTxEnable</name>
         <load_address>0x4c6c</load_address>
         <run_address>0x4c6c</run_address>
         <size>0x16</size>
         <input_file_ref idref="fl-d6"/>
      </object_component>
      <object_component id="oc-529">
         <name>.text:pbuf_ref</name>
         <load_address>0x4c82</load_address>
         <run_address>0x4c82</run_address>
         <size>0x16</size>
         <input_file_ref idref="fl-5"/>
      </object_component>
      <object_component id="oc-1c9">
         <name>.text</name>
         <load_address>0x4c98</load_address>
         <run_address>0x4c98</run_address>
         <size>0x14</size>
         <input_file_ref idref="fl-d1"/>
      </object_component>
      <object_component id="oc-280">
         <name>.text:sys_arch_unprotect</name>
         <load_address>0x4cac</load_address>
         <run_address>0x4cac</run_address>
         <size>0x14</size>
         <input_file_ref idref="fl-5"/>
      </object_component>
      <object_component id="oc-48f">
         <name>.text:tcp_close</name>
         <load_address>0x4cc0</load_address>
         <run_address>0x4cc0</run_address>
         <size>0x14</size>
         <input_file_ref idref="fl-5"/>
      </object_component>
      <object_component id="oc-1e7">
         <name>.text:netif_set_link_down</name>
         <load_address>0x4cd4</load_address>
         <run_address>0x4cd4</run_address>
         <size>0x12</size>
         <input_file_ref idref="fl-5"/>
      </object_component>
      <object_component id="oc-535">
         <name>.text:pbuf_clen</name>
         <load_address>0x4ce6</load_address>
         <run_address>0x4ce6</run_address>
         <size>0x12</size>
         <input_file_ref idref="fl-5"/>
      </object_component>
      <object_component id="oc-2e7">
         <name>.text:tcp_segs_free</name>
         <load_address>0x4cf8</load_address>
         <run_address>0x4cf8</run_address>
         <size>0x12</size>
         <input_file_ref idref="fl-5"/>
      </object_component>
      <object_component id="oc-4e3">
         <name>.text:EMACFrameFilterSet</name>
         <load_address>0x4d0c</load_address>
         <run_address>0x4d0c</run_address>
         <size>0x10</size>
         <input_file_ref idref="fl-d6"/>
      </object_component>
      <object_component id="oc-50d">
         <name>.text:IntMasterEnable</name>
         <load_address>0x4d1c</load_address>
         <run_address>0x4d1c</run_address>
         <size>0x10</size>
         <input_file_ref idref="fl-d7"/>
      </object_component>
      <object_component id="oc-545">
         <name>.text:inet_chksum</name>
         <load_address>0x4d2c</load_address>
         <run_address>0x4d2c</run_address>
         <size>0x10</size>
         <input_file_ref idref="fl-5"/>
      </object_component>
      <object_component id="oc-32e">
         <name>.text:lwip_init</name>
         <load_address>0x4d3c</load_address>
         <run_address>0x4d3c</run_address>
         <size>0x10</size>
         <input_file_ref idref="fl-5"/>
      </object_component>
      <object_component id="oc-27a">
         <name>.text:sys_arch_protect</name>
         <load_address>0x4d4c</load_address>
         <run_address>0x4d4c</run_address>
         <size>0x10</size>
         <input_file_ref idref="fl-5"/>
      </object_component>
      <object_component id="oc-12">
         <name>.text:decompress:none</name>
         <load_address>0x4d5c</load_address>
         <run_address>0x4d5c</run_address>
         <size>0xe</size>
         <input_file_ref idref="fl-c2"/>
      </object_component>
      <object_component id="oc-5bf">
         <name>.text:CPUcpsie</name>
         <load_address>0x4d6a</load_address>
         <run_address>0x4d6a</run_address>
         <size>0xc</size>
         <input_file_ref idref="fl-da"/>
      </object_component>
      <object_component id="oc-372">
         <name>.text:lwip_htons</name>
         <load_address>0x4d76</load_address>
         <run_address>0x4d76</run_address>
         <size>0xc</size>
         <input_file_ref idref="fl-5"/>
      </object_component>
      <object_component id="oc-340">
         <name>.text:netif_set_default</name>
         <load_address>0x4d84</load_address>
         <run_address>0x4d84</run_address>
         <size>0xc</size>
         <input_file_ref idref="fl-5"/>
      </object_component>
      <object_component id="oc-4ca">
         <name>.text:netif_set_gw</name>
         <load_address>0x4d90</load_address>
         <run_address>0x4d90</run_address>
         <size>0xc</size>
         <input_file_ref idref="fl-5"/>
      </object_component>
      <object_component id="oc-4c4">
         <name>.text:netif_set_netmask</name>
         <load_address>0x4d9c</load_address>
         <run_address>0x4d9c</run_address>
         <size>0xc</size>
         <input_file_ref idref="fl-5"/>
      </object_component>
      <object_component id="oc-4b1">
         <name>.text:sys_now</name>
         <load_address>0x4da8</load_address>
         <run_address>0x4da8</run_address>
         <size>0xc</size>
         <input_file_ref idref="fl-5"/>
      </object_component>
      <object_component id="oc-53b">
         <name>.text:EMACTxDMAPollDemand</name>
         <load_address>0x4db4</load_address>
         <run_address>0x4db4</run_address>
         <size>0x8</size>
         <input_file_ref idref="fl-d6"/>
      </object_component>
      <object_component id="oc-38c">
         <name>.text:icmp_dest_unreach</name>
         <load_address>0x4dbc</load_address>
         <run_address>0x4dbc</run_address>
         <size>0x8</size>
         <input_file_ref idref="fl-5"/>
      </object_component>
      <object_component id="oc-5a4">
         <name>.text:EMACRxDMADescriptorListSet</name>
         <load_address>0x4dc4</load_address>
         <run_address>0x4dc4</run_address>
         <size>0x6</size>
         <input_file_ref idref="fl-d6"/>
      </object_component>
      <object_component id="oc-a4">
         <name>.text:EMACTimestampIntStatus</name>
         <load_address>0x4dca</load_address>
         <run_address>0x4dca</run_address>
         <size>0x6</size>
         <input_file_ref idref="fl-d6"/>
      </object_component>
      <object_component id="oc-5aa">
         <name>.text:EMACTxDMADescriptorListSet</name>
         <load_address>0x4dd0</load_address>
         <run_address>0x4dd0</run_address>
         <size>0x6</size>
         <input_file_ref idref="fl-d6"/>
      </object_component>
      <object_component id="oc-2b">
         <name>.text:ResetISR</name>
         <load_address>0x4dd6</load_address>
         <run_address>0x4dd6</run_address>
         <size>0x6</size>
         <input_file_ref idref="fl-3"/>
      </object_component>
      <object_component id="oc-322">
         <name>.text:SysCtlDelay</name>
         <load_address>0x4ddc</load_address>
         <run_address>0x4ddc</run_address>
         <size>0x6</size>
         <input_file_ref idref="fl-d9"/>
      </object_component>
      <object_component id="oc-43">
         <name>.text:SysTickIntHandler</name>
         <load_address>0x4de2</load_address>
         <run_address>0x4de2</run_address>
         <size>0x6</size>
         <input_file_ref idref="fl-2"/>
      </object_component>
      <object_component id="oc-18">
         <name>.text:decompress:rle24</name>
         <load_address>0x4de8</load_address>
         <run_address>0x4de8</run_address>
         <size>0x6</size>
         <input_file_ref idref="fl-c3"/>
      </object_component>
      <object_component id="oc-45c">
         <name>.text:tcp_abort</name>
         <load_address>0x4dee</load_address>
         <run_address>0x4dee</run_address>
         <size>0x6</size>
         <input_file_ref idref="fl-5"/>
      </object_component>
      <object_component id="oc-7d">
         <name>.text</name>
         <load_address>0x4df4</load_address>
         <run_address>0x4df4</run_address>
         <size>0x4</size>
         <input_file_ref idref="fl-ca"/>
      </object_component>
      <object_component id="oc-24a">
         <name>.const:g_pppui32XTALtoVCO</name>
         <load_address>0x4df8</load_address>
         <run_address>0x4df8</run_address>
         <size>0x1b0</size>
         <input_file_ref idref="fl-d9"/>
      </object_component>
      <object_component id="oc-5ba">
         <name>.const</name>
         <load_address>0x4fa8</load_address>
         <run_address>0x4fa8</run_address>
         <size>0x70</size>
         <input_file_ref idref="fl-d7"/>
      </object_component>
      <object_component id="oc-247">
         <name>.const:g_pui32Xtals</name>
         <load_address>0x5018</load_address>
         <run_address>0x5018</run_address>
         <size>0x6c</size>
         <input_file_ref idref="fl-d9"/>
      </object_component>
      <object_component id="oc-304">
         <name>.const:g_sXTALtoMEMTIM</name>
         <load_address>0x5084</load_address>
         <run_address>0x5084</run_address>
         <size>0x30</size>
         <input_file_ref idref="fl-d9"/>
      </object_component>
      <object_component id="oc-32a">
         <name>.const</name>
         <load_address>0x50b4</load_address>
         <run_address>0x50b4</run_address>
         <size>0x18</size>
         <input_file_ref idref="fl-d6"/>
      </object_component>
      <object_component id="oc-4a1">
         <name>.const:memp_num</name>
         <load_address>0x50cc</load_address>
         <run_address>0x50cc</run_address>
         <size>0x10</size>
         <input_file_ref idref="fl-5"/>
      </object_component>
      <object_component id="oc-4a7">
         <name>.const:memp_sizes</name>
         <load_address>0x50dc</load_address>
         <run_address>0x50dc</run_address>
         <size>0x10</size>
         <input_file_ref idref="fl-5"/>
      </object_component>
      <object_component id="oc-2fa">
         <name>.const:.string:tcp_backoff</name>
         <load_address>0x50ec</load_address>
         <run_address>0x50ec</run_address>
         <size>0xd</size>
         <input_file_ref idref="fl-5"/>
      </object_component>
      <object_component id="oc-24d">
         <name>.const</name>
         <load_address>0x50fc</load_address>
         <run_address>0x50fc</run_address>
         <size>0x8</size>
         <input_file_ref idref="fl-d9"/>
      </object_component>
      <object_component id="oc-2fd">
         <name>.const:.string:tcp_persist_backoff</name>
         <load_address>0x5104</load_address>
         <run_address>0x5104</run_address>
         <size>0x7</size>
         <input_file_ref idref="fl-5"/>
      </object_component>
      <object_component id="oc-2ac">
         <name>.const:ethbroadcast</name>
         <load_address>0x510b</load_address>
         <run_address>0x510b</run_address>
         <size>0x6</size>
         <input_file_ref idref="fl-5"/>
      </object_component>
      <object_component id="oc-359">
         <name>.const:ethzero</name>
         <load_address>0x5111</load_address>
         <run_address>0x5111</run_address>
         <size>0x6</size>
         <input_file_ref idref="fl-5"/>
      </object_component>
      <object_component id="oc-63e">
         <name>.cinit..data.load</name>
         <load_address>0x5118</load_address>
         <run_address>0x5118</run_address>
         <size>0x37</size>
      </object_component>
      <object_component id="oc-63f">
         <name>.cinit..bss.load</name>
         <load_address>0x5150</load_address>
         <run_address>0x5150</run_address>
         <size>0xd</size>
      </object_component>
      <object_component id="oc-63c">
         <name>__TI_handler_table</name>
         <load_address>0x5160</load_address>
         <run_address>0x5160</run_address>
         <size>0x8</size>
      </object_component>
      <object_component id="oc-63d">
         <name>__TI_cinit_table</name>
         <load_address>0x5168</load_address>
         <run_address>0x5168</run_address>
         <size>0x10</size>
      </object_component>
      <object_component id="oc-ff">
         <name>.data</name>
         <load_address>0x20018254</load_address>
         <run_address>0x20018254</run_address>
         <size>0x20</size>
         <input_file_ref idref="fl-5"/>
      </object_component>
      <object_component id="oc-514">
         <name>.data:g_TxDescList</name>
         <load_address>0x20018284</load_address>
         <run_address>0x20018284</run_address>
         <size>0x10</size>
         <input_file_ref idref="fl-5"/>
      </object_component>
      <object_component id="oc-517">
         <name>.data:g_RxDescList</name>
         <load_address>0x20018274</load_address>
         <run_address>0x20018274</run_address>
         <size>0x10</size>
         <input_file_ref idref="fl-5"/>
      </object_component>
      <object_component id="oc-412">
         <name>.data:g_StellarisIFData</name>
         <load_address>0x200182a0</load_address>
         <run_address>0x200182a0</run_address>
         <size>0xc</size>
         <input_file_ref idref="fl-5"/>
      </object_component>
      <object_component id="oc-f4">
         <name>.data:$O1$$</name>
         <load_address>0x20018294</load_address>
         <run_address>0x20018294</run_address>
         <size>0xc</size>
         <input_file_ref idref="fl-c5"/>
      </object_component>
      <object_component id="oc-95">
         <name>.data</name>
         <load_address>0x200182b4</load_address>
         <run_address>0x200182b4</run_address>
         <size>0x4</size>
         <input_file_ref idref="fl-cb"/>
      </object_component>
      <object_component id="oc-f7">
         <name>.data:$O1$$</name>
         <load_address>0x200182ac</load_address>
         <run_address>0x200182ac</run_address>
         <size>0x8</size>
         <input_file_ref idref="fl-d1"/>
      </object_component>
      <object_component id="oc-230">
         <name>.bss</name>
         <uninitialized>true</uninitialized>
         <run_address>0x20017958</run_address>
         <size>0x50</size>
         <input_file_ref idref="fl-5"/>
      </object_component>
      <object_component id="oc-366">
         <name>.bss:memp_tab</name>
         <uninitialized>true</uninitialized>
         <run_address>0x200179d8</run_address>
         <size>0x20</size>
         <input_file_ref idref="fl-5"/>
      </object_component>
      <object_component id="oc-4a4">
         <name>.bss:memp_memory</name>
         <uninitialized>true</uninitialized>
         <run_address>0x2001001c</run_address>
         <size>0x72d4</size>
         <input_file_ref idref="fl-5"/>
      </object_component>
      <object_component id="oc-469">
         <name>.bss:inseg</name>
         <uninitialized>true</uninitialized>
         <run_address>0x200179f8</run_address>
         <size>0x10</size>
         <input_file_ref idref="fl-5"/>
      </object_component>
      <object_component id="oc-220">
         <name>.bss:arp_table</name>
         <uninitialized>true</uninitialized>
         <run_address>0x20017890</run_address>
         <size>0xc8</size>
         <input_file_ref idref="fl-5"/>
      </object_component>
      <object_component id="oc-b9">
         <name>.bss:g_sNetIF</name>
         <uninitialized>true</uninitialized>
         <run_address>0x200179a8</run_address>
         <size>0x30</size>
         <input_file_ref idref="fl-5"/>
      </object_component>
      <object_component id="oc-1bc">
         <name>.common:g_ui32SysClock</name>
         <uninitialized>true</uninitialized>
         <run_address>0x20017a24</run_address>
         <size>0x4</size>
      </object_component>
      <object_component id="oc-49f">
         <name>.common:ram_heap</name>
         <uninitialized>true</uninitialized>
         <run_address>0x20000000</run_address>
         <size>0x1001c</size>
      </object_component>
      <object_component id="oc-3a6">
         <name>.common:netif_list</name>
         <uninitialized>true</uninitialized>
         <run_address>0x20017a2c</run_address>
         <size>0x4</size>
      </object_component>
      <object_component id="oc-409">
         <name>.common:netif_default</name>
         <uninitialized>true</uninitialized>
         <run_address>0x20017a28</run_address>
         <size>0x4</size>
      </object_component>
      <object_component id="oc-3ad">
         <name>.common:pbuf_free_ooseq_pending</name>
         <uninitialized>true</uninitialized>
         <run_address>0x20017a50</run_address>
         <size>0x1</size>
      </object_component>
      <object_component id="oc-219">
         <name>.common:lwip_stats</name>
         <uninitialized>true</uninitialized>
         <run_address>0x20017770</run_address>
         <size>0x120</size>
      </object_component>
      <object_component id="oc-2f9">
         <name>.common:tcp_ticks</name>
         <uninitialized>true</uninitialized>
         <run_address>0x20017a40</run_address>
         <size>0x4</size>
      </object_component>
      <object_component id="oc-60b">
         <name>.common:tcp_bound_pcbs</name>
         <uninitialized>true</uninitialized>
         <run_address>0x20017a34</run_address>
         <size>0x4</size>
      </object_component>
      <object_component id="oc-468">
         <name>.common:tcp_listen_pcbs</name>
         <uninitialized>true</uninitialized>
         <run_address>0x20017a3c</run_address>
         <size>0x4</size>
      </object_component>
      <object_component id="oc-2d2">
         <name>.common:tcp_active_pcbs</name>
         <uninitialized>true</uninitialized>
         <run_address>0x20017a30</run_address>
         <size>0x4</size>
      </object_component>
      <object_component id="oc-300">
         <name>.common:tcp_tw_pcbs</name>
         <uninitialized>true</uninitialized>
         <run_address>0x20017a48</run_address>
         <size>0x4</size>
      </object_component>
      <object_component id="oc-578">
         <name>.common:tcp_tmp_pcb</name>
         <uninitialized>true</uninitialized>
         <run_address>0x20017a44</run_address>
         <size>0x4</size>
      </object_component>
      <object_component id="oc-2d3">
         <name>.common:tcp_active_pcbs_changed</name>
         <uninitialized>true</uninitialized>
         <run_address>0x20017a51</run_address>
         <size>0x1</size>
      </object_component>
      <object_component id="oc-3c2">
         <name>.common:tcp_input_pcb</name>
         <uninitialized>true</uninitialized>
         <run_address>0x20017a38</run_address>
         <size>0x4</size>
      </object_component>
      <object_component id="oc-448">
         <name>.common:udp_pcbs</name>
         <uninitialized>true</uninitialized>
         <run_address>0x20017a4c</run_address>
         <size>0x4</size>
      </object_component>
      <object_component id="oc-3a7">
         <name>.common:current_netif</name>
         <uninitialized>true</uninitialized>
         <run_address>0x20017a14</run_address>
         <size>0x4</size>
      </object_component>
      <object_component id="oc-3a8">
         <name>.common:current_header</name>
         <uninitialized>true</uninitialized>
         <run_address>0x20017a08</run_address>
         <size>0x4</size>
      </object_component>
      <object_component id="oc-3a5">
         <name>.common:current_iphdr_src</name>
         <uninitialized>true</uninitialized>
         <run_address>0x20017a10</run_address>
         <size>0x4</size>
      </object_component>
      <object_component id="oc-3a4">
         <name>.common:current_iphdr_dest</name>
         <uninitialized>true</uninitialized>
         <run_address>0x20017a0c</run_address>
         <size>0x4</size>
      </object_component>
      <object_component id="oc-5b0">
         <name>.common:g_pTxDescriptors</name>
         <uninitialized>true</uninitialized>
         <run_address>0x200172f0</run_address>
         <size>0x360</size>
      </object_component>
      <object_component id="oc-5b1">
         <name>.common:g_pRxDescriptors</name>
         <uninitialized>true</uninitialized>
         <run_address>0x20017650</run_address>
         <size>0x120</size>
      </object_component>
      <object_component id="oc-11a">
         <name>.common:g_ui32NormalInts</name>
         <uninitialized>true</uninitialized>
         <run_address>0x20017a20</run_address>
         <size>0x4</size>
      </object_component>
      <object_component id="oc-11b">
         <name>.common:g_ui32AbnormalInts</name>
         <uninitialized>true</uninitialized>
         <run_address>0x20017a1c</run_address>
         <size>0x4</size>
      </object_component>
      <object_component id="oc-b6">
         <name>.common:g_pfnTimerHandler</name>
         <uninitialized>true</uninitialized>
         <run_address>0x20017a18</run_address>
         <size>0x4</size>
      </object_component>
      <object_component id="oc-2a">
         <name>.stack</name>
         <uninitialized>true</uninitialized>
         <run_address>0x20017a54</run_address>
         <size>0x0</size>
         <input_file_ref idref="fl-c1"/>
      </object_component>
      <object_component id="oc-640">
         <name>.stack</name>
         <uninitialized>true</uninitialized>
         <run_address>0x20017a54</run_address>
         <size>0x0</size>
      </object_component>
      <object_component id="oc-1bd">
         <name>.debug_info</name>
         <load_address>0x0</load_address>
         <run_address>0x0</run_address>
         <size>0x832</size>
         <input_file_ref idref="fl-2"/>
      </object_component>
      <object_component id="oc-ed">
         <name>.debug_info</name>
         <load_address>0x832</load_address>
         <run_address>0x832</run_address>
         <size>0x1ad</size>
         <input_file_ref idref="fl-2"/>
      </object_component>
      <object_component id="oc-44">
         <name>.debug_info</name>
         <load_address>0x9df</load_address>
         <run_address>0x9df</run_address>
         <size>0x128</size>
         <input_file_ref idref="fl-2"/>
      </object_component>
      <object_component id="oc-14f">
         <name>.debug_info</name>
         <load_address>0xb07</load_address>
         <run_address>0xb07</run_address>
         <size>0x12f</size>
         <input_file_ref idref="fl-2"/>
      </object_component>
      <object_component id="oc-14a">
         <name>.debug_info</name>
         <load_address>0xc36</load_address>
         <run_address>0xc36</run_address>
         <size>0x87</size>
         <input_file_ref idref="fl-2"/>
      </object_component>
      <object_component id="oc-267">
         <name>.debug_info</name>
         <load_address>0xcbd</load_address>
         <run_address>0xcbd</run_address>
         <size>0x6bd</size>
         <input_file_ref idref="fl-2"/>
      </object_component>
      <object_component id="oc-12c">
         <name>.debug_info</name>
         <load_address>0x137a</load_address>
         <run_address>0x137a</run_address>
         <size>0x8b</size>
         <input_file_ref idref="fl-2"/>
      </object_component>
      <object_component id="oc-154">
         <name>.debug_info</name>
         <load_address>0x1405</load_address>
         <run_address>0x1405</run_address>
         <size>0x8a</size>
         <input_file_ref idref="fl-2"/>
      </object_component>
      <object_component id="oc-15e">
         <name>.debug_info</name>
         <load_address>0x148f</load_address>
         <run_address>0x148f</run_address>
         <size>0x651</size>
         <input_file_ref idref="fl-2"/>
      </object_component>
      <object_component id="oc-163">
         <name>.debug_info</name>
         <load_address>0x1ae0</load_address>
         <run_address>0x1ae0</run_address>
         <size>0x174</size>
         <input_file_ref idref="fl-2"/>
      </object_component>
      <object_component id="oc-195">
         <name>.debug_info</name>
         <load_address>0x1c54</load_address>
         <run_address>0x1c54</run_address>
         <size>0x193</size>
         <input_file_ref idref="fl-2"/>
      </object_component>
      <object_component id="oc-168">
         <name>.debug_info</name>
         <load_address>0x1de7</load_address>
         <run_address>0x1de7</run_address>
         <size>0x2c</size>
         <input_file_ref idref="fl-2"/>
      </object_component>
      <object_component id="oc-bd">
         <name>.debug_info</name>
         <load_address>0x1e13</load_address>
         <run_address>0x1e13</run_address>
         <size>0x18b</size>
         <input_file_ref idref="fl-2"/>
      </object_component>
      <object_component id="oc-140">
         <name>.debug_info</name>
         <load_address>0x1f9e</load_address>
         <run_address>0x1f9e</run_address>
         <size>0x87</size>
         <input_file_ref idref="fl-2"/>
      </object_component>
      <object_component id="oc-159">
         <name>.debug_info</name>
         <load_address>0x2025</load_address>
         <run_address>0x2025</run_address>
         <size>0x2c</size>
         <input_file_ref idref="fl-2"/>
      </object_component>
      <object_component id="oc-172">
         <name>.debug_info</name>
         <load_address>0x2051</load_address>
         <run_address>0x2051</run_address>
         <size>0x2c</size>
         <input_file_ref idref="fl-2"/>
      </object_component>
      <object_component id="oc-181">
         <name>.debug_info</name>
         <load_address>0x207d</load_address>
         <run_address>0x207d</run_address>
         <size>0xf5</size>
         <input_file_ref idref="fl-2"/>
      </object_component>
      <object_component id="oc-136">
         <name>.debug_info</name>
         <load_address>0x2172</load_address>
         <run_address>0x2172</run_address>
         <size>0x9f</size>
         <input_file_ref idref="fl-2"/>
      </object_component>
      <object_component id="oc-186">
         <name>.debug_info</name>
         <load_address>0x2211</load_address>
         <run_address>0x2211</run_address>
         <size>0x167</size>
         <input_file_ref idref="fl-2"/>
      </object_component>
      <object_component id="oc-13b">
         <name>.debug_info</name>
         <load_address>0x2378</load_address>
         <run_address>0x2378</run_address>
         <size>0x3fa</size>
         <input_file_ref idref="fl-2"/>
      </object_component>
      <object_component id="oc-145">
         <name>.debug_info</name>
         <load_address>0x2772</load_address>
         <run_address>0x2772</run_address>
         <size>0x17e</size>
         <input_file_ref idref="fl-2"/>
      </object_component>
      <object_component id="oc-51">
         <name>.debug_info</name>
         <load_address>0x28f0</load_address>
         <run_address>0x28f0</run_address>
         <size>0x151</size>
         <input_file_ref idref="fl-3"/>
      </object_component>
      <object_component id="oc-10">
         <name>.debug_info</name>
         <load_address>0x2a41</load_address>
         <run_address>0x2a41</run_address>
         <size>0xde</size>
         <input_file_ref idref="fl-3"/>
      </object_component>
      <object_component id="oc-2c">
         <name>.debug_info</name>
         <load_address>0x2b1f</load_address>
         <run_address>0x2b1f</run_address>
         <size>0x10e</size>
         <input_file_ref idref="fl-3"/>
      </object_component>
      <object_component id="oc-32">
         <name>.debug_info</name>
         <load_address>0x2c2d</load_address>
         <run_address>0x2c2d</run_address>
         <size>0xfc</size>
         <input_file_ref idref="fl-3"/>
      </object_component>
      <object_component id="oc-3e">
         <name>.debug_info</name>
         <load_address>0x2d29</load_address>
         <run_address>0x2d29</run_address>
         <size>0x117</size>
         <input_file_ref idref="fl-3"/>
      </object_component>
      <object_component id="oc-38">
         <name>.debug_info</name>
         <load_address>0x2e40</load_address>
         <run_address>0x2e40</run_address>
         <size>0x103</size>
         <input_file_ref idref="fl-3"/>
      </object_component>
      <object_component id="oc-cc">
         <name>.debug_info</name>
         <load_address>0x2f43</load_address>
         <run_address>0x2f43</run_address>
         <size>0x84</size>
         <input_file_ref idref="fl-3"/>
      </object_component>
      <object_component id="oc-d4">
         <name>.debug_info</name>
         <load_address>0x2fc7</load_address>
         <run_address>0x2fc7</run_address>
         <size>0x2c</size>
         <input_file_ref idref="fl-4"/>
      </object_component>
      <object_component id="oc-b7">
         <name>.debug_info</name>
         <load_address>0x2ff3</load_address>
         <run_address>0x2ff3</run_address>
         <size>0xef9</size>
         <input_file_ref idref="fl-5"/>
      </object_component>
      <object_component id="oc-231">
         <name>.debug_info</name>
         <load_address>0x3eec</load_address>
         <run_address>0x3eec</run_address>
         <size>0x403</size>
         <input_file_ref idref="fl-5"/>
      </object_component>
      <object_component id="oc-367">
         <name>.debug_info</name>
         <load_address>0x42ef</load_address>
         <run_address>0x42ef</run_address>
         <size>0xfc</size>
         <input_file_ref idref="fl-5"/>
      </object_component>
      <object_component id="oc-4a8">
         <name>.debug_info</name>
         <load_address>0x43eb</load_address>
         <run_address>0x43eb</run_address>
         <size>0x100</size>
         <input_file_ref idref="fl-5"/>
      </object_component>
      <object_component id="oc-4a2">
         <name>.debug_info</name>
         <load_address>0x44eb</load_address>
         <run_address>0x44eb</run_address>
         <size>0xfc</size>
         <input_file_ref idref="fl-5"/>
      </object_component>
      <object_component id="oc-4a5">
         <name>.debug_info</name>
         <load_address>0x45e7</load_address>
         <run_address>0x45e7</run_address>
         <size>0x102</size>
         <input_file_ref idref="fl-5"/>
      </object_component>
      <object_component id="oc-100">
         <name>.debug_info</name>
         <load_address>0x46e9</load_address>
         <run_address>0x46e9</run_address>
         <size>0x1fe</size>
         <input_file_ref idref="fl-5"/>
      </object_component>
      <object_component id="oc-2fb">
         <name>.debug_info</name>
         <load_address>0x48e7</load_address>
         <run_address>0x48e7</run_address>
         <size>0x103</size>
         <input_file_ref idref="fl-5"/>
      </object_component>
      <object_component id="oc-2fe">
         <name>.debug_info</name>
         <load_address>0x49ea</load_address>
         <run_address>0x49ea</run_address>
         <size>0x113</size>
         <input_file_ref idref="fl-5"/>
      </object_component>
      <object_component id="oc-46a">
         <name>.debug_info</name>
         <load_address>0x4afd</load_address>
         <run_address>0x4afd</run_address>
         <size>0xf6</size>
         <input_file_ref idref="fl-5"/>
      </object_component>
      <object_component id="oc-2ad">
         <name>.debug_info</name>
         <load_address>0x4bf3</load_address>
         <run_address>0x4bf3</run_address>
         <size>0x105</size>
         <input_file_ref idref="fl-5"/>
      </object_component>
      <object_component id="oc-35a">
         <name>.debug_info</name>
         <load_address>0x4cf8</load_address>
         <run_address>0x4cf8</run_address>
         <size>0xfb</size>
         <input_file_ref idref="fl-5"/>
      </object_component>
      <object_component id="oc-221">
         <name>.debug_info</name>
         <load_address>0x4df3</load_address>
         <run_address>0x4df3</run_address>
         <size>0xfe</size>
         <input_file_ref idref="fl-5"/>
      </object_component>
      <object_component id="oc-515">
         <name>.debug_info</name>
         <load_address>0x4ef1</load_address>
         <run_address>0x4ef1</run_address>
         <size>0x105</size>
         <input_file_ref idref="fl-5"/>
      </object_component>
      <object_component id="oc-518">
         <name>.debug_info</name>
         <load_address>0x4ff6</load_address>
         <run_address>0x4ff6</run_address>
         <size>0x105</size>
         <input_file_ref idref="fl-5"/>
      </object_component>
      <object_component id="oc-413">
         <name>.debug_info</name>
         <load_address>0x50fb</load_address>
         <run_address>0x50fb</run_address>
         <size>0x10e</size>
         <input_file_ref idref="fl-5"/>
      </object_component>
      <object_component id="oc-ba">
         <name>.debug_info</name>
         <load_address>0x5209</load_address>
         <run_address>0x5209</run_address>
         <size>0xfc</size>
         <input_file_ref idref="fl-5"/>
      </object_component>
      <object_component id="oc-2a1">
         <name>.debug_info</name>
         <load_address>0x5305</load_address>
         <run_address>0x5305</run_address>
         <size>0x286</size>
         <input_file_ref idref="fl-5"/>
      </object_component>
      <object_component id="oc-4d8">
         <name>.debug_info</name>
         <load_address>0x558b</load_address>
         <run_address>0x558b</run_address>
         <size>0x27b</size>
         <input_file_ref idref="fl-5"/>
      </object_component>
      <object_component id="oc-40d">
         <name>.debug_info</name>
         <load_address>0x5806</load_address>
         <run_address>0x5806</run_address>
         <size>0x37e</size>
         <input_file_ref idref="fl-5"/>
      </object_component>
      <object_component id="oc-34d">
         <name>.debug_info</name>
         <load_address>0x5b84</load_address>
         <run_address>0x5b84</run_address>
         <size>0x230</size>
         <input_file_ref idref="fl-5"/>
      </object_component>
      <object_component id="oc-52a">
         <name>.debug_info</name>
         <load_address>0x5db4</load_address>
         <run_address>0x5db4</run_address>
         <size>0x1fa</size>
         <input_file_ref idref="fl-5"/>
      </object_component>
      <object_component id="oc-474">
         <name>.debug_info</name>
         <load_address>0x5fae</load_address>
         <run_address>0x5fae</run_address>
         <size>0x268</size>
         <input_file_ref idref="fl-5"/>
      </object_component>
      <object_component id="oc-530">
         <name>.debug_info</name>
         <load_address>0x6216</load_address>
         <run_address>0x6216</run_address>
         <size>0x272</size>
         <input_file_ref idref="fl-5"/>
      </object_component>
      <object_component id="oc-536">
         <name>.debug_info</name>
         <load_address>0x6488</load_address>
         <run_address>0x6488</run_address>
         <size>0x1df</size>
         <input_file_ref idref="fl-5"/>
      </object_component>
      <object_component id="oc-41c">
         <name>.debug_info</name>
         <load_address>0x6667</load_address>
         <run_address>0x6667</run_address>
         <size>0x37a</size>
         <input_file_ref idref="fl-5"/>
      </object_component>
      <object_component id="oc-381">
         <name>.debug_info</name>
         <load_address>0x69e1</load_address>
         <run_address>0x69e1</run_address>
         <size>0x22b</size>
         <input_file_ref idref="fl-5"/>
      </object_component>
      <object_component id="oc-373">
         <name>.debug_info</name>
         <load_address>0x6c0c</load_address>
         <run_address>0x6c0c</run_address>
         <size>0x1cd</size>
         <input_file_ref idref="fl-5"/>
      </object_component>
      <object_component id="oc-21b">
         <name>.debug_info</name>
         <load_address>0x6dd9</load_address>
         <run_address>0x6dd9</run_address>
         <size>0x1ee</size>
         <input_file_ref idref="fl-5"/>
      </object_component>
      <object_component id="oc-11e">
         <name>.debug_info</name>
         <load_address>0x6fc7</load_address>
         <run_address>0x6fc7</run_address>
[...]
      </symbol>
      <symbol id="sm-944">
         <name>memp_init</name>
         <value>0x388d</value>
         <object_component_ref idref="oc-3f4"/>
      </symbol>
      <symbol id="sm-945">
         <name>pbuf_header</name>
         <value>0x3c35</value>
         <object_component_ref idref="oc-2a0"/>
      </symbol>
      <symbol id="sm-946">
         <name>pbuf_realloc</name>
         <value>0x3e69</value>
         <object_component_ref idref="oc-37a"/>
      </symbol>
      <symbol id="sm-947">
         <name>tcp_rexmit_rto</name>
         <value>0x48dd</value>
         <object_component_ref idref="oc-2d5"/>
      </symbol>
      <symbol id="sm-948">
         <name>memp_free</name>
         <value>0x46d5</value>
         <object_component_ref idref="oc-28c"/>
      </symbol>
      <symbol id="sm-949">
         <name>netif_set_up</name>
         <value>0x4a49</value>
         <object_component_ref idref="oc-346"/>
      </symbol>
      <symbol id="sm-94a">
         <name>pbuf_free</name>
         <value>0x4169</value>
         <object_component_ref idref="oc-200"/>
      </symbol>
      <symbol id="sm-94b">
         <name>etharp_query</name>
         <value>0x221d</value>
         <object_component_ref idref="oc-522"/>
      </symbol>
      <symbol id="sm-94c">
         <name>tcp_backoff</name>
         <value>0x50ec</value>
         <object_component_ref idref="oc-2fa"/>
      </symbol>
      <symbol id="sm-94d">
         <name>mem_malloc</name>
         <value>0x2545</value>
         <object_component_ref idref="oc-2bc"/>
      </symbol>
      <symbol id="sm-94e">
         <name>pbuf_clen</name>
         <value>0x4ce7</value>
         <object_component_ref idref="oc-535"/>
      </symbol>
      <symbol id="sm-94f">
         <name>tcp_persist_backoff</name>
         <value>0x5104</value>
         <object_component_ref idref="oc-2fd"/>
      </symbol>
      <symbol id="sm-950">
         <name>inet_chksum</name>
         <value>0x4d2d</value>
         <object_component_ref idref="oc-545"/>
      </symbol>
      <symbol id="sm-951">
         <name>sys_arch_protect</name>
         <value>0x4d4d</value>
         <object_component_ref idref="oc-27a"/>
      </symbol>
      <symbol id="sm-952">
         <name>tcp_alloc</name>
         <value>0x28e9</value>
         <object_component_ref idref="oc-54c"/>
      </symbol>
      <symbol id="sm-953">
         <name>pbuf_ref</name>
         <value>0x4c83</value>
         <object_component_ref idref="oc-529"/>
      </symbol>
      <symbol id="sm-954">
         <name>tcp_send_empty_ack</name>
         <value>0x4499</value>
         <object_component_ref idref="oc-3b0"/>
      </symbol>
      <symbol id="sm-955">
         <name>ip_output_if</name>
         <value>0x2f81</value>
         <object_component_ref idref="oc-479"/>
      </symbol>
      <symbol id="sm-956">
         <name>pbuf_cat</name>
         <value>0x4965</value>
         <object_component_ref idref="oc-207"/>
      </symbol>
      <symbol id="sm-957">
         <name>lwip_ntohs</name>
         <value>0x4d77</value>
         <object_component_ref idref="oc-372"/>
      </symbol>
      <symbol id="sm-958">
         <name>ip4_addr_isbroadcast</name>
         <value>0x4849</value>
         <object_component_ref idref="oc-380"/>
      </symbol>
      <symbol id="sm-959">
         <name>lwip_ntohl</name>
         <value>0x4baf</value>
         <object_component_ref idref="oc-334"/>
      </symbol>
      <symbol id="sm-95a">
         <name>memp_malloc</name>
         <value>0x3f1d</value>
         <object_component_ref idref="oc-2b0"/>
      </symbol>
      <symbol id="sm-95b">
         <name>ip_input</name>
         <value>0x15d1</value>
         <object_component_ref idref="oc-2a6"/>
      </symbol>
      <symbol id="sm-95c">
         <name>tcp_enqueue_flags</name>
         <value>0x2e35</value>
         <object_component_ref idref="oc-55e"/>
      </symbol>
      <symbol id="sm-95d">
         <name>tcp_input</name>
         <value>0x9bd</value>
         <object_component_ref idref="oc-398"/>
      </symbol>
      <symbol id="sm-95e">
         <name>sys_timeouts_init</name>
         <value>0x4b15</value>
         <object_component_ref idref="oc-3fa"/>
      </symbol>
      <symbol id="sm-95f">
         <name>netif_set_addr</name>
         <value>0x4b93</value>
         <object_component_ref idref="oc-402"/>
      </symbol>
      <symbol id="sm-960">
         <name>udp_input</name>
         <value>0x1779</value>
         <object_component_ref idref="oc-392"/>
      </symbol>
      <symbol id="sm-961">
         <name>tcp_send_fin</name>
         <value>0x44df</value>
         <object_component_ref idref="oc-605"/>
      </symbol>
      <symbol id="sm-962">
         <name>lwIPInit</name>
         <value>0x2725</value>
         <object_component_ref idref="oc-1b6"/>
      </symbol>
      <symbol id="sm-963">
         <name>raw_input</name>
         <value>0x36cd</value>
         <object_component_ref idref="oc-386"/>
      </symbol>
      <symbol id="sm-964">
         <name>tcp_next_iss</name>
         <value>0x4c11</value>
         <object_component_ref idref="oc-5dd"/>
      </symbol>
      <symbol id="sm-965">
         <name>tcp_zero_window_probe</name>
         <value>0x31e5</value>
         <object_component_ref idref="oc-2db"/>
      </symbol>
      <symbol id="sm-966">
         <name>pbuf_copy_partial</name>
         <value>0x39cd</value>
         <object_component_ref idref="oc-3d2"/>
      </symbol>
      <symbol id="sm-967">
         <name>pbuf_alloc</name>
         <value>0x1ea9</value>
         <object_component_ref idref="oc-213"/>
      </symbol>
      <symbol id="sm-968">
         <name>icmp_input</name>
         <value>0x1a9d</value>
         <object_component_ref idref="oc-39e"/>
      </symbol>
      <symbol id="sm-969">
         <name>netif_set_gw</name>
         <value>0x4d91</value>
         <object_component_ref idref="oc-4ca"/>
      </symbol>
      <symbol id="sm-96a">
         <name>inet_chksum_pbuf</name>
         <value>0x45ed</value>
         <object_component_ref idref="oc-46d"/>
      </symbol>
      <symbol id="sm-96b">
         <name>ip_output</name>
         <value>0x4379</value>
         <object_component_ref idref="oc-3d8"/>
      </symbol>
      <symbol id="sm-96c">
         <name>pbuf_copy</name>
         <value>0x30c1</value>
         <object_component_ref idref="oc-473"/>
      </symbol>
      <symbol id="sm-96d">
         <name>tcp_segs_free</name>
         <value>0x4cf9</value>
         <object_component_ref idref="oc-2e7"/>
      </symbol>
      <symbol id="sm-96e">
         <name>tcp_close</name>
         <value>0x4cc1</value>
         <object_component_ref idref="oc-48f"/>
      </symbol>
      <symbol id="sm-96f">
         <name>tivaif_interrupt</name>
         <value>0x429d</value>
         <object_component_ref idref="oc-aa"/>
      </symbol>
      <symbol id="sm-970">
         <name>ethzero</name>
         <value>0x5111</value>
         <object_component_ref idref="oc-359"/>
      </symbol>
      <symbol id="sm-971">
         <name>lwIPTimer</name>
         <value>0x4af5</value>
         <object_component_ref idref="oc-9d"/>
      </symbol>
      <symbol id="sm-972">
         <name>tcp_update_rcv_ann_wnd</name>
         <value>0x48ad</value>
         <object_component_ref idref="oc-590"/>
      </symbol>
      <symbol id="sm-973">
         <name>ethbroadcast</name>
         <value>0x510b</value>
         <object_component_ref idref="oc-2ac"/>
      </symbol>
      <symbol id="sm-974">
         <name>lwip_init</name>
         <value>0x4d3d</value>
         <object_component_ref idref="oc-32e"/>
      </symbol>
      <symbol id="sm-975">
         <name>lwIPEthernetIntHandler</name>
         <value>0x3cf9</value>
         <object_component_ref idref="oc-49"/>
      </symbol>
      <symbol id="sm-976">
         <name>tcp_tmr</name>
         <value>0x4b55</value>
         <object_component_ref idref="oc-123"/>
      </symbol>
      <symbol id="sm-977">
         <name>tcp_eff_send_mss</name>
         <value>0x4b35</value>
         <object_component_ref idref="oc-481"/>
      </symbol>
      <symbol id="sm-978">
         <name>tcp_process_refused_data</name>
         <value>0x3b05</value>
         <object_component_ref idref="oc-2cc"/>
      </symbol>
      <symbol id="sm-979">
         <name>netif_add</name>
         <value>0x4119</value>
         <object_component_ref idref="oc-33a"/>
      </symbol>
      <symbol id="sm-97a">
         <name>tcp_seg_copy</name>
         <value>0x4a6d</value>
         <object_component_ref idref="oc-5f6"/>
      </symbol>
      <symbol id="sm-97b">
         <name>netif_set_default</name>
         <value>0x4d85</value>
         <object_component_ref idref="oc-340"/>
      </symbol>
      <symbol id="sm-97c">
         <name>sys_now</name>
         <value>0x4da9</value>
         <object_component_ref idref="oc-4b1"/>
      </symbol>
      <symbol id="sm-97d">
         <name>ip_route</name>
         <value>0x41b9</value>
         <object_component_ref idref="oc-487"/>
      </symbol>
      <symbol id="sm-97e">
         <name>tcp_pcb_remove</name>
         <value>0x3e0d</value>
         <object_component_ref idref="oc-462"/>
      </symbol>
      <symbol id="sm-97f">
         <name>g_RxDescList</name>
         <value>0x20018274</value>
         <object_component_ref idref="oc-517"/>
      </symbol>
      <symbol id="sm-980">
         <name>g_TxDescList</name>
         <value>0x20018284</value>
         <object_component_ref idref="oc-514"/>
      </symbol>
      <symbol id="sm-981">
         <name>sys_timeout</name>
         <value>0x3a35</value>
         <object_component_ref idref="oc-4ab"/>
      </symbol>
      <symbol id="sm-982">
         <name>etharp_tmr</name>
         <value>0x45ad</value>
         <object_component_ref idref="oc-11d"/>
      </symbol>
      <symbol id="sm-983">
         <name>tcp_abort</name>
         <value>0x4def</value>
         <object_component_ref idref="oc-45c"/>
      </symbol>
      <symbol id="sm-984">
         <name>mem_trim</name>
         <value>0x263d</value>
         <object_component_ref idref="oc-438"/>
      </symbol>
      <symbol id="sm-995">
         <name>_c_int00</name>
         <value>0x3fcd</value>
         <object_component_ref idref="oc-24"/>
      </symbol>
      <symbol id="sm-996">
         <name>__stack</name>
         <value>0x20017a54</value>
         <object_component_ref idref="oc-2a"/>
      </symbol>
      <symbol id="sm-9ad">
         <name>__TI_decompress_none</name>
         <value>0x4d5d</value>
         <object_component_ref idref="oc-12"/>
      </symbol>
      <symbol id="sm-9d0">
         <name>__TI_decompress_rle24</name>
         <value>0x4de9</value>
         <object_component_ref idref="oc-18"/>
      </symbol>
      <symbol id="sm-9f2">
         <name>C$$EXIT</name>
         <value>0x4021</value>
         <object_component_ref idref="oc-8f"/>
      </symbol>
      <symbol id="sm-9f3">
         <name>abort</name>
         <value>0x4025</value>
         <object_component_ref idref="oc-8f"/>
      </symbol>
      <symbol id="sm-9f4">
         <name>exit</name>
         <value>0x402d</value>
         <object_component_ref idref="oc-8f"/>
      </symbol>
      <symbol id="sm-9f5">
         <name>__TI_dtors_ptr</name>
         <value>0x20018298</value>
         <object_component_ref idref="oc-f4"/>
      </symbol>
      <symbol id="sm-9f6">
         <name>__TI_cleanup_ptr</name>
         <value>0x20018294</value>
         <object_component_ref idref="oc-f4"/>
      </symbol>
      <symbol id="sm-9f7">
         <name>__TI_enable_exit_profile_output</name>
         <value>0x2001829c</value>
         <object_component_ref idref="oc-f4"/>
      </symbol>
      <symbol id="sm-a07">
         <name>memcmp</name>
         <value>0x4a91</value>
         <object_component_ref idref="oc-294"/>
      </symbol>
      <symbol id="sm-a22">
         <name>memcpy</name>
         <value>0x3025</value>
         <object_component_ref idref="oc-52"/>
      </symbol>
      <symbol id="sm-a23">
         <name>__aeabi_memcpy</name>
         <value>0x3025</value>
         <object_component_ref idref="oc-52"/>
      </symbol>
      <symbol id="sm-a24">
         <name>__aeabi_memcpy8</name>
         <value>0x3025</value>
         <object_component_ref idref="oc-52"/>
      </symbol>
      <symbol id="sm-a25">
         <name>__aeabi_memcpy4</name>
         <value>0x3025</value>
         <object_component_ref idref="oc-52"/>
      </symbol>
      <symbol id="sm-a34">
         <name>__aeabi_memset</name>
         <value>0x34ef</value>
         <object_component_ref idref="oc-6b"/>
      </symbol>
      <symbol id="sm-a35">
         <name>memset</name>
         <value>0x34f5</value>
         <object_component_ref idref="oc-6b"/>
      </symbol>
      <symbol id="sm-a36">
         <name>__aeabi_memset8</name>
         <value>0x34ef</value>
         <object_component_ref idref="oc-6b"/>
      </symbol>
      <symbol id="sm-a37">
         <name>__aeabi_memset4</name>
         <value>0x34ef</value>
         <object_component_ref idref="oc-6b"/>
      </symbol>
      <symbol id="sm-a38">
         <name>__aeabi_memclr8</name>
         <value>0x34ed</value>
         <object_component_ref idref="oc-6b"/>
      </symbol>
      <symbol id="sm-a39">
         <name>__aeabi_memclr4</name>
         <value>0x34ed</value>
         <object_component_ref idref="oc-6b"/>
      </symbol>
      <symbol id="sm-a3a">
         <name>__aeabi_memclr</name>
         <value>0x34ed</value>
         <object_component_ref idref="oc-6b"/>
      </symbol>
      <symbol id="sm-a44">
         <name>__mpu_init</name>
         <value>0x3963</value>
         <object_component_ref idref="oc-77"/>
      </symbol>
      <symbol id="sm-a4e">
         <name>_system_pre_init</name>
         <value>0x4df5</value>
         <object_component_ref idref="oc-7d"/>
      </symbol>
      <symbol id="sm-a56">
         <name>main_func_sp</name>
         <value>0x200182b4</value>
         <object_component_ref idref="oc-95"/>
      </symbol>
      <symbol id="sm-a74">
         <name>_nop</name>
         <value>0x4ca7</value>
         <object_component_ref idref="oc-1c9"/>
      </symbol>
      <symbol id="sm-a75">
         <name>_lock</name>
         <value>0x200182ac</value>
         <object_component_ref idref="oc-f7"/>
      </symbol>
      <symbol id="sm-a76">
         <name>_unlock</name>
         <value>0x200182b0</value>
         <object_component_ref idref="oc-f7"/>
      </symbol>
      <symbol id="sm-a77">
         <name>_register_lock</name>
         <value>0x4c9f</value>
         <object_component_ref idref="oc-1c9"/>
      </symbol>
      <symbol id="sm-a78">
         <name>_register_unlock</name>
         <value>0x4c99</value>
         <object_component_ref idref="oc-1c9"/>
      </symbol>
      <symbol id="sm-a8c">
         <name>_args_main</name>
         <value>0x4bf9</value>
         <object_component_ref idref="oc-89"/>
      </symbol>
      <symbol id="sm-ab1">
         <name>__TI_auto_init</name>
         <value>0x3741</value>
         <object_component_ref idref="oc-83"/>
      </symbol>
      <symbol id="sm-acb">
         <name>copy_in</name>
         <value>0x4251</value>
         <object_component_ref idref="oc-de"/>
      </symbol>
      <symbol id="sm-ad5">
         <name>_system_post_cinit</name>
         <value>0x3cf7</value>
         <object_component_ref idref="oc-e4"/>
      </symbol>
      <symbol id="sm-b96">
         <name>EMACConfigSet</name>
         <value>0x4665</value>
         <object_component_ref idref="oc-1f9"/>
      </symbol>
      <symbol id="sm-b97">
         <name>EMACTxEnable</name>
         <value>0x4c6d</value>
         <object_component_ref idref="oc-4f5"/>
      </symbol>
      <symbol id="sm-b98">
         <name>EMACRxDMADescriptorListSet</name>
         <value>0x4dc5</value>
         <object_component_ref idref="oc-5a4"/>
      </symbol>
      <symbol id="sm-b99">
         <name>EMACPHYConfigSet</name>
         <value>0x3ec5</value>
         <object_component_ref idref="oc-252"/>
      </symbol>
      <symbol id="sm-b9a">
         <name>EMACPHYRead</name>
         <value>0x498d</value>
         <object_component_ref idref="oc-1e1"/>
      </symbol>
      <symbol id="sm-b9b">
         <name>EMACTimestampIntStatus</name>
         <value>0x4dcb</value>
         <object_component_ref idref="oc-a4"/>
      </symbol>
      <symbol id="sm-b9c">
         <name>EMACRxEnable</name>
         <value>0x4c57</value>
         <object_component_ref idref="oc-4fb"/>
      </symbol>
      <symbol id="sm-b9d">
         <name>EMACIntClear</name>
         <value>0x4779</value>
         <object_component_ref idref="oc-4ef"/>
      </symbol>
      <symbol id="sm-b9e">
         <name>EMACConfigGet</name>
         <value>0x4745</value>
         <object_component_ref idref="oc-1f3"/>
      </symbol>
      <symbol id="sm-b9f">
         <name>EMACInit</name>
         <value>0x3569</value>
         <object_component_ref idref="oc-258"/>
      </symbol>
      <symbol id="sm-ba0">
         <name>EMACIntEnable</name>
         <value>0x462b</value>
         <object_component_ref idref="oc-501"/>
      </symbol>
      <symbol id="sm-ba1">
         <name>EMACPHYWrite</name>
         <value>0x49b3</value>
         <object_component_ref idref="oc-4dd"/>
      </symbol>
      <symbol id="sm-ba2">
         <name>EMACReset</name>
         <value>0x4c41</value>
         <object_component_ref idref="oc-323"/>
      </symbol>
      <symbol id="sm-ba3">
         <name>EMACFrameFilterSet</name>
         <value>0x4d0d</value>
         <object_component_ref idref="oc-4e3"/>
      </symbol>
      <symbol id="sm-ba4">
         <name>EMACTxDMAPollDemand</name>
         <value>0x4db5</value>
         <object_component_ref idref="oc-53b"/>
      </symbol>
      <symbol id="sm-ba5">
         <name>EMACAddrGet</name>
         <value>0x4b75</value>
         <object_component_ref idref="oc-4d1"/>
      </symbol>
      <symbol id="sm-ba6">
         <name>EMACTxDMADescriptorListSet</name>
         <value>0x4dd1</value>
         <object_component_ref idref="oc-5aa"/>
      </symbol>
      <symbol id="sm-ba7">
         <name>EMACIntStatus</name>
         <value>0x490b</value>
         <object_component_ref idref="oc-4e9"/>
      </symbol>
      <symbol id="sm-bd7">
         <name>IntEnable</name>
         <value>0x3965</value>
         <object_component_ref idref="oc-507"/>
      </symbol>
      <symbol id="sm-bd8">
         <name>IntMasterEnable</name>
         <value>0x4d1d</value>
         <object_component_ref idref="oc-50d"/>
      </symbol>
      <symbol id="sm-c55">
         <name>SysCtlDelay</name>
         <value>0x4ddd</value>
         <object_component_ref idref="oc-322"/>
      </symbol>
      <symbol id="sm-c56">
         <name>SysCtlPeripheralReady</name>
         <value>0x469d</value>
         <object_component_ref idref="oc-31c"/>
      </symbol>
      <symbol id="sm-c57">
         <name>SysCtlClockFreqSet</name>
         <value>0x13e5</value>
         <object_component_ref idref="oc-1b0"/>
      </symbol>
      <symbol id="sm-c58">
         <name>SysCtlPeripheralReset</name>
         <value>0x40c9</value>
         <object_component_ref idref="oc-316"/>
      </symbol>
      <symbol id="sm-c62">
         <name>CPUcpsie</name>
         <value>0x4d6b</value>
         <object_component_ref idref="oc-5bf"/>
      </symbol>
      <symbol id="sm-c67">
         <name>__TI_static_base__</name>
         <value>0x0</value>
      </symbol>
      <symbol id="sm-c6a">
         <name>SHT$$INIT_ARRAY$$Limit</name>
         <value>0x0</value>
      </symbol>
      <symbol id="sm-c6b">
         <name>SHT$$INIT_ARRAY$$Base</name>
         <value>0x0</value>
      </symbol>
   </symbol_table>
   <title>Link successful</title>
</link_info>
