<?xml version="1.0"?>
<link_info>
   <banner>TI ARM Linker Unix v15.12.1.LTS</banner>
   <copyright>Copyright (c) 1996-2015 Texas Instruments Incorporated</copyright>
   <link_time>0x589a83fb</link_time>
   <link_errors>0x0</link_errors>
   <output_file>enet_example.out</output_file>
   <entry_point>
      <name>_c_int00</name>
      <address>0x3fe5</address>
   </entry_point>
   <input_file_list>
      <input_file id="fl-2">
         <path>./</path>
         <kind>object</kind>
         <file>enet_lwip.obj</file>
         <name>enet_lwip.obj</name>
      </input_file>
      <input_file id="fl-3">
         <path>./</path>
         <kind>object</kind>
         <file>startup_ccs.obj</file>
         <name>startup_ccs.obj</name>
      </input_file>
      <input_file id="fl-4">
         <path>./third_party/lwip-1.4.1/apps/httpserver_raw/</path>
         <kind>object</kind>
         <file>httpd.obj</file>
         <name>httpd.obj</name>
      </input_file>
      <input_file id="fl-5">
         <path>./utils/</path>
         <kind>object</kind>
         <file>lwiplib.obj</file>
         <name>lwiplib.obj</name>
      </input_file>
      <input_file id="fl-c1">
         <path>/Applications/ti/ccsv6/tools/compiler/ti-cgt-arm_15.12.1.LTS/lib/</path>
         <kind>archive</kind>
         <file>rtsv7M4_T_le_v4SPD16_eabi.lib</file>
         <name>boot.obj</name>
      </input_file>
      <input_file id="fl-c2">
         <path>/Applications/ti/ccsv6/tools/compiler/ti-cgt-arm_15.12.1.LTS/lib/</path>
         <kind>archive</kind>
         <file>rtsv7M4_T_le_v4SPD16_eabi.lib</file>
         <name>copy_decompress_none.obj</name>
      </input_file>
      <input_file id="fl-c3">
         <path>/Applications/ti/ccsv6/tools/compiler/ti-cgt-arm_15.12.1.LTS/lib/</path>
         <kind>archive</kind>
         <file>rtsv7M4_T_le_v4SPD16_eabi.lib</file>
         <name>copy_decompress_rle.obj</name>
      </input_file>
      <input_file id="fl-c4">
         <path>/Applications/ti/ccsv6/tools/compiler/ti-cgt-arm_15.12.1.LTS/lib/</path>
         <kind>archive</kind>
         <file>rtsv7M4_T_le_v4SPD16_eabi.lib</file>
         <name>copy_zero_init.obj</name>
      </input_file>
      <input_file id="fl-c5">
         <path>/Applications/ti/ccsv6/tools/compiler/ti-cgt-arm_15.12.1.LTS/lib/</path>
         <kind>archive</kind>
         <file>rtsv7M4_T_le_v4SPD16_eabi.lib</file>
         <name>exit.obj</name>
      </input_file>
      <input_file id="fl-c6">
         <path>/Applications/ti/ccsv6/tools/compiler/ti-cgt-arm_15.12.1.LTS/lib/</path>
         <kind>archive</kind>
         <file>rtsv7M4_T_le_v4SPD16_eabi.lib</file>
         <name>memcmp.obj</name>
      </input_file>
      <input_file id="fl-c7">
         <path>/Applications/ti/ccsv6/tools/compiler/ti-cgt-arm_15.12.1.LTS/lib/</path>
         <kind>archive</kind>
         <file>rtsv7M4_T_le_v4SPD16_eabi.lib</file>
         <name>memcpy_t2.obj</name>
      </input_file>
      <input_file id="fl-c8">
         <path>/Applications/ti/ccsv6/tools/compiler/ti-cgt-arm_15.12.1.LTS/lib/</path>
         <kind>archive</kind>
         <file>rtsv7M4_T_le_v4SPD16_eabi.lib</file>
         <name>memset_t2.obj</name>
      </input_file>
      <input_file id="fl-c9">
         <path>/Applications/ti/ccsv6/tools/compiler/ti-cgt-arm_15.12.1.LTS/lib/</path>
         <kind>archive</kind>
         <file>rtsv7M4_T_le_v4SPD16_eabi.lib</file>
         <name>mpu_init.obj</name>
      </input_file>
      <input_file id="fl-ca">
         <path>/Applications/ti/ccsv6/tools/compiler/ti-cgt-arm_15.12.1.LTS/lib/</path>
         <kind>archive</kind>
         <file>rtsv7M4_T_le_v4SPD16_eabi.lib</file>
         <name>pre_init.obj</name>
      </input_file>
      <input_file id="fl-cb">
         <path>/Applications/ti/ccsv6/tools/compiler/ti-cgt-arm_15.12.1.LTS/lib/</path>
         <kind>archive</kind>
         <file>rtsv7M4_T_le_v4SPD16_eabi.lib</file>
         <name>stkdepth_vars.obj</name>
      </input_file>
      <input_file id="fl-cc">
         <path>/Applications/ti/ccsv6/tools/compiler/ti-cgt-arm_15.12.1.LTS/lib/</path>
         <kind>archive</kind>
         <file>rtsv7M4_T_le_v4SPD16_eabi.lib</file>
         <name>strchr.obj</name>
      </input_file>
      <input_file id="fl-cd">
         <path>/Applications/ti/ccsv6/tools/compiler/ti-cgt-arm_15.12.1.LTS/lib/</path>
         <kind>archive</kind>
         <file>rtsv7M4_T_le_v4SPD16_eabi.lib</file>
         <name>strcmp.obj</name>
      </input_file>
      <input_file id="fl-ce">
         <path>/Applications/ti/ccsv6/tools/compiler/ti-cgt-arm_15.12.1.LTS/lib/</path>
         <kind>archive</kind>
         <file>rtsv7M4_T_le_v4SPD16_eabi.lib</file>
         <name>strlen.obj</name>
      </input_file>
      <input_file id="fl-cf">
         <path>/Applications/ti/ccsv6/tools/compiler/ti-cgt-arm_15.12.1.LTS/lib/</path>
         <kind>archive</kind>
         <file>rtsv7M4_T_le_v4SPD16_eabi.lib</file>
         <name>strncmp.obj</name>
      </input_file>
      <input_file id="fl-d0">
         <path>/Applications/ti/ccsv6/tools/compiler/ti-cgt-arm_15.12.1.LTS/lib/</path>
         <kind>archive</kind>
         <file>rtsv7M4_T_le_v4SPD16_eabi.lib</file>
         <name>strstr.obj</name>
      </input_file>
      <input_file id="fl-d1">
         <path>/Applications/ti/ccsv6/tools/compiler/ti-cgt-arm_15.12.1.LTS/lib/</path>
         <kind>archive</kind>
         <file>rtsv7M4_T_le_v4SPD16_eabi.lib</file>
         <name>_lock.obj</name>
      </input_file>
      <input_file id="fl-d2">
         <path>/Applications/ti/ccsv6/tools/compiler/ti-cgt-arm_15.12.1.LTS/lib/</path>
         <kind>archive</kind>
         <file>rtsv7M4_T_le_v4SPD16_eabi.lib</file>
         <name>args_main.obj</name>
      </input_file>
      <input_file id="fl-d3">
         <path>/Applications/ti/ccsv6/tools/compiler/ti-cgt-arm_15.12.1.LTS/lib/</path>
         <kind>archive</kind>
         <file>rtsv7M4_T_le_v4SPD16_eabi.lib</file>
         <name>autoinit.obj</name>
      </input_file>
      <input_file id="fl-d4">
         <path>/Applications/ti/ccsv6/tools/compiler/ti-cgt-arm_15.12.1.LTS/lib/</path>
         <kind>archive</kind>
         <file>rtsv7M4_T_le_v4SPD16_eabi.lib</file>
         <name>cpy_tbl.obj</name>
      </input_file>
      <input_file id="fl-d5">
         <path>/Applications/ti/ccsv6/tools/compiler/ti-cgt-arm_15.12.1.LTS/lib/</path>
         <kind>archive</kind>
         <file>rtsv7M4_T_le_v4SPD16_eabi.lib</file>
         <name>startup.obj</name>
      </input_file>
      <input_file id="fl-d6">
         <path>/Users/ceylon/Code/TI/SW-TM4C-2.1.3.156/driverlib/ccs/Debug/</path>
         <kind>archive</kind>
         <file>driverlib.lib</file>
         <name>emac.obj</name>
      </input_file>
      <input_file id="fl-d7">
         <path>/Users/ceylon/Code/TI/SW-TM4C-2.1.3.156/driverlib/ccs/Debug/</path>
         <kind>archive</kind>
         <file>driverlib.lib</file>
         <name>interrupt.obj</name>
      </input_file>
      <input_file id="fl-d8">
         <path>/Users/ceylon/Code/TI/SW-TM4C-2.1.3.156/driverlib/ccs/Debug/</path>
         <kind>archive</kind>
         <file>driverlib.lib</file>
         <name>sw_crc.obj</name>
      </input_file>
      <input_file id="fl-d9">
         <path>/Users/ceylon/Code/TI/SW-TM4C-2.1.3.156/driverlib/ccs/Debug/</path>
         <kind>archive</kind>
         <file>driverlib.lib</file>
         <name>sysctl.obj</name>
      </input_file>
      <input_file id="fl-da">
         <path>/Users/ceylon/Code/TI/SW-TM4C-2.1.3.156/driverlib/ccs/Debug/</path>
         <kind>archive</kind>
         <file>driverlib.lib</file>
         <name>cpu.obj</name>
      </input_file>
   </input_file_list>
   <object_component_list>
      <object_component id="oc-f">
         <name>.intvecs</name>
         <load_address>0x0</load_address>
         <run_address>0x0</run_address>
         <size>0x200</size>
         <input_file_ref idref="fl-3"/>
      </object_component>
      <object_component id="oc-4d0">
         <name>.text:tcp_receive</name>
         <load_address>0x200</load_address>
         <run_address>0x200</run_address>
         <size>0x7bc</size>
         <input_file_ref idref="fl-5"/>
      </object_component>
      <object_component id="oc-362">
         <name>.text:tcp_input</name>
         <load_address>0x9bc</load_address>
         <run_address>0x9bc</run_address>
         <size>0x3b0</size>
         <input_file_ref idref="fl-5"/>
      </object_component>
      <object_component id="oc-424">
         <name>.text:tcp_process</name>
         <load_address>0xd6c</load_address>
         <run_address>0xd6c</run_address>
         <size>0x3b0</size>
         <input_file_ref idref="fl-5"/>
      </object_component>
      <object_component id="oc-22a">
         <name>.text:tcp_slowtmr</name>
         <load_address>0x111c</load_address>
         <run_address>0x111c</run_address>
         <size>0x2c8</size>
         <input_file_ref idref="fl-5"/>
      </object_component>
      <object_component id="oc-1b0">
         <name>.text:SysCtlClockFreqSet</name>
         <load_address>0x13e4</load_address>
         <run_address>0x13e4</run_address>
         <size>0x1ec</size>
         <input_file_ref idref="fl-d9"/>
      </object_component>
      <object_component id="oc-29a">
         <name>.text:ip_input</name>
         <load_address>0x15d0</load_address>
         <run_address>0x15d0</run_address>
         <size>0x1a8</size>
         <input_file_ref idref="fl-5"/>
      </object_component>
      <object_component id="oc-35c">
         <name>.text:udp_input</name>
         <load_address>0x1778</load_address>
         <run_address>0x1778</run_address>
         <size>0x194</size>
         <input_file_ref idref="fl-5"/>
      </object_component>
      <object_component id="oc-2ba">
         <name>.text:tcp_output</name>
         <load_address>0x190c</load_address>
         <run_address>0x190c</run_address>
         <size>0x190</size>
         <input_file_ref idref="fl-5"/>
      </object_component>
      <object_component id="oc-368">
         <name>.text:icmp_input</name>
         <load_address>0x1a9c</load_address>
         <run_address>0x1a9c</run_address>
         <size>0x184</size>
         <input_file_ref idref="fl-5"/>
      </object_component>
      <object_component id="oc-4ed">
         <name>.text:tcp_close_shutdown</name>
         <load_address>0x1c20</load_address>
         <run_address>0x1c20</run_address>
         <size>0x148</size>
         <input_file_ref idref="fl-5"/>
      </object_component>
      <object_component id="oc-117">
         <name>.text:tivaif_receive</name>
         <load_address>0x1d68</load_address>
         <run_address>0x1d68</run_address>
         <size>0x140</size>
         <input_file_ref idref="fl-5"/>
      </object_component>
      <object_component id="oc-213">
         <name>.text:pbuf_alloc</name>
         <load_address>0x1ea8</load_address>
         <run_address>0x1ea8</run_address>
         <size>0x136</size>
         <input_file_ref idref="fl-5"/>
      </object_component>
      <object_component id="oc-37">
         <name>.text:FaultISR</name>
         <load_address>0x1fde</load_address>
         <run_address>0x1fde</run_address>
         <size>0x2</size>
         <input_file_ref idref="fl-3"/>
      </object_component>
      <object_component id="oc-28e">
         <name>.text:etharp_arp_input</name>
         <load_address>0x1fe0</load_address>
         <run_address>0x1fe0</run_address>
         <size>0x124</size>
         <input_file_ref idref="fl-5"/>
      </object_component>
      <object_component id="oc-499">
         <name>.text:etharp_output</name>
         <load_address>0x2104</load_address>
         <run_address>0x2104</run_address>
         <size>0x118</size>
         <input_file_ref idref="fl-5"/>
      </object_component>
      <object_component id="oc-57e">
         <name>.text:etharp_query</name>
         <load_address>0x221c</load_address>
         <run_address>0x221c</run_address>
         <size>0x114</size>
         <input_file_ref idref="fl-5"/>
      </object_component>
      <object_component id="oc-418">
         <name>.text:tcp_listen_input</name>
         <load_address>0x2330</load_address>
         <run_address>0x2330</run_address>
         <size>0x114</size>
         <input_file_ref idref="fl-5"/>
      </object_component>
      <object_component id="oc-49f">
         <name>.text:tivaif_transmit</name>
         <load_address>0x2444</load_address>
         <run_address>0x2444</run_address>
         <size>0x100</size>
         <input_file_ref idref="fl-5"/>
      </object_component>
      <object_component id="oc-2b0">
         <name>.text:mem_malloc</name>
         <load_address>0x2544</load_address>
         <run_address>0x2544</run_address>
         <size>0xf8</size>
         <input_file_ref idref="fl-5"/>
      </object_component>
      <object_component id="oc-406">
         <name>.text:mem_trim</name>
         <load_address>0x263c</load_address>
         <run_address>0x263c</run_address>
         <size>0xe8</size>
         <input_file_ref idref="fl-5"/>
      </object_component>
      <object_component id="oc-252">
         <name>.text:lwIPInit</name>
         <load_address>0x2724</load_address>
         <run_address>0x2724</run_address>
         <size>0xe4</size>
         <input_file_ref idref="fl-5"/>
      </object_component>
      <object_component id="oc-3f8">
         <name>.text:etharp_find_entry</name>
         <load_address>0x2808</load_address>
         <run_address>0x2808</run_address>
         <size>0xe0</size>
         <input_file_ref idref="fl-5"/>
      </object_component>
      <object_component id="oc-4b0">
         <name>.text:tcp_alloc</name>
         <load_address>0x28e8</load_address>
         <run_address>0x28e8</run_address>
         <size>0xd0</size>
         <input_file_ref idref="fl-5"/>
      </object_component>
      <object_component id="oc-533">
         <name>.text:InitDMADescriptors</name>
         <load_address>0x29b8</load_address>
         <run_address>0x29b8</run_address>
         <size>0xc4</size>
         <input_file_ref idref="fl-5"/>
      </object_component>
      <object_component id="oc-31d">
         <name>.text:etharp_raw</name>
         <load_address>0x2a7c</load_address>
         <run_address>0x2a7c</run_address>
         <size>0xc4</size>
         <input_file_ref idref="fl-5"/>
      </object_component>
      <object_component id="oc-386">
         <name>.text:tcp_output_segment</name>
         <load_address>0x2b40</load_address>
         <run_address>0x2b40</run_address>
         <size>0xc0</size>
         <input_file_ref idref="fl-5"/>
      </object_component>
      <object_component id="oc-5b6">
         <name>.text:tcp_create_segment</name>
         <load_address>0x2c00</load_address>
         <run_address>0x2c00</run_address>
         <size>0xbc</size>
         <input_file_ref idref="fl-5"/>
      </object_component>
      <object_component id="oc-490">
         <name>.text:tivaif_hwinit</name>
         <load_address>0x2cbc</load_address>
         <run_address>0x2cbc</run_address>
         <size>0xbc</size>
         <input_file_ref idref="fl-5"/>
      </object_component>
      <object_component id="oc-4c2">
         <name>.text:tcp_enqueue_flags</name>
         <load_address>0x2d78</load_address>
         <run_address>0x2d78</run_address>
         <size>0xa8</size>
         <input_file_ref idref="fl-5"/>
      </object_component>
      <object_component id="oc-20d">
         <name>.text:ethernet_input</name>
         <load_address>0x2e20</load_address>
         <run_address>0x2e20</run_address>
         <size>0xa4</size>
         <input_file_ref idref="fl-5"/>
      </object_component>
      <object_component id="oc-447">
         <name>.text:ip_output_if</name>
         <load_address>0x2ec4</load_address>
         <run_address>0x2ec4</run_address>
         <size>0xa4</size>
         <input_file_ref idref="fl-5"/>
      </object_component>
      <object_component id="oc-52">
         <name>.text</name>
         <load_address>0x2f68</load_address>
         <run_address>0x2f68</run_address>
         <size>0x9c</size>
         <input_file_ref idref="fl-c7"/>
      </object_component>
      <object_component id="oc-441">
         <name>.text:pbuf_copy</name>
         <load_address>0x3004</load_address>
         <run_address>0x3004</run_address>
         <size>0x92</size>
         <input_file_ref idref="fl-5"/>
      </object_component>
      <object_component id="oc-3d">
         <name>.text:IntDefaultHandler</name>
         <load_address>0x3096</load_address>
         <run_address>0x3096</run_address>
         <size>0x2</size>
         <input_file_ref idref="fl-3"/>
      </object_component>
      <object_component id="oc-4c8">
         <name>.text:tcp_abandon</name>
         <load_address>0x3098</load_address>
         <run_address>0x3098</run_address>
         <size>0x90</size>
         <input_file_ref idref="fl-5"/>
      </object_component>
      <object_component id="oc-2cf">
         <name>.text:tcp_zero_window_probe</name>
         <load_address>0x3128</load_address>
         <run_address>0x3128</run_address>
         <size>0x8c</size>
         <input_file_ref idref="fl-5"/>
      </object_component>
      <object_component id="oc-41e">
         <name>.text:tcp_timewait_input</name>
         <load_address>0x31b4</load_address>
         <run_address>0x31b4</run_address>
         <size>0x84</size>
         <input_file_ref idref="fl-5"/>
      </object_component>
      <object_component id="oc-316">
         <name>.text:lwIPPrivateInit</name>
         <load_address>0x3238</load_address>
         <run_address>0x3238</run_address>
         <size>0x80</size>
         <input_file_ref idref="fl-5"/>
      </object_component>
      <object_component id="oc-1b6">
         <name>.text:setupLwIP</name>
         <load_address>0x32b8</load_address>
         <run_address>0x32b8</run_address>
         <size>0x80</size>
         <input_file_ref idref="fl-2"/>
      </object_component>
      <object_component id="oc-4bc">
         <name>.text:tcp_parseopt</name>
         <load_address>0x3338</load_address>
         <run_address>0x3338</run_address>
         <size>0x80</size>
         <input_file_ref idref="fl-5"/>
      </object_component>
      <object_component id="oc-2e7">
         <name>.text:tcp_rst</name>
         <load_address>0x33b8</load_address>
         <run_address>0x33b8</run_address>
         <size>0x7c</size>
         <input_file_ref idref="fl-5"/>
      </object_component>
      <object_component id="oc-10b">
         <name>.text:tivaif_process_phy_interrupt</name>
         <load_address>0x3434</load_address>
         <run_address>0x3434</run_address>
         <size>0x7c</size>
         <input_file_ref idref="fl-5"/>
      </object_component>
      <object_component id="oc-6b">
         <name>.text</name>
         <load_address>0x34b0</load_address>
         <run_address>0x34b0</run_address>
         <size>0x7a</size>
         <input_file_ref idref="fl-c8"/>
      </object_component>
      <object_component id="oc-31">
         <name>.text:NmiSR</name>
         <load_address>0x352a</load_address>
         <run_address>0x352a</run_address>
         <size>0x2</size>
         <input_file_ref idref="fl-3"/>
      </object_component>
      <object_component id="oc-310">
         <name>.text:EMACInit</name>
         <load_address>0x352c</load_address>
         <run_address>0x352c</run_address>
         <size>0x78</size>
         <input_file_ref idref="fl-d6"/>
      </object_component>
      <object_component id="oc-5ca">
         <name>.text:tcp_oos_insert_segment</name>
         <load_address>0x35a4</load_address>
         <run_address>0x35a4</run_address>
         <size>0x78</size>
         <input_file_ref idref="fl-5"/>
      </object_component>
      <object_component id="oc-336">
         <name>.text:etharp_update_arp_entry</name>
         <load_address>0x361c</load_address>
         <run_address>0x361c</run_address>
         <size>0x74</size>
         <input_file_ref idref="fl-5"/>
      </object_component>
      <object_component id="oc-350">
         <name>.text:raw_input</name>
         <load_address>0x3690</load_address>
         <run_address>0x3690</run_address>
         <size>0x74</size>
         <input_file_ref idref="fl-5"/>
      </object_component>
      <object_component id="oc-83">
         <name>.text</name>
         <load_address>0x3704</load_address>
         <run_address>0x3704</run_address>
         <size>0x70</size>
         <input_file_ref idref="fl-d3"/>
      </object_component>
      <object_component id="oc-224">
         <name>.text:tcp_fasttmr</name>
         <load_address>0x3774</load_address>
         <run_address>0x3774</run_address>
         <size>0x70</size>
         <input_file_ref idref="fl-5"/>
      </object_component>
      <object_component id="oc-40f">
         <name>.text:icmp_send_response</name>
         <load_address>0x37e4</load_address>
         <run_address>0x37e4</run_address>
         <size>0x6c</size>
         <input_file_ref idref="fl-5"/>
      </object_component>
      <object_component id="oc-479">
         <name>.text:memp_init</name>
         <load_address>0x3850</load_address>
         <run_address>0x3850</run_address>
         <size>0x6c</size>
         <input_file_ref idref="fl-5"/>
      </object_component>
      <object_component id="oc-5e">
         <name>.text</name>
         <load_address>0x38bc</load_address>
         <run_address>0x38bc</run_address>
         <size>0x6a</size>
         <input_file_ref idref="fl-c3"/>
      </object_component>
      <object_component id="oc-77">
         <name>.text</name>
         <load_address>0x3926</load_address>
         <run_address>0x3926</run_address>
         <size>0x2</size>
         <input_file_ref idref="fl-c9"/>
      </object_component>
      <object_component id="oc-563">
         <name>.text:IntEnable</name>
         <load_address>0x3928</load_address>
         <run_address>0x3928</run_address>
         <size>0x68</size>
         <input_file_ref idref="fl-d7"/>
      </object_component>
      <object_component id="oc-3a2">
         <name>.text:pbuf_copy_partial</name>
         <load_address>0x3990</load_address>
         <run_address>0x3990</run_address>
         <size>0x68</size>
         <input_file_ref idref="fl-5"/>
      </object_component>
      <object_component id="oc-507">
         <name>.text:sys_timeout</name>
         <load_address>0x39f8</load_address>
         <run_address>0x39f8</run_address>
         <size>0x68</size>
         <input_file_ref idref="fl-5"/>
      </object_component>
      <object_component id="oc-39c">
         <name>.text:tcp_output_alloc_header</name>
         <load_address>0x3a60</load_address>
         <run_address>0x3a60</run_address>
         <size>0x68</size>
         <input_file_ref idref="fl-5"/>
      </object_component>
      <object_component id="oc-2c0">
         <name>.text:tcp_process_refused_data</name>
         <load_address>0x3ac8</load_address>
         <run_address>0x3ac8</run_address>
         <size>0x68</size>
         <input_file_ref idref="fl-5"/>
      </object_component>
      <object_component id="oc-27a">
         <name>.text:mem_free</name>
         <load_address>0x3b30</load_address>
         <run_address>0x3b30</run_address>
         <size>0x64</size>
         <input_file_ref idref="fl-5"/>
      </object_component>
      <object_component id="oc-329">
         <name>.text:plug_holes</name>
         <load_address>0x3b94</load_address>
         <run_address>0x3b94</run_address>
         <size>0x64</size>
         <input_file_ref idref="fl-5"/>
      </object_component>
      <object_component id="oc-294">
         <name>.text:pbuf_header</name>
         <load_address>0x3bf8</load_address>
         <run_address>0x3bf8</run_address>
         <size>0x62</size>
         <input_file_ref idref="fl-5"/>
      </object_component>
      <object_component id="oc-4e2">
         <name>.text:lwip_standard_chksum</name>
         <load_address>0x3c5a</load_address>
         <run_address>0x3c5a</run_address>
         <size>0x60</size>
         <input_file_ref idref="fl-5"/>
      </object_component>
      <object_component id="oc-e4">
         <name>.text</name>
         <load_address>0x3cba</load_address>
         <run_address>0x3cba</run_address>
         <size>0x2</size>
         <input_file_ref idref="fl-d5"/>
      </object_component>
      <object_component id="oc-49">
         <name>.text:lwIPEthernetIntHandler</name>
         <load_address>0x3cbc</load_address>
         <run_address>0x3cbc</run_address>
         <size>0x5c</size>
         <input_file_ref idref="fl-5"/>
      </object_component>
      <object_component id="oc-473">
         <name>.text:mem_init</name>
         <load_address>0x3d18</load_address>
         <run_address>0x3d18</run_address>
         <size>0x5c</size>
         <input_file_ref idref="fl-5"/>
      </object_component>
      <object_component id="oc-51a">
         <name>.text:netif_set_ipaddr</name>
         <load_address>0x3d74</load_address>
         <run_address>0x3d74</run_address>
         <size>0x5c</size>
         <input_file_ref idref="fl-5"/>
      </object_component>
      <object_component id="oc-430">
         <name>.text:tcp_pcb_remove</name>
         <load_address>0x3dd0</load_address>
         <run_address>0x3dd0</run_address>
         <size>0x5c</size>
         <input_file_ref idref="fl-5"/>
      </object_component>
      <object_component id="oc-344">
         <name>.text:pbuf_realloc</name>
         <load_address>0x3e2c</load_address>
         <run_address>0x3e2c</run_address>
         <size>0x5a</size>
         <input_file_ref idref="fl-5"/>
      </object_component>
      <object_component id="oc-30a">
         <name>.text:EMACPHYConfigSet</name>
         <load_address>0x3e88</load_address>
         <run_address>0x3e88</run_address>
         <size>0x58</size>
         <input_file_ref idref="fl-d6"/>
      </object_component>
      <object_component id="oc-2a4">
         <name>.text:memp_malloc</name>
         <load_address>0x3ee0</load_address>
         <run_address>0x3ee0</run_address>
         <size>0x58</size>
         <input_file_ref idref="fl-5"/>
      </object_component>
      <object_component id="oc-4d6">
         <name>.text:tcp_rexmit</name>
         <load_address>0x3f38</load_address>
         <run_address>0x3f38</run_address>
         <size>0x56</size>
         <input_file_ref idref="fl-5"/>
      </object_component>
      <object_component id="oc-ec">
         <name>.text:main</name>
         <load_address>0x3f90</load_address>
         <run_address>0x3f90</run_address>
         <size>0x54</size>
         <input_file_ref idref="fl-2"/>
      </object_component>
      <object_component id="oc-24">
         <name>.text</name>
         <load_address>0x3fe4</load_address>
         <run_address>0x3fe4</run_address>
         <size>0x54</size>
         <input_file_ref idref="fl-c1"/>
      </object_component>
      <object_component id="oc-8f">
         <name>.text</name>
         <load_address>0x4038</load_address>
         <run_address>0x4038</run_address>
         <size>0x54</size>
         <input_file_ref idref="fl-c5"/>
      </object_component>
      <object_component id="oc-111">
         <name>.text:tivaif_process_transmit</name>
         <load_address>0x408c</load_address>
         <run_address>0x408c</run_address>
         <size>0x52</size>
         <input_file_ref idref="fl-5"/>
      </object_component>
      <object_component id="oc-3b9">
         <name>.text:SysCtlPeripheralReset</name>
         <load_address>0x40e0</load_address>
         <run_address>0x40e0</run_address>
         <size>0x50</size>
         <input_file_ref idref="fl-d9"/>
      </object_component>
      <object_component id="oc-3d7">
         <name>.text:netif_add</name>
         <load_address>0x4130</load_address>
         <run_address>0x4130</run_address>
         <size>0x50</size>
         <input_file_ref idref="fl-5"/>
      </object_component>
      <object_component id="oc-200">
         <name>.text:pbuf_free</name>
         <load_address>0x4180</load_address>
         <run_address>0x4180</run_address>
         <size>0x4e</size>
         <input_file_ref idref="fl-5"/>
      </object_component>
      <object_component id="oc-456">
         <name>.text:ip_route</name>
         <load_address>0x41d0</load_address>
         <run_address>0x41d0</run_address>
         <size>0x4c</size>
         <input_file_ref idref="fl-5"/>
      </object_component>
      <object_component id="oc-b0">
         <name>.text:lwIPServiceTimers</name>
         <load_address>0x421c</load_address>
         <run_address>0x421c</run_address>
         <size>0x4c</size>
         <input_file_ref idref="fl-5"/>
      </object_component>
      <object_component id="oc-de">
         <name>.text</name>
         <load_address>0x4268</load_address>
         <run_address>0x4268</run_address>
         <size>0x4c</size>
         <input_file_ref idref="fl-d4"/>
      </object_component>
      <object_component id="oc-aa">
         <name>.text:tivaif_interrupt</name>
         <load_address>0x42b4</load_address>
         <run_address>0x42b4</run_address>
         <size>0x4c</size>
         <input_file_ref idref="fl-5"/>
      </object_component>
      <object_component id="oc-241">
         <name>.text:_SysCtlFrequencyGet</name>
         <load_address>0x4300</load_address>
         <run_address>0x4300</run_address>
         <size>0x48</size>
         <input_file_ref idref="fl-d9"/>
      </object_component>
      <object_component id="oc-578">
         <name>.text:etharp_output_to_arp_index</name>
         <load_address>0x4348</load_address>
         <run_address>0x4348</run_address>
         <size>0x48</size>
         <input_file_ref idref="fl-5"/>
      </object_component>
      <object_component id="oc-3a8">
         <name>.text:ip_output</name>
         <load_address>0x4390</load_address>
         <run_address>0x4390</run_address>
         <size>0x48</size>
         <input_file_ref idref="fl-5"/>
      </object_component>
      <object_component id="oc-5a5">
         <name>.text:tcp_kill_prio</name>
         <load_address>0x43d8</load_address>
         <run_address>0x43d8</run_address>
         <size>0x48</size>
         <input_file_ref idref="fl-5"/>
      </object_component>
      <object_component id="oc-5be">
         <name>.text:tcp_rexmit_fast</name>
         <load_address>0x4420</load_address>
         <run_address>0x4420</run_address>
         <size>0x48</size>
         <input_file_ref idref="fl-5"/>
      </object_component>
      <object_component id="oc-58b">
         <name>.text:tivaif_check_pbuf</name>
         <load_address>0x4468</load_address>
         <run_address>0x4468</run_address>
         <size>0x48</size>
         <input_file_ref idref="fl-5"/>
      </object_component>
      <object_component id="oc-380">
         <name>.text:tcp_send_empty_ack</name>
         <load_address>0x44b0</load_address>
         <run_address>0x44b0</run_address>
         <size>0x46</size>
         <input_file_ref idref="fl-5"/>
      </object_component>
      <object_component id="oc-5d3">
         <name>.text:tcp_send_fin</name>
         <load_address>0x44f6</load_address>
         <run_address>0x44f6</run_address>
         <size>0x46</size>
         <input_file_ref idref="fl-5"/>
      </object_component>
      <object_component id="oc-2d5">
         <name>.text:tcp_keepalive</name>
         <load_address>0x453c</load_address>
         <run_address>0x453c</run_address>
         <size>0x44</size>
         <input_file_ref idref="fl-5"/>
      </object_component>
      <object_component id="oc-2e1">
         <name>.text:tcp_pcb_purge</name>
         <load_address>0x4580</load_address>
         <run_address>0x4580</run_address>
         <size>0x42</size>
         <input_file_ref idref="fl-5"/>
      </object_component>
      <object_component id="oc-11d">
         <name>.text:etharp_tmr</name>
         <load_address>0x45c4</load_address>
         <run_address>0x45c4</run_address>
         <size>0x40</size>
         <input_file_ref idref="fl-5"/>
      </object_component>
      <object_component id="oc-43b">
         <name>.text:inet_chksum_pbuf</name>
         <load_address>0x4604</load_address>
         <run_address>0x4604</run_address>
         <size>0x3e</size>
         <input_file_ref idref="fl-5"/>
      </object_component>
      <object_component id="oc-55d">
         <name>.text:EMACIntEnable</name>
         <load_address>0x4642</load_address>
         <run_address>0x4642</run_address>
         <size>0x3a</size>
         <input_file_ref idref="fl-d6"/>
      </object_component>
      <object_component id="oc-1f9">
         <name>.text:EMACConfigSet</name>
         <load_address>0x467c</load_address>
         <run_address>0x467c</run_address>
         <size>0x38</size>
         <input_file_ref idref="fl-d6"/>
      </object_component>
      <object_component id="oc-3bf">
         <name>.text:SysCtlPeripheralReady</name>
         <load_address>0x46b4</load_address>
         <run_address>0x46b4</run_address>
         <size>0x38</size>
         <input_file_ref idref="fl-d9"/>
      </object_component>
      <object_component id="oc-280">
         <name>.text:memp_free</name>
         <load_address>0x46ec</load_address>
         <run_address>0x46ec</run_address>
         <size>0x38</size>
         <input_file_ref idref="fl-5"/>
      </object_component>
      <object_component id="oc-5ae">
         <name>.text:tcpip_tcp_timer</name>
         <load_address>0x4724</load_address>
         <run_address>0x4724</run_address>
         <size>0x38</size>
         <input_file_ref idref="fl-5"/>
      </object_component>
      <object_component id="oc-1f3">
         <name>.text:EMACConfigGet</name>
         <load_address>0x475c</load_address>
         <run_address>0x475c</run_address>
         <size>0x34</size>
         <input_file_ref idref="fl-d6"/>
      </object_component>
      <object_component id="oc-54b">
         <name>.text:EMACIntClear</name>
         <load_address>0x4790</load_address>
         <run_address>0x4790</run_address>
         <size>0x34</size>
         <input_file_ref idref="fl-d6"/>
      </object_component>
      <object_component id="oc-59f">
         <name>.text:tcp_kill_timewait</name>
         <load_address>0x47c4</load_address>
         <run_address>0x47c4</run_address>
         <size>0x34</size>
         <input_file_ref idref="fl-5"/>
      </object_component>
      <object_component id="oc-4b6">
         <name>.text:tcp_timer_needed</name>
         <load_address>0x47f8</load_address>
         <run_address>0x47f8</run_address>
         <size>0x34</size>
         <input_file_ref idref="fl-5"/>
      </object_component>
      <object_component id="oc-3e9">
         <name>.text:tivaif_init</name>
         <load_address>0x482c</load_address>
         <run_address>0x482c</run_address>
         <size>0x34</size>
         <input_file_ref idref="fl-5"/>
      </object_component>
      <object_component id="oc-34a">
         <name>.text:ip4_addr_isbroadcast</name>
         <load_address>0x4860</load_address>
         <run_address>0x4860</run_address>
         <size>0x32</size>
         <input_file_ref idref="fl-5"/>
      </object_component>
      <object_component id="oc-464">
         <name>.text:tcp_recved</name>
         <load_address>0x4892</load_address>
         <run_address>0x4892</run_address>
         <size>0x32</size>
         <input_file_ref idref="fl-5"/>
      </object_component>
      <object_component id="oc-4f4">
         <name>.text:tcp_update_rcv_ann_wnd</name>
         <load_address>0x48c4</load_address>
         <run_address>0x48c4</run_address>
         <size>0x30</size>
         <input_file_ref idref="fl-5"/>
      </object_component>
      <object_component id="oc-2c9">
         <name>.text:tcp_rexmit_rto</name>
         <load_address>0x48f4</load_address>
         <run_address>0x48f4</run_address>
         <size>0x2e</size>
         <input_file_ref idref="fl-5"/>
      </object_component>
      <object_component id="oc-545">
         <name>.text:EMACIntStatus</name>
         <load_address>0x4922</load_address>
         <run_address>0x4922</run_address>
         <size>0x2c</size>
         <input_file_ref idref="fl-d6"/>
      </object_component>
      <object_component id="oc-265">
         <name>.text:etharp_request</name>
         <load_address>0x4950</load_address>
         <run_address>0x4950</run_address>
         <size>0x2c</size>
         <input_file_ref idref="fl-5"/>
      </object_component>
      <object_component id="oc-207">
         <name>.text:pbuf_cat</name>
         <load_address>0x497c</load_address>
         <run_address>0x497c</run_address>
         <size>0x28</size>
         <input_file_ref idref="fl-5"/>
      </object_component>
      <object_component id="oc-1e1">
         <name>.text:EMACPHYRead</name>
         <load_address>0x49a4</load_address>
         <run_address>0x49a4</run_address>
         <size>0x26</size>
         <input_file_ref idref="fl-d6"/>
      </object_component>
      <object_component id="oc-539">
         <name>.text:EMACPHYWrite</name>
         <load_address>0x49ca</load_address>
         <run_address>0x49ca</run_address>
         <size>0x26</size>
         <input_file_ref idref="fl-d6"/>
      </object_component>
      <object_component id="oc-394">
         <name>.text:tcp_recv_null</name>
         <load_address>0x49f0</load_address>
         <run_address>0x49f0</run_address>
         <size>0x26</size>
         <input_file_ref idref="fl-5"/>
      </object_component>
      <object_component id="oc-21a">
         <name>.text:etharp_free_entry</name>
         <load_address>0x4a18</load_address>
         <run_address>0x4a18</run_address>
         <size>0x24</size>
         <input_file_ref idref="fl-5"/>
      </object_component>
      <object_component id="oc-1ed">
         <name>.text:netif_set_link_up</name>
         <load_address>0x4a3c</load_address>
         <run_address>0x4a3c</run_address>
         <size>0x24</size>
         <input_file_ref idref="fl-5"/>
      </object_component>
      <object_component id="oc-3e3">
         <name>.text:netif_set_up</name>
         <load_address>0x4a60</load_address>
         <run_address>0x4a60</run_address>
         <size>0x24</size>
         <input_file_ref idref="fl-5"/>
      </object_component>
      <object_component id="oc-5c4">
         <name>.text:tcp_seg_copy</name>
         <load_address>0x4a84</load_address>
         <run_address>0x4a84</run_address>
         <size>0x24</size>
         <input_file_ref idref="fl-5"/>
      </object_component>
      <object_component id="oc-288">
         <name>.text</name>
         <load_address>0x4aa8</load_address>
         <run_address>0x4aa8</run_address>
         <size>0x22</size>
         <input_file_ref idref="fl-c6"/>
      </object_component>
      <object_component id="oc-23b">
         <name>.text:_SysCtlMemTimingGet</name>
         <load_address>0x4acc</load_address>
         <run_address>0x4acc</run_address>
         <size>0x20</size>
         <input_file_ref idref="fl-d9"/>
      </object_component>
      <object_component id="oc-3fe">
         <name>.text:etharp_send_ip</name>
         <load_address>0x4aec</load_address>
         <run_address>0x4aec</run_address>
         <size>0x20</size>
         <input_file_ref idref="fl-5"/>
      </object_component>
      <object_component id="oc-9d">
         <name>.text:lwIPTimer</name>
         <load_address>0x4b0c</load_address>
         <run_address>0x4b0c</run_address>
         <size>0x20</size>
         <input_file_ref idref="fl-5"/>
      </object_component>
      <object_component id="oc-47f">
         <name>.text:sys_timeouts_init</name>
         <load_address>0x4b2c</load_address>
         <run_address>0x4b2c</run_address>
         <size>0x20</size>
         <input_file_ref idref="fl-5"/>
      </object_component>
      <object_component id="oc-450">
         <name>.text:tcp_eff_send_mss</name>
         <load_address>0x4b4c</load_address>
         <run_address>0x4b4c</run_address>
         <size>0x20</size>
         <input_file_ref idref="fl-5"/>
      </object_component>
      <object_component id="oc-123">
         <name>.text:tcp_tmr</name>
         <load_address>0x4b6c</load_address>
         <run_address>0x4b6c</run_address>
         <size>0x20</size>
         <input_file_ref idref="fl-5"/>
      </object_component>
      <object_component id="oc-52d">
         <name>.text:EMACAddrGet</name>
         <load_address>0x4b8c</load_address>
         <run_address>0x4b8c</run_address>
         <size>0x1e</size>
         <input_file_ref idref="fl-d6"/>
      </object_component>
      <object_component id="oc-486">
         <name>.text:netif_set_addr</name>
         <load_address>0x4baa</load_address>
         <run_address>0x4baa</run_address>
         <size>0x1c</size>
         <input_file_ref idref="fl-5"/>
      </object_component>
      <object_component id="oc-37a">
         <name>.text:lwip_htonl</name>
         <load_address>0x4bc6</load_address>
         <run_address>0x4bc6</run_address>
         <size>0x1a</size>
         <input_file_ref idref="fl-5"/>
      </object_component>
      <object_component id="oc-513">
         <name>.text:arp_timer</name>
         <load_address>0x4be0</load_address>
         <run_address>0x4be0</run_address>
         <size>0x18</size>
         <input_file_ref idref="fl-5"/>
      </object_component>
      <object_component id="oc-2aa">
         <name>.text:pbuf_pool_is_empty</name>
         <load_address>0x4bf8</load_address>
         <run_address>0x4bf8</run_address>
         <size>0x18</size>
         <input_file_ref idref="fl-5"/>
      </object_component>
      <object_component id="oc-89">
         <name>.text</name>
         <load_address>0x4c10</load_address>
         <run_address>0x4c10</run_address>
         <size>0x18</size>
         <input_file_ref idref="fl-d2"/>
      </object_component>
      <object_component id="oc-5ab">
         <name>.text:tcp_next_iss</name>
         <load_address>0x4c28</load_address>
         <run_address>0x4c28</run_address>
         <size>0x18</size>
         <input_file_ref idref="fl-5"/>
      </object_component>
      <object_component id="oc-38c">
         <name>.text:tcp_seg_free</name>
         <load_address>0x4c40</load_address>
         <run_address>0x4c40</run_address>
         <size>0x18</size>
         <input_file_ref idref="fl-5"/>
      </object_component>
      <object_component id="oc-3c6">
         <name>.text:EMACReset</name>
         <load_address>0x4c58</load_address>
         <run_address>0x4c58</run_address>
         <size>0x16</size>
         <input_file_ref idref="fl-d6"/>
      </object_component>
      <object_component id="oc-557">
         <name>.text:EMACRxEnable</name>
         <load_address>0x4c6e</load_address>
         <run_address>0x4c6e</run_address>
         <size>0x16</size>
         <input_file_ref idref="fl-d6"/>
      </object_component>
      <object_component id="oc-551">
         <name>.text:EMACTxEnable</name>
         <load_address>0x4c84</load_address>
         <run_address>0x4c84</run_address>
         <size>0x16</size>
         <input_file_ref idref="fl-d6"/>
      </object_component>
      <object_component id="oc-585">
         <name>.text:pbuf_ref</name>
         <load_address>0x4c9a</load_address>
         <run_address>0x4c9a</run_address>
         <size>0x16</size>
         <input_file_ref idref="fl-5"/>
      </object_component>
      <object_component id="oc-1c9">
         <name>.text</name>
         <load_address>0x4cb0</load_address>
         <run_address>0x4cb0</run_address>
         <size>0x14</size>
         <input_file_ref idref="fl-d1"/>
      </object_component>
      <object_component id="oc-274">
         <name>.text:sys_arch_unprotect</name>
         <load_address>0x4cc4</load_address>
         <run_address>0x4cc4</run_address>
         <size>0x14</size>
         <input_file_ref idref="fl-5"/>
      </object_component>
      <object_component id="oc-45e">
         <name>.text:tcp_close</name>
         <load_address>0x4cd8</load_address>
         <run_address>0x4cd8</run_address>
         <size>0x14</size>
         <input_file_ref idref="fl-5"/>
      </object_component>
      <object_component id="oc-1e7">
         <name>.text:netif_set_link_down</name>
         <load_address>0x4cec</load_address>
         <run_address>0x4cec</run_address>
         <size>0x12</size>
         <input_file_ref idref="fl-5"/>
      </object_component>
      <object_component id="oc-591">
         <name>.text:pbuf_clen</name>
         <load_address>0x4cfe</load_address>
         <run_address>0x4cfe</run_address>
         <size>0x12</size>
         <input_file_ref idref="fl-5"/>
      </object_component>
      <object_component id="oc-2db">
         <name>.text:tcp_segs_free</name>
         <load_address>0x4d10</load_address>
         <run_address>0x4d10</run_address>
         <size>0x12</size>
         <input_file_ref idref="fl-5"/>
      </object_component>
      <object_component id="oc-53f">
         <name>.text:EMACFrameFilterSet</name>
         <load_address>0x4d24</load_address>
         <run_address>0x4d24</run_address>
         <size>0x10</size>
         <input_file_ref idref="fl-d6"/>
      </object_component>
      <object_component id="oc-569">
         <name>.text:IntMasterEnable</name>
         <load_address>0x4d34</load_address>
         <run_address>0x4d34</run_address>
         <size>0x10</size>
         <input_file_ref idref="fl-d7"/>
      </object_component>
      <object_component id="oc-4a9">
         <name>.text:inet_chksum</name>
         <load_address>0x4d44</load_address>
         <run_address>0x4d44</run_address>
         <size>0x10</size>
         <input_file_ref idref="fl-5"/>
      </object_component>
      <object_component id="oc-3d1">
         <name>.text:lwip_init</name>
         <load_address>0x4d54</load_address>
         <run_address>0x4d54</run_address>
         <size>0x10</size>
         <input_file_ref idref="fl-5"/>
      </object_component>
      <object_component id="oc-26e">
         <name>.text:sys_arch_protect</name>
         <load_address>0x4d64</load_address>
         <run_address>0x4d64</run_address>
         <size>0x10</size>
         <input_file_ref idref="fl-5"/>
      </object_component>
      <object_component id="oc-12">
         <name>.text:decompress:none</name>
         <load_address>0x4d74</load_address>
         <run_address>0x4d74</run_address>
         <size>0xe</size>
         <input_file_ref idref="fl-c2"/>
      </object_component>
      <object_component id="oc-604">
         <name>.text:CPUcpsie</name>
         <load_address>0x4d82</load_address>
         <run_address>0x4d82</run_address>
         <size>0xc</size>
         <input_file_ref idref="fl-da"/>
      </object_component>
      <object_component id="oc-33c">
         <name>.text:lwip_htons</name>
         <load_address>0x4d8e</load_address>
         <run_address>0x4d8e</run_address>
         <size>0xc</size>
         <input_file_ref idref="fl-5"/>
      </object_component>
      <object_component id="oc-3dd">
         <name>.text:netif_set_default</name>
         <load_address>0x4d9c</load_address>
         <run_address>0x4d9c</run_address>
         <size>0xc</size>
         <input_file_ref idref="fl-5"/>
      </object_component>
      <object_component id="oc-526">
         <name>.text:netif_set_gw</name>
         <load_address>0x4da8</load_address>
         <run_address>0x4da8</run_address>
         <size>0xc</size>
         <input_file_ref idref="fl-5"/>
      </object_component>
      <object_component id="oc-520">
         <name>.text:netif_set_netmask</name>
         <load_address>0x4db4</load_address>
         <run_address>0x4db4</run_address>
         <size>0xc</size>
         <input_file_ref idref="fl-5"/>
      </object_component>
      <object_component id="oc-50d">
         <name>.text:sys_now</name>
         <load_address>0x4dc0</load_address>
         <run_address>0x4dc0</run_address>
         <size>0xc</size>
         <input_file_ref idref="fl-5"/>
      </object_component>
      <object_component id="oc-597">
         <name>.text:EMACTxDMAPollDemand</name>
         <load_address>0x4dcc</load_address>
         <run_address>0x4dcc</run_address>
         <size>0x8</size>
         <input_file_ref idref="fl-d6"/>
      </object_component>
      <object_component id="oc-356">
         <name>.text:icmp_dest_unreach</name>
         <load_address>0x4dd4</load_address>
         <run_address>0x4dd4</run_address>
         <size>0x8</size>
         <input_file_ref idref="fl-5"/>
      </object_component>
      <object_component id="oc-5e9">
         <name>.text:EMACRxDMADescriptorListSet</name>
         <load_address>0x4ddc</load_address>
         <run_address>0x4ddc</run_address>
         <size>0x6</size>
         <input_file_ref idref="fl-d6"/>
      </object_component>
      <object_component id="oc-a4">
         <name>.text:EMACTimestampIntStatus</name>
         <load_address>0x4de2</load_address>
         <run_address>0x4de2</run_address>
         <size>0x6</size>
         <input_file_ref idref="fl-d6"/>
      </object_component>
      <object_component id="oc-5ef">
         <name>.text:EMACTxDMADescriptorListSet</name>
         <load_address>0x4de8</load_address>
         <run_address>0x4de8</run_address>
         <size>0x6</size>
         <input_file_ref idref="fl-d6"/>
      </object_component>
      <object_component id="oc-2b">
         <name>.text:ResetISR</name>
         <load_address>0x4dee</load_address>
         <run_address>0x4dee</run_address>
         <size>0x6</size>
         <input_file_ref idref="fl-3"/>
      </object_component>
      <object_component id="oc-3c5">
         <name>.text:SysCtlDelay</name>
         <load_address>0x4df4</load_address>
         <run_address>0x4df4</run_address>
         <size>0x6</size>
         <input_file_ref idref="fl-d9"/>
      </object_component>
      <object_component id="oc-43">
         <name>.text:SysTickIntHandler</name>
         <load_address>0x4dfa</load_address>
         <run_address>0x4dfa</run_address>
         <size>0x6</size>
         <input_file_ref idref="fl-2"/>
      </object_component>
      <object_component id="oc-18">
         <name>.text:decompress:rle24</name>
         <load_address>0x4e00</load_address>
         <run_address>0x4e00</run_address>
         <size>0x6</size>
         <input_file_ref idref="fl-c3"/>
      </object_component>
      <object_component id="oc-42a">
         <name>.text:tcp_abort</name>
         <load_address>0x4e06</load_address>
         <run_address>0x4e06</run_address>
         <size>0x6</size>
         <input_file_ref idref="fl-5"/>
      </object_component>
      <object_component id="oc-7d">
         <name>.text</name>
         <load_address>0x4e0c</load_address>
         <run_address>0x4e0c</run_address>
         <size>0x4</size>
         <input_file_ref idref="fl-ca"/>
      </object_component>
      <object_component id="oc-24a">
         <name>.const:g_pppui32XTALtoVCO</name>
         <load_address>0x4e10</load_address>
         <run_address>0x4e10</run_address>
         <size>0x1b0</size>
         <input_file_ref idref="fl-d9"/>
      </object_component>
      <object_component id="oc-5ff">
         <name>.const</name>
         <load_address>0x4fc0</load_address>
         <run_address>0x4fc0</run_address>
         <size>0x70</size>
         <input_file_ref idref="fl-d7"/>
      </object_component>
      <object_component id="oc-247">
         <name>.const:g_pui32Xtals</name>
         <load_address>0x5030</load_address>
         <run_address>0x5030</run_address>
         <size>0x6c</size>
         <input_file_ref idref="fl-d9"/>
      </object_component>
      <object_component id="oc-2f8">
         <name>.const:g_sXTALtoMEMTIM</name>
         <load_address>0x509c</load_address>
         <run_address>0x509c</run_address>
         <size>0x30</size>
         <input_file_ref idref="fl-d9"/>
      </object_component>
      <object_component id="oc-3cd">
         <name>.const</name>
         <load_address>0x50cc</load_address>
         <run_address>0x50cc</run_address>
         <size>0x18</size>
         <input_file_ref idref="fl-d6"/>
      </object_component>
      <object_component id="oc-4fd">
         <name>.const:memp_num</name>
         <load_address>0x50e4</load_address>
         <run_address>0x50e4</run_address>
         <size>0x10</size>
         <input_file_ref idref="fl-5"/>
      </object_component>
      <object_component id="oc-503">
         <name>.const:memp_sizes</name>
         <load_address>0x50f4</load_address>
         <run_address>0x50f4</run_address>
         <size>0x10</size>
         <input_file_ref idref="fl-5"/>
      </object_component>
      <object_component id="oc-2ee">
         <name>.const:.string:tcp_backoff</name>
         <load_address>0x5104</load_address>
         <run_address>0x5104</run_address>
         <size>0xd</size>
         <input_file_ref idref="fl-5"/>
      </object_component>
      <object_component id="oc-24d">
         <name>.const</name>
         <load_address>0x5114</load_address>
         <run_address>0x5114</run_address>
         <size>0x8</size>
         <input_file_ref idref="fl-d9"/>
      </object_component>
      <object_component id="oc-2f1">
         <name>.const:.string:tcp_persist_backoff</name>
         <load_address>0x511c</load_address>
         <run_address>0x511c</run_address>
         <size>0x7</size>
         <input_file_ref idref="fl-5"/>
      </object_component>
      <object_component id="oc-2a0">
         <name>.const:ethbroadcast</name>
         <load_address>0x5123</load_address>
         <run_address>0x5123</run_address>
         <size>0x6</size>
         <input_file_ref idref="fl-5"/>
      </object_component>
      <object_component id="oc-323">
         <name>.const:ethzero</name>
         <load_address>0x5129</load_address>
         <run_address>0x5129</run_address>
         <size>0x6</size>
         <input_file_ref idref="fl-5"/>
      </object_component>
      <object_component id="oc-645">
         <name>.cinit..data.load</name>
         <load_address>0x5130</load_address>
         <run_address>0x5130</run_address>
         <size>0x37</size>
      </object_component>
      <object_component id="oc-646">
         <name>.cinit..bss.load</name>
         <load_address>0x5168</load_address>
         <run_address>0x5168</run_address>
         <size>0xd</size>
      </object_component>
      <object_component id="oc-643">
         <name>__TI_handler_table</name>
         <load_address>0x5178</load_address>
         <run_address>0x5178</run_address>
         <size>0x8</size>
      </object_component>
      <object_component id="oc-644">
         <name>__TI_cinit_table</name>
         <load_address>0x5180</load_address>
         <run_address>0x5180</run_address>
         <size>0x10</size>
      </object_component>
      <object_component id="oc-ff">
         <name>.data</name>
         <load_address>0x20018254</load_address>
         <run_address>0x20018254</run_address>
         <size>0x20</size>
         <input_file_ref idref="fl-5"/>
      </object_component>
      <object_component id="oc-570">
         <name>.data:g_TxDescList</name>
         <load_address>0x20018284</load_address>
         <run_address>0x20018284</run_address>
         <size>0x10</size>
         <input_file_ref idref="fl-5"/>
      </object_component>
      <object_component id="oc-573">
         <name>.data:g_RxDescList</name>
         <load_address>0x20018274</load_address>
         <run_address>0x20018274</run_address>
         <size>0x10</size>
         <input_file_ref idref="fl-5"/>
      </object_component>
      <object_component id="oc-496">
         <name>.data:g_StellarisIFData</name>
         <load_address>0x200182a0</load_address>
         <run_address>0x200182a0</run_address>
         <size>0xc</size>
         <input_file_ref idref="fl-5"/>
      </object_component>
      <object_component id="oc-f4">
         <name>.data:$O1$$</name>
         <load_address>0x20018294</load_address>
         <run_address>0x20018294</run_address>
         <size>0xc</size>
         <input_file_ref idref="fl-c5"/>
      </object_component>
      <object_component id="oc-95">
         <name>.data</name>
         <load_address>0x200182b4</load_address>
         <run_address>0x200182b4</run_address>
         <size>0x4</size>
         <input_file_ref idref="fl-cb"/>
      </object_component>
      <object_component id="oc-f7">
         <name>.data:$O1$$</name>
         <load_address>0x200182ac</load_address>
         <run_address>0x200182ac</run_address>
         <size>0x8</size>
         <input_file_ref idref="fl-d1"/>
      </object_component>
      <object_component id="oc-230">
         <name>.bss</name>
         <uninitialized>true</uninitialized>
         <run_address>0x20017958</run_address>
         <size>0x50</size>
         <input_file_ref idref="fl-5"/>
      </object_component>
      <object_component id="oc-330">
         <name>.bss:memp_tab</name>
         <uninitialized>true</uninitialized>
         <run_address>0x200179d8</run_address>
         <size>0x20</size>
         <input_file_ref idref="fl-5"/>
      </object_component>
      <object_component id="oc-500">
         <name>.bss:memp_memory</name>
         <uninitialized>true</uninitialized>
         <run_address>0x2001001c</run_address>
         <size>0x72d4</size>
         <input_file_ref idref="fl-5"/>
      </object_component>
      <object_component id="oc-437">
         <name>.bss:inseg</name>
         <uninitialized>true</uninitialized>
         <run_address>0x200179f8</run_address>
         <size>0x10</size>
         <input_file_ref idref="fl-5"/>
      </object_component>
      <object_component id="oc-220">
         <name>.bss:arp_table</name>
         <uninitialized>true</uninitialized>
         <run_address>0x20017890</run_address>
         <size>0xc8</size>
         <input_file_ref idref="fl-5"/>
      </object_component>
      <object_component id="oc-b9">
         <name>.bss:g_sNetIF</name>
         <uninitialized>true</uninitialized>
         <run_address>0x200179a8</run_address>
         <size>0x30</size>
         <input_file_ref idref="fl-5"/>
      </object_component>
      <object_component id="oc-1bc">
         <name>.common:g_ui32SysClock</name>
         <uninitialized>true</uninitialized>
         <run_address>0x20017a24</run_address>
         <size>0x4</size>
      </object_component>
      <object_component id="oc-4fb">
         <name>.common:ram_heap</name>
         <uninitialized>true</uninitialized>
         <run_address>0x20000000</run_address>
         <size>0x1001c</size>
      </object_component>
      <object_component id="oc-370">
         <name>.common:netif_list</name>
         <uninitialized>true</uninitialized>
         <run_address>0x20017a2c</run_address>
         <size>0x4</size>
      </object_component>
      <object_component id="oc-48d">
         <name>.common:netif_default</name>
         <uninitialized>true</uninitialized>
         <run_address>0x20017a28</run_address>
         <size>0x4</size>
      </object_component>
      <object_component id="oc-377">
         <name>.common:pbuf_free_ooseq_pending</name>
         <uninitialized>true</uninitialized>
         <run_address>0x20017a50</run_address>
         <size>0x1</size>
      </object_component>
      <object_component id="oc-219">
         <name>.common:lwip_stats</name>
         <uninitialized>true</uninitialized>
         <run_address>0x20017770</run_address>
         <size>0x120</size>
      </object_component>
      <object_component id="oc-2ed">
         <name>.common:tcp_ticks</name>
         <uninitialized>true</uninitialized>
         <run_address>0x20017a40</run_address>
         <size>0x4</size>
      </object_component>
      <object_component id="oc-5d9">
         <name>.common:tcp_bound_pcbs</name>
         <uninitialized>true</uninitialized>
         <run_address>0x20017a34</run_address>
         <size>0x4</size>
      </object_component>
      <object_component id="oc-436">
         <name>.common:tcp_listen_pcbs</name>
         <uninitialized>true</uninitialized>
         <run_address>0x20017a3c</run_address>
         <size>0x4</size>
      </object_component>
      <object_component id="oc-2c6">
         <name>.common:tcp_active_pcbs</name>
         <uninitialized>true</uninitialized>
         <run_address>0x20017a30</run_address>
         <size>0x4</size>
      </object_component>
      <object_component id="oc-2f4">
         <name>.common:tcp_tw_pcbs</name>
         <uninitialized>true</uninitialized>
         <run_address>0x20017a48</run_address>
         <size>0x4</size>
      </object_component>
      <object_component id="oc-4dc">
         <name>.common:tcp_tmp_pcb</name>
         <uninitialized>true</uninitialized>
         <run_address>0x20017a44</run_address>
         <size>0x4</size>
      </object_component>
      <object_component id="oc-2c7">
         <name>.common:tcp_active_pcbs_changed</name>
         <uninitialized>true</uninitialized>
         <run_address>0x20017a51</run_address>
         <size>0x1</size>
      </object_component>
      <object_component id="oc-392">
         <name>.common:tcp_input_pcb</name>
         <uninitialized>true</uninitialized>
         <run_address>0x20017a38</run_address>
         <size>0x4</size>
      </object_component>
      <object_component id="oc-416">
         <name>.common:udp_pcbs</name>
         <uninitialized>true</uninitialized>
         <run_address>0x20017a4c</run_address>
         <size>0x4</size>
      </object_component>
      <object_component id="oc-371">
         <name>.common:current_netif</name>
         <uninitialized>true</uninitialized>
         <run_address>0x20017a14</run_address>
         <size>0x4</size>
      </object_component>
      <object_component id="oc-372">
         <name>.common:current_header</name>
         <uninitialized>true</uninitialized>
         <run_address>0x20017a08</run_address>
         <size>0x4</size>
      </object_component>
      <object_component id="oc-36f">
         <name>.common:current_iphdr_src</name>
         <uninitialized>true</uninitialized>
         <run_address>0x20017a10</run_address>
         <size>0x4</size>
      </object_component>
      <object_component id="oc-36e">
         <name>.common:current_iphdr_dest</name>
         <uninitialized>true</uninitialized>
         <run_address>0x20017a0c</run_address>
         <size>0x4</size>
      </object_component>
      <object_component id="oc-5f5">
         <name>.common:g_pTxDescriptors</name>
         <uninitialized>true</uninitialized>
         <run_address>0x200172f0</run_address>
         <size>0x360</size>
      </object_component>
      <object_component id="oc-5f6">
         <name>.common:g_pRxDescriptors</name>
         <uninitialized>true</uninitialized>
         <run_address>0x20017650</run_address>
         <size>0x120</size>
      </object_component>
      <object_component id="oc-11a">
         <name>.common:g_ui32NormalInts</name>
         <uninitialized>true</uninitialized>
         <run_address>0x20017a20</run_address>
         <size>0x4</size>
      </object_component>
      <object_component id="oc-11b">
         <name>.common:g_ui32AbnormalInts</name>
         <uninitialized>true</uninitialized>
         <run_address>0x20017a1c</run_address>
         <size>0x4</size>
      </object_component>
      <object_component id="oc-b6">
         <name>.common:g_pfnTimerHandler</name>
         <uninitialized>true</uninitialized>
         <run_address>0x20017a18</run_address>
         <size>0x4</size>
      </object_component>
      <object_component id="oc-2a">
         <name>.stack</name>
         <uninitialized>true</uninitialized>
         <run_address>0x20017a54</run_address>
         <size>0x0</size>
         <input_file_ref idref="fl-c1"/>
      </object_component>
      <object_component id="oc-647">
         <name>.stack</name>
         <uninitialized>true</uninitialized>
         <run_address>0x20017a54</run_address>
         <size>0x0</size>
      </object_component>
      <object_component id="oc-1bd">
         <name>.debug_info</name>
         <load_address>0x0</load_address>
         <run_address>0x0</run_address>
         <size>0x647</size>
         <input_file_ref idref="fl-2"/>
      </object_component>
      <object_component id="oc-1b7">
         <name>.debug_info</name>
         <load_address>0x647</load_address>
         <run_address>0x647</run_address>
         <size>0x17a</size>
         <input_file_ref idref="fl-2"/>
      </object_component>
      <object_component id="oc-ed">
         <name>.debug_info</name>
         <load_address>0x7c1</load_address>
         <run_address>0x7c1</run_address>
         <size>0x14b</size>
         <input_file_ref idref="fl-2"/>
      </object_component>
      <object_component id="oc-44">
         <name>.debug_info</name>
         <load_address>0x90c</load_address>
         <run_address>0x90c</run_address>
         <size>0x125</size>
         <input_file_ref idref="fl-2"/>
      </object_component>
      <object_component id="oc-14f">
         <name>.debug_info</name>
         <load_address>0xa31</load_address>
         <run_address>0xa31</run_address>
         <size>0x12f</size>
         <input_file_ref idref="fl-2"/>
      </object_component>
      <object_component id="oc-14a">
         <name>.debug_info</name>
         <load_address>0xb60</load_address>
         <run_address>0xb60</run_address>
         <size>0x87</size>
         <input_file_ref idref="fl-2"/>
      </object_component>
      <object_component id="oc-25b">
         <name>.debug_info</name>
         <load_address>0xbe7</load_address>
         <run_address>0xbe7</run_address>
         <size>0x6bd</size>
         <input_file_ref idref="fl-2"/>
      </object_component>
      <object_component id="oc-12c">
         <name>.debug_info</name>
         <load_address>0x12a4</load_address>
         <run_address>0x12a4</run_address>
         <size>0x8b</size>
         <input_file_ref idref="fl-2"/>
      </object_component>
      <object_component id="oc-154">
         <name>.debug_info</name>
         <load_address>0x132f</load_address>
         <run_address>0x132f</run_address>
         <size>0x8a</size>
         <input_file_ref idref="fl-2"/>
      </object_component>
      <object_component id="oc-15e">
         <name>.debug_info</name>
         <load_address>0x13b9</load_address>
         <run_address>0x13b9</run_address>
         <size>0x651</size>
         <input_file_ref idref="fl-2"/>
      </object_component>
      <object_component id="oc-163">
         <name>.debug_info</name>
         <load_address>0x1a0a</load_address>
         <run_address>0x1a0a</run_address>
         <size>0x174</size>
         <input_file_ref idref="fl-2"/>
      </object_component>
      <object_component id="oc-195">
         <name>.debug_info</name>
         <load_address>0x1b7e</load_address>
         <run_address>0x1b7e</run_address>
         <size>0x193</size>
         <input_file_ref idref="fl-2"/>
      </object_component>
      <object_component id="oc-168">
         <name>.debug_info</name>
         <load_address>0x1d11</load_address>
         <run_address>0x1d11</run_address>
         <size>0x2c</size>
         <input_file_ref idref="fl-2"/>
      </object_component>
      <object_component id="oc-bd">
         <name>.debug_info</name>
         <load_address>0x1d3d</load_address>
         <run_address>0x1d3d</run_address>
         <size>0x18b</size>
         <input_file_ref idref="fl-2"/>
      </object_component>
      <object_component id="oc-140">
         <name>.debug_info</name>
         <load_address>0x1ec8</load_address>
         <run_address>0x1ec8</run_address>
         <size>0x87</size>
         <input_file_ref idref="fl-2"/>
      </object_component>
      <object_component id="oc-159">
         <name>.debug_info</name>
         <load_address>0x1f4f</load_address>
         <run_address>0x1f4f</run_address>
         <size>0x2c</size>
         <input_file_ref idref="fl-2"/>
      </object_component>
      <object_component id="oc-172">
         <name>.debug_info</name>
         <load_address>0x1f7b</load_address>
         <run_address>0x1f7b</run_address>
         <size>0x2c</size>
         <input_file_ref idref="fl-2"/>
      </object_component>
      <object_component id="oc-181">
         <name>.debug_info</name>
         <load_address>0x1fa7</load_address>
         <run_address>0x1fa7</run_address>
         <size>0xf5</size>
         <input_file_ref idref="fl-2"/>
      </object_component>
      <object_component id="oc-136">
         <name>.debug_info</name>
         <load_address>0x209c</load_address>
         <run_address>0x209c</run_address>
         <size>0x9f</size>
         <input_file_ref idref="fl-2"/>
      </object_component>
      <object_component id="oc-186">
         <name>.debug_info</name>
         <load_address>0x213b</load_address>
         <run_address>0x213b</run_address>
         <size>0x167</size>
         <input_file_ref idref="fl-2"/>
      </object_component>
      <object_component id="oc-13b">
         <name>.debug_info</name>
         <load_address>0x22a2</load_address>
         <run_address>0x22a2</run_address>
         <size>0x3fa</size>
         <input_file_ref idref="fl-2"/>
      </object_component>
      <object_component id="oc-145">
         <name>.debug_info</name>
         <load_address>0x269c</load_address>
         <run_address>0x269c</run_address>
         <size>0x17e</size>
         <input_file_ref idref="fl-2"/>
      </object_component>
      <object_component id="oc-51">
         <name>.debug_info</name>
         <load_address>0x281a</load_address>
         <run_address>0x281a</run_address>
         <size>0x151</size>
         <input_file_ref idref="fl-3"/>
      </object_component>
      <object_component id="oc-10">
         <name>.debug_info</name>
         <load_address>0x296b</load_address>
         <run_address>0x296b</run_address>
         <size>0xde</size>
         <input_file_ref idref="fl-3"/>
      </object_component>
      <object_component id="oc-2c">
         <name>.debug_info</name>
         <load_address>0x2a49</load_address>
         <run_address>0x2a49</run_address>
         <size>0x10e</size>
         <input_file_ref idref="fl-3"/>
      </object_component>
      <object_component id="oc-32">
         <name>.debug_info</name>
         <load_address>0x2b57</load_address>
         <run_address>0x2b57</run_address>
         <size>0xfc</size>
         <input_file_ref idref="fl-3"/>
      </object_component>
      <object_component id="oc-3e">
         <name>.debug_info</name>
         <load_address>0x2c53</load_address>
         <run_address>0x2c53</run_address>
         <size>0x117</size>
         <input_file_ref idref="fl-3"/>
      </object_component>
      <object_component id="oc-38">
         <name>.debug_info</name>
         <load_address>0x2d6a</load_address>
         <run_address>0x2d6a</run_address>
         <size>0x103</size>
         <input_file_ref idref="fl-3"/>
      </object_component>
      <object_component id="oc-cc">
         <name>.debug_info</name>
         <load_address>0x2e6d</load_address>
         <run_address>0x2e6d</run_address>
         <size>0x84</size>
         <input_file_ref idref="fl-3"/>
      </object_component>
      <object_component id="oc-d4">
         <name>.debug_info</name>
         <load_address>0x2ef1</load_address>
         <run_address>0x2ef1</run_address>
         <size>0x2c</size>
         <input_file_ref idref="fl-4"/>
      </object_component>
      <object_component id="oc-b7">
         <name>.debug_info</name>
         <load_address>0x2f1d</load_address>
         <run_address>0x2f1d</run_address>
         <size>0xef9</size>
         <input_file_ref idref="fl-5"/>
      </object_component>
      <object_component id="oc-231">
         <name>.debug_info</name>
         <load_address>0x3e16</load_address>
         <run_address>0x3e16</run_address>
         <size>0x403</size>
         <input_file_ref idref="fl-5"/>
      </object_component>
      <object_component id="oc-331">
         <name>.debug_info</name>
         <load_address>0x4219</load_address>
         <run_address>0x4219</run_address>
         <size>0xfc</size>
         <input_file_ref idref="fl-5"/>
      </object_component>
      <object_component id="oc-504">
         <name>.debug_info</name>
         <load_address>0x4315</load_address>
         <run_address>0x4315</run_address>
         <size>0x100</size>
         <input_file_ref idref="fl-5"/>
      </object_component>
      <object_component id="oc-4fe">
         <name>.debug_info</name>
         <load_address>0x4415</load_address>
         <run_address>0x4415</run_address>
         <size>0xfc</size>
         <input_file_ref idref="fl-5"/>
      </object_component>
      <object_component id="oc-501">
         <name>.debug_info</name>
         <load_address>0x4511</load_address>
         <run_address>0x4511</run_address>
         <size>0x102</size>
         <input_file_ref idref="fl-5"/>
      </object_component>
      <object_component id="oc-100">
         <name>.debug_info</name>
         <load_address>0x4613</load_address>
         <run_address>0x4613</run_address>
         <size>0x1fe</size>
         <input_file_ref idref="fl-5"/>
      </object_component>
      <object_component id="oc-2ef">
         <name>.debug_info</name>
         <load_address>0x4811</load_address>
         <run_address>0x4811</run_address>
         <size>0x103</size>
         <input_file_ref idref="fl-5"/>
      </object_component>
      <object_component id="oc-2f2">
         <name>.debug_info</name>
         <load_address>0x4914</load_address>
         <run_address>0x4914</run_address>
         <size>0x113</size>
         <input_file_ref idref="fl-5"/>
      </object_component>
      <object_component id="oc-438">
         <name>.debug_info</name>
         <load_address>0x4a27</load_address>
         <run_address>0x4a27</run_address>
         <size>0xf6</size>
         <input_file_ref idref="fl-5"/>
      </object_component>
      <object_component id="oc-2a1">
         <name>.debug_info</name>
         <load_address>0x4b1d</load_address>
         <run_address>0x4b1d</run_address>
         <size>0x105</size>
         <input_file_ref idref="fl-5"/>
      </object_component>
      <object_component id="oc-324">
         <name>.debug_info</name>
         <load_address>0x4c22</load_address>
         <run_address>0x4c22</run_address>
         <size>0xfb</size>
         <input_file_ref idref="fl-5"/>
      </object_component>
      <object_component id="oc-221">
         <name>.debug_info</name>
         <load_address>0x4d1d</load_address>
         <run_address>0x4d1d</run_address>
         <size>0xfe</size>
         <input_file_ref idref="fl-5"/>
      </object_component>
      <object_component id="oc-571">
         <name>.debug_info</name>
         <load_address>0x4e1b</load_address>
         <run_address>0x4e1b</run_address>
         <size>0x105</size>
         <input_file_ref idref="fl-5"/>
      </object_component>
      <object_component id="oc-574">
         <name>.debug_info</name>
         <load_address>0x4f20</load_address>
         <run_address>0x4f20</run_address>
         <size>0x105</size>
         <input_file_ref idref="fl-5"/>
      </object_component>
      <object_component id="oc-497">
         <name>.debug_info</name>
         <load_address>0x5025</load_address>
         <run_address>0x5025</run_address>
         <size>0x10e</size>
         <input_file_ref idref="fl-5"/>
      </object_component>
      <object_component id="oc-ba">
         <name>.debug_info</name>
         <load_address>0x5133</load_address>
         <run_address>0x5133</run_address>
         <size>0xfc</size>
         <input_file_ref idref="fl-5"/>
      </object_component>
      <object_component id="oc-295">
         <name>.debug_info</name>
         <load_address>0x522f</load_address>
         <run_address>0x522f</run_address>
         <size>0x286</size>
         <input_file_ref idref="fl-5"/>
      </object_component>
      <object_component id="oc-534">
         <name>.debug_info</name>
         <load_address>0x54b5</load_address>
         <run_address>0x54b5</run_address>
         <size>0x27b</size>
         <input_file_ref idref="fl-5"/>
      </object_component>
      <object_component id="oc-491">
         <name>.debug_info</name>
         <load_address>0x5730</load_address>
         <run_address>0x5730</run_address>
         <size>0x37e</size>
         <input_file_ref idref="fl-5"/>
      </object_component>
      <object_component id="oc-3ea">
         <name>.debug_info</name>
         <load_address>0x5aae</load_address>
         <run_address>0x5aae</run_address>
         <size>0x230</size>
         <input_file_ref idref="fl-5"/>
      </object_component>
      <object_component id="oc-586">
         <name>.debug_info</name>
         <load_address>0x5cde</load_address>
         <run_address>0x5cde</run_address>
         <size>0x1fa</size>
         <input_file_ref idref="fl-5"/>
      </object_component>
      <object_component id="oc-442">
         <name>.debug_info</name>
         <load_address>0x5ed8</load_address>
         <run_address>0x5ed8</run_address>
         <size>0x268</size>
         <input_file_ref idref="fl-5"/>
      </object_component>
      <object_component id="oc-58c">
         <name>.debug_info</name>
         <load_address>0x6140</load_address>
         <run_address>0x6140</run_address>
         <size>0x272</size>
         <input_file_ref idref="fl-5"/>
      </object_component>
      <object_component id="oc-592">
         <name>.debug_info</name>
         <load_address>0x63b2</load_address>
         <run_address>0x63b2</run_address>
         <size>0x1df</size>
         <input_file_ref idref="fl-5"/>
      </object_component>
      <object_component id="oc-4a0">
         <name>.debug_info</name>
         <load_address>0x6591</load_address>
         <run_address>0x6591</run_address>
         <size>0x37a</size>
         <input_file_ref idref="fl-5"/>
      </object_component>
      <object_component id="oc-34b">
         <name>.debug_info</name>
         <load_address>0x690b</load_address>
         <run_address>0x690b</run_address>
         <size>0x22b</size>
         <input_file_ref idref="fl-5"/>
      </object_component>
      <object_component id="oc-33d">
         <name>.debug_info</name>
         <load_address>0x6b36</load_address>
         <run_address>0x6b36</run_address>
         <size>0x1cd</size>
         <input_file_ref idref="fl-5"/>
      </object_component>
      <object_component id="oc-21b">
         <name>.debug_info</name>
         <load_address>0x6d03</load_address>
         <run_address>0x6d03</run_address>
         <size>0x1ee</size>
         <input_file_ref idref="fl-5"/>
      </object_component>
      <object_component id="oc-11e">
         <name>.debug_info</name>
         <load_address>0x6ef1</load_address>
         <run_address>0x6ef1</run_address>
         <size>0x1de</size>
         <input_file_ref idref="fl-5"/>
      </object_component>
      <object_component id="oc-508">
         <name>.debug_info</name>
         <load_address>0x70cf</load_address>
         <run_address>0x70cf</run_address>
         <size>0x26a</size>
         <input_file_ref idref="fl-5"/>
      </object_component>
      <object_component id="oc-514">
[...]
      </symbol>
      <symbol id="sm-950">
         <name>memp_init</name>
         <value>0x3851</value>
         <object_component_ref idref="oc-479"/>
      </symbol>
      <symbol id="sm-951">
         <name>pbuf_header</name>
         <value>0x3bf9</value>
         <object_component_ref idref="oc-294"/>
      </symbol>
      <symbol id="sm-952">
         <name>pbuf_realloc</name>
         <value>0x3e2d</value>
         <object_component_ref idref="oc-344"/>
      </symbol>
      <symbol id="sm-953">
         <name>tcp_rexmit_rto</name>
         <value>0x48f5</value>
         <object_component_ref idref="oc-2c9"/>
      </symbol>
      <symbol id="sm-954">
         <name>memp_free</name>
         <value>0x46ed</value>
         <object_component_ref idref="oc-280"/>
      </symbol>
      <symbol id="sm-955">
         <name>netif_set_up</name>
         <value>0x4a61</value>
         <object_component_ref idref="oc-3e3"/>
      </symbol>
      <symbol id="sm-956">
         <name>pbuf_free</name>
         <value>0x4181</value>
         <object_component_ref idref="oc-200"/>
      </symbol>
      <symbol id="sm-957">
         <name>etharp_query</name>
         <value>0x221d</value>
         <object_component_ref idref="oc-57e"/>
      </symbol>
      <symbol id="sm-958">
         <name>tcp_backoff</name>
         <value>0x5104</value>
         <object_component_ref idref="oc-2ee"/>
      </symbol>
      <symbol id="sm-959">
         <name>mem_malloc</name>
         <value>0x2545</value>
         <object_component_ref idref="oc-2b0"/>
      </symbol>
      <symbol id="sm-95a">
         <name>pbuf_clen</name>
         <value>0x4cff</value>
         <object_component_ref idref="oc-591"/>
      </symbol>
      <symbol id="sm-95b">
         <name>tcp_persist_backoff</name>
         <value>0x511c</value>
         <object_component_ref idref="oc-2f1"/>
      </symbol>
      <symbol id="sm-95c">
         <name>inet_chksum</name>
         <value>0x4d45</value>
         <object_component_ref idref="oc-4a9"/>
      </symbol>
      <symbol id="sm-95d">
         <name>sys_arch_protect</name>
         <value>0x4d65</value>
         <object_component_ref idref="oc-26e"/>
      </symbol>
      <symbol id="sm-95e">
         <name>tcp_alloc</name>
         <value>0x28e9</value>
         <object_component_ref idref="oc-4b0"/>
      </symbol>
      <symbol id="sm-95f">
         <name>pbuf_ref</name>
         <value>0x4c9b</value>
         <object_component_ref idref="oc-585"/>
      </symbol>
      <symbol id="sm-960">
         <name>tcp_send_empty_ack</name>
         <value>0x44b1</value>
         <object_component_ref idref="oc-380"/>
      </symbol>
      <symbol id="sm-961">
         <name>ip_output_if</name>
         <value>0x2ec5</value>
         <object_component_ref idref="oc-447"/>
      </symbol>
      <symbol id="sm-962">
         <name>pbuf_cat</name>
         <value>0x497d</value>
         <object_component_ref idref="oc-207"/>
      </symbol>
      <symbol id="sm-963">
         <name>lwip_ntohs</name>
         <value>0x4d8f</value>
         <object_component_ref idref="oc-33c"/>
      </symbol>
      <symbol id="sm-964">
         <name>ip4_addr_isbroadcast</name>
         <value>0x4861</value>
         <object_component_ref idref="oc-34a"/>
      </symbol>
      <symbol id="sm-965">
         <name>lwip_ntohl</name>
         <value>0x4bc7</value>
         <object_component_ref idref="oc-37a"/>
      </symbol>
      <symbol id="sm-966">
         <name>memp_malloc</name>
         <value>0x3ee1</value>
         <object_component_ref idref="oc-2a4"/>
      </symbol>
      <symbol id="sm-967">
         <name>ip_input</name>
         <value>0x15d1</value>
         <object_component_ref idref="oc-29a"/>
      </symbol>
      <symbol id="sm-968">
         <name>tcp_enqueue_flags</name>
         <value>0x2d79</value>
         <object_component_ref idref="oc-4c2"/>
      </symbol>
      <symbol id="sm-969">
         <name>tcp_input</name>
         <value>0x9bd</value>
         <object_component_ref idref="oc-362"/>
      </symbol>
      <symbol id="sm-96a">
         <name>sys_timeouts_init</name>
         <value>0x4b2d</value>
         <object_component_ref idref="oc-47f"/>
      </symbol>
      <symbol id="sm-96b">
         <name>netif_set_addr</name>
         <value>0x4bab</value>
         <object_component_ref idref="oc-486"/>
      </symbol>
      <symbol id="sm-96c">
         <name>udp_input</name>
         <value>0x1779</value>
         <object_component_ref idref="oc-35c"/>
      </symbol>
      <symbol id="sm-96d">
         <name>tcp_send_fin</name>
         <value>0x44f7</value>
         <object_component_ref idref="oc-5d3"/>
      </symbol>
      <symbol id="sm-96e">
         <name>lwIPInit</name>
         <value>0x2725</value>
         <object_component_ref idref="oc-252"/>
      </symbol>
      <symbol id="sm-96f">
         <name>raw_input</name>
         <value>0x3691</value>
         <object_component_ref idref="oc-350"/>
      </symbol>
      <symbol id="sm-970">
         <name>tcp_next_iss</name>
         <value>0x4c29</value>
         <object_component_ref idref="oc-5ab"/>
      </symbol>
      <symbol id="sm-971">
         <name>tcp_zero_window_probe</name>
         <value>0x3129</value>
         <object_component_ref idref="oc-2cf"/>
      </symbol>
      <symbol id="sm-972">
         <name>pbuf_copy_partial</name>
         <value>0x3991</value>
         <object_component_ref idref="oc-3a2"/>
      </symbol>
      <symbol id="sm-973">
         <name>pbuf_alloc</name>
         <value>0x1ea9</value>
         <object_component_ref idref="oc-213"/>
      </symbol>
      <symbol id="sm-974">
         <name>icmp_input</name>
         <value>0x1a9d</value>
         <object_component_ref idref="oc-368"/>
      </symbol>
      <symbol id="sm-975">
         <name>netif_set_gw</name>
         <value>0x4da9</value>
         <object_component_ref idref="oc-526"/>
      </symbol>
      <symbol id="sm-976">
         <name>inet_chksum_pbuf</name>
         <value>0x4605</value>
         <object_component_ref idref="oc-43b"/>
      </symbol>
      <symbol id="sm-977">
         <name>ip_output</name>
         <value>0x4391</value>
         <object_component_ref idref="oc-3a8"/>
      </symbol>
      <symbol id="sm-978">
         <name>pbuf_copy</name>
         <value>0x3005</value>
         <object_component_ref idref="oc-441"/>
      </symbol>
      <symbol id="sm-979">
         <name>tcp_segs_free</name>
         <value>0x4d11</value>
         <object_component_ref idref="oc-2db"/>
      </symbol>
      <symbol id="sm-97a">
         <name>tcp_close</name>
         <value>0x4cd9</value>
         <object_component_ref idref="oc-45e"/>
      </symbol>
      <symbol id="sm-97b">
         <name>tivaif_interrupt</name>
         <value>0x42b5</value>
         <object_component_ref idref="oc-aa"/>
      </symbol>
      <symbol id="sm-97c">
         <name>ethzero</name>
         <value>0x5129</value>
         <object_component_ref idref="oc-323"/>
      </symbol>
      <symbol id="sm-97d">
         <name>lwIPTimer</name>
         <value>0x4b0d</value>
         <object_component_ref idref="oc-9d"/>
      </symbol>
      <symbol id="sm-97e">
         <name>tcp_update_rcv_ann_wnd</name>
         <value>0x48c5</value>
         <object_component_ref idref="oc-4f4"/>
      </symbol>
      <symbol id="sm-97f">
         <name>ethbroadcast</name>
         <value>0x5123</value>
         <object_component_ref idref="oc-2a0"/>
      </symbol>
      <symbol id="sm-980">
         <name>lwip_init</name>
         <value>0x4d55</value>
         <object_component_ref idref="oc-3d1"/>
      </symbol>
      <symbol id="sm-981">
         <name>lwIPEthernetIntHandler</name>
         <value>0x3cbd</value>
         <object_component_ref idref="oc-49"/>
      </symbol>
      <symbol id="sm-982">
         <name>tcp_tmr</name>
         <value>0x4b6d</value>
         <object_component_ref idref="oc-123"/>
      </symbol>
      <symbol id="sm-983">
         <name>tcp_eff_send_mss</name>
         <value>0x4b4d</value>
         <object_component_ref idref="oc-450"/>
      </symbol>
      <symbol id="sm-984">
         <name>tcp_process_refused_data</name>
         <value>0x3ac9</value>
         <object_component_ref idref="oc-2c0"/>
      </symbol>
      <symbol id="sm-985">
         <name>netif_add</name>
         <value>0x4131</value>
         <object_component_ref idref="oc-3d7"/>
      </symbol>
      <symbol id="sm-986">
         <name>tcp_seg_copy</name>
         <value>0x4a85</value>
         <object_component_ref idref="oc-5c4"/>
      </symbol>
      <symbol id="sm-987">
         <name>netif_set_default</name>
         <value>0x4d9d</value>
         <object_component_ref idref="oc-3dd"/>
      </symbol>
      <symbol id="sm-988">
         <name>sys_now</name>
         <value>0x4dc1</value>
         <object_component_ref idref="oc-50d"/>
      </symbol>
      <symbol id="sm-989">
         <name>ip_route</name>
         <value>0x41d1</value>
         <object_component_ref idref="oc-456"/>
      </symbol>
      <symbol id="sm-98a">
         <name>tcp_pcb_remove</name>
         <value>0x3dd1</value>
         <object_component_ref idref="oc-430"/>
      </symbol>
      <symbol id="sm-98b">
         <name>g_RxDescList</name>
         <value>0x20018274</value>
         <object_component_ref idref="oc-573"/>
      </symbol>
      <symbol id="sm-98c">
         <name>g_TxDescList</name>
         <value>0x20018284</value>
         <object_component_ref idref="oc-570"/>
      </symbol>
      <symbol id="sm-98d">
         <name>sys_timeout</name>
         <value>0x39f9</value>
         <object_component_ref idref="oc-507"/>
      </symbol>
      <symbol id="sm-98e">
         <name>etharp_tmr</name>
         <value>0x45c5</value>
         <object_component_ref idref="oc-11d"/>
      </symbol>
      <symbol id="sm-98f">
         <name>tcp_abort</name>
         <value>0x4e07</value>
         <object_component_ref idref="oc-42a"/>
      </symbol>
      <symbol id="sm-990">
         <name>mem_trim</name>
         <value>0x263d</value>
         <object_component_ref idref="oc-406"/>
      </symbol>
      <symbol id="sm-9a1">
         <name>_c_int00</name>
         <value>0x3fe5</value>
         <object_component_ref idref="oc-24"/>
      </symbol>
      <symbol id="sm-9a2">
         <name>__stack</name>
         <value>0x20017a54</value>
         <object_component_ref idref="oc-2a"/>
      </symbol>
      <symbol id="sm-9b9">
         <name>__TI_decompress_none</name>
         <value>0x4d75</value>
         <object_component_ref idref="oc-12"/>
      </symbol>
      <symbol id="sm-9dc">
         <name>__TI_decompress_rle24</name>
         <value>0x4e01</value>
         <object_component_ref idref="oc-18"/>
      </symbol>
      <symbol id="sm-9fe">
         <name>C$$EXIT</name>
         <value>0x4039</value>
         <object_component_ref idref="oc-8f"/>
      </symbol>
      <symbol id="sm-9ff">
         <name>abort</name>
         <value>0x403d</value>
         <object_component_ref idref="oc-8f"/>
      </symbol>
      <symbol id="sm-a00">
         <name>exit</name>
         <value>0x4045</value>
         <object_component_ref idref="oc-8f"/>
      </symbol>
      <symbol id="sm-a01">
         <name>__TI_dtors_ptr</name>
         <value>0x20018298</value>
         <object_component_ref idref="oc-f4"/>
      </symbol>
      <symbol id="sm-a02">
         <name>__TI_cleanup_ptr</name>
         <value>0x20018294</value>
         <object_component_ref idref="oc-f4"/>
      </symbol>
      <symbol id="sm-a03">
         <name>__TI_enable_exit_profile_output</name>
         <value>0x2001829c</value>
         <object_component_ref idref="oc-f4"/>
      </symbol>
      <symbol id="sm-a13">
         <name>memcmp</name>
         <value>0x4aa9</value>
         <object_component_ref idref="oc-288"/>
      </symbol>
      <symbol id="sm-a2e">
         <name>memcpy</name>
         <value>0x2f69</value>
         <object_component_ref idref="oc-52"/>
      </symbol>
      <symbol id="sm-a2f">
         <name>__aeabi_memcpy</name>
         <value>0x2f69</value>
         <object_component_ref idref="oc-52"/>
      </symbol>
      <symbol id="sm-a30">
         <name>__aeabi_memcpy8</name>
         <value>0x2f69</value>
         <object_component_ref idref="oc-52"/>
      </symbol>
      <symbol id="sm-a31">
         <name>__aeabi_memcpy4</name>
         <value>0x2f69</value>
         <object_component_ref idref="oc-52"/>
      </symbol>
      <symbol id="sm-a40">
         <name>__aeabi_memset</name>
         <value>0x34b3</value>
         <object_component_ref idref="oc-6b"/>
      </symbol>
      <symbol id="sm-a41">
         <name>memset</name>
         <value>0x34b9</value>
         <object_component_ref idref="oc-6b"/>
      </symbol>
      <symbol id="sm-a42">
         <name>__aeabi_memset8</name>
         <value>0x34b3</value>
         <object_component_ref idref="oc-6b"/>
      </symbol>
      <symbol id="sm-a43">
         <name>__aeabi_memset4</name>
         <value>0x34b3</value>
         <object_component_ref idref="oc-6b"/>
      </symbol>
      <symbol id="sm-a44">
         <name>__aeabi_memclr8</name>
         <value>0x34b1</value>
         <object_component_ref idref="oc-6b"/>
      </symbol>
      <symbol id="sm-a45">
         <name>__aeabi_memclr4</name>
         <value>0x34b1</value>
         <object_component_ref idref="oc-6b"/>
      </symbol>
      <symbol id="sm-a46">
         <name>__aeabi_memclr</name>
         <value>0x34b1</value>
         <object_component_ref idref="oc-6b"/>
      </symbol>
      <symbol id="sm-a50">
         <name>__mpu_init</name>
         <value>0x3927</value>
         <object_component_ref idref="oc-77"/>
      </symbol>
      <symbol id="sm-a5a">
         <name>_system_pre_init</name>
         <value>0x4e0d</value>
         <object_component_ref idref="oc-7d"/>
      </symbol>
      <symbol id="sm-a62">
         <name>main_func_sp</name>
         <value>0x200182b4</value>
         <object_component_ref idref="oc-95"/>
      </symbol>
      <symbol id="sm-a80">
         <name>_nop</name>
         <value>0x4cbf</value>
         <object_component_ref idref="oc-1c9"/>
      </symbol>
      <symbol id="sm-a81">
         <name>_lock</name>
         <value>0x200182ac</value>
         <object_component_ref idref="oc-f7"/>
      </symbol>
      <symbol id="sm-a82">
         <name>_unlock</name>
         <value>0x200182b0</value>
         <object_component_ref idref="oc-f7"/>
      </symbol>
      <symbol id="sm-a83">
         <name>_register_lock</name>
         <value>0x4cb7</value>
         <object_component_ref idref="oc-1c9"/>
      </symbol>
      <symbol id="sm-a84">
         <name>_register_unlock</name>
         <value>0x4cb1</value>
         <object_component_ref idref="oc-1c9"/>
      </symbol>
      <symbol id="sm-a98">
         <name>_args_main</name>
         <value>0x4c11</value>
         <object_component_ref idref="oc-89"/>
      </symbol>
      <symbol id="sm-abd">
         <name>__TI_auto_init</name>
         <value>0x3705</value>
         <object_component_ref idref="oc-83"/>
      </symbol>
      <symbol id="sm-ad7">
         <name>copy_in</name>
         <value>0x4269</value>
         <object_component_ref idref="oc-de"/>
      </symbol>
      <symbol id="sm-ae1">
         <name>_system_post_cinit</name>
         <value>0x3cbb</value>
         <object_component_ref idref="oc-e4"/>
      </symbol>
      <symbol id="sm-ba2">
         <name>EMACConfigSet</name>
         <value>0x467d</value>
         <object_component_ref idref="oc-1f9"/>
      </symbol>
      <symbol id="sm-ba3">
         <name>EMACTxEnable</name>
         <value>0x4c85</value>
         <object_component_ref idref="oc-551"/>
      </symbol>
      <symbol id="sm-ba4">
         <name>EMACRxDMADescriptorListSet</name>
         <value>0x4ddd</value>
         <object_component_ref idref="oc-5e9"/>
      </symbol>
      <symbol id="sm-ba5">
         <name>EMACPHYConfigSet</name>
         <value>0x3e89</value>
         <object_component_ref idref="oc-30a"/>
      </symbol>
      <symbol id="sm-ba6">
         <name>EMACPHYRead</name>
         <value>0x49a5</value>
         <object_component_ref idref="oc-1e1"/>
      </symbol>
      <symbol id="sm-ba7">
         <name>EMACTimestampIntStatus</name>
         <value>0x4de3</value>
         <object_component_ref idref="oc-a4"/>
      </symbol>
      <symbol id="sm-ba8">
         <name>EMACRxEnable</name>
         <value>0x4c6f</value>
         <object_component_ref idref="oc-557"/>
      </symbol>
      <symbol id="sm-ba9">
         <name>EMACIntClear</name>
         <value>0x4791</value>
         <object_component_ref idref="oc-54b"/>
      </symbol>
      <symbol id="sm-baa">
         <name>EMACConfigGet</name>
         <value>0x475d</value>
         <object_component_ref idref="oc-1f3"/>
      </symbol>
      <symbol id="sm-bab">
         <name>EMACInit</name>
         <value>0x352d</value>
         <object_component_ref idref="oc-310"/>
      </symbol>
      <symbol id="sm-bac">
         <name>EMACIntEnable</name>
         <value>0x4643</value>
         <object_component_ref idref="oc-55d"/>
      </symbol>
      <symbol id="sm-bad">
         <name>EMACPHYWrite</name>
         <value>0x49cb</value>
         <object_component_ref idref="oc-539"/>
      </symbol>
      <symbol id="sm-bae">
         <name>EMACReset</name>
         <value>0x4c59</value>
         <object_component_ref idref="oc-3c6"/>
      </symbol>
      <symbol id="sm-baf">
         <name>EMACFrameFilterSet</name>
         <value>0x4d25</value>
         <object_component_ref idref="oc-53f"/>
      </symbol>
      <symbol id="sm-bb0">
         <name>EMACTxDMAPollDemand</name>
         <value>0x4dcd</value>
         <object_component_ref idref="oc-597"/>
      </symbol>
      <symbol id="sm-bb1">
         <name>EMACAddrGet</name>
         <value>0x4b8d</value>
         <object_component_ref idref="oc-52d"/>
      </symbol>
      <symbol id="sm-bb2">
         <name>EMACTxDMADescriptorListSet</name>
         <value>0x4de9</value>
         <object_component_ref idref="oc-5ef"/>
      </symbol>
      <symbol id="sm-bb3">
         <name>EMACIntStatus</name>
         <value>0x4923</value>
         <object_component_ref idref="oc-545"/>
      </symbol>
      <symbol id="sm-be3">
         <name>IntEnable</name>
         <value>0x3929</value>
         <object_component_ref idref="oc-563"/>
      </symbol>
      <symbol id="sm-be4">
         <name>IntMasterEnable</name>
         <value>0x4d35</value>
         <object_component_ref idref="oc-569"/>
      </symbol>
      <symbol id="sm-c61">
         <name>SysCtlDelay</name>
         <value>0x4df5</value>
         <object_component_ref idref="oc-3c5"/>
      </symbol>
      <symbol id="sm-c62">
         <name>SysCtlPeripheralReady</name>
         <value>0x46b5</value>
         <object_component_ref idref="oc-3bf"/>
      </symbol>
      <symbol id="sm-c63">
         <name>SysCtlClockFreqSet</name>
         <value>0x13e5</value>
         <object_component_ref idref="oc-1b0"/>
      </symbol>
      <symbol id="sm-c64">
         <name>SysCtlPeripheralReset</name>
         <value>0x40e1</value>
         <object_component_ref idref="oc-3b9"/>
      </symbol>
      <symbol id="sm-c6e">
         <name>CPUcpsie</name>
         <value>0x4d83</value>
         <object_component_ref idref="oc-604"/>
      </symbol>
      <symbol id="sm-c6f">
         <name>__TI_static_base__</name>
         <value>0x0</value>
      </symbol>
      <symbol id="sm-c72">
         <name>SHT$$INIT_ARRAY$$Limit</name>
         <value>0x0</value>
      </symbol>
      <symbol id="sm-c73">
         <name>SHT$$INIT_ARRAY$$Base</name>
         <value>0x0</value>
      </symbol>
   </symbol_table>
   <title>Link successful</title>
</link_info>
